
Memory Configuration

Name             Origin             Length             Attributes
*default*        0x0000000000000000 0xffffffffffffffff

Linker script and memory map

                0x0000000000000600                phys = 0x600

.text           0x0000000000000600     0x931d
                0x0000000000000600                code = .
 *(.text)
 .text          0x0000000000000600      0x696 builds/obj/kernel.o
                0x0000000000000600                main
 .text          0x0000000000000c96      0xb6e builds/obj/api/lists.o
                0x0000000000000c96                LMBitfieldInit
                0x0000000000000ce0                LMBitfieldScanClear
                0x0000000000000d45                LMBitfieldScanSet
                0x0000000000000da8                LMBitfieldSpaceCalc
                0x0000000000000dc5                LMBitfieldValidate
                0x0000000000000de4                LMBitfieldValidateElement
                0x0000000000000e02                LMBitClear
                0x0000000000000e77                LMBitClearRange
                0x0000000000000f6a                LMBitFlip
                0x0000000000000fdf                LMBitFlipRange
                0x00000000000010f0                LMBitGet
                0x0000000000001129                LMBitSet
                0x000000000000119e                LMBitSetRange
                0x0000000000001299                LMCountBitsSet
                0x00000000000012d7                LMElementAddressGet
                0x000000000000130d                LMElementCountGet
                0x0000000000001330                LMElementCountSet
                0x0000000000001356                LMElementDelete
                0x000000000000138c                LMElementDuplicate
                0x00000000000013c2                LMElementSizeGet
                0x00000000000013e7                LMElementValidate
                0x0000000000001405                LMItemAddAtSlot
                0x0000000000001441                LMListCompact
                0x0000000000001452                LMListInit
                0x0000000000001497                LMListSearch
                0x00000000000014a8                LMListSpaceCalc
                0x00000000000014c1                LMListValidate
                0x00000000000014e0                LMSlotFindFirstFree
                0x0000000000001503                LMSlotFreeTest
 .text          0x0000000000001804      0x106 builds/obj/api/misc.o
                0x0000000000001804                SetSystemAPM
                0x0000000000001824                Fail
                0x000000000000184c                PrintCopyright
                0x0000000000001872                PrintVerison
                0x00000000000018ef                TimerWait
 .text          0x000000000000190a      0xdbc builds/obj/api/strings.o
                0x000000000000190a                ConvertByteToHexString16
                0x000000000000193e                ConvertWordToHexString16
                0x000000000000199f                ConvertNumberBinaryToString
                0x00000000000019d7                ConvertNumberDecimalToString
                0x0000000000001a0f                ConvertNumberHexToString
                0x0000000000001ac3                ConvertNumberHexQuadToString
                0x0000000000001c1f                ConvertNumberOctalToString
                0x0000000000001c57                ConvertStringBinaryToNumber
                0x0000000000001cc2                ConvertStringDecimalToNumber
                0x0000000000001d37                ConvertStringHexToNumber
                0x0000000000001dbb                ConvertStringOctalToNumber
                0x0000000000001e27                StringCaseLower
                0x0000000000001e48                StringCaseUpper
                0x0000000000001e69                StringCharAppend
                0x0000000000001e86                StringCharDelete
                0x0000000000001eac                StringCharGet
                0x0000000000001ee7                StringCharPrepend
                0x0000000000001f0e                StringCharReplace
                0x0000000000001f2f                StringCharReplaceRange
                0x0000000000001f5f                StringFill
                0x0000000000001f79                StringInsert
                0x0000000000001fdc                StringLength
                0x0000000000001ff8                StringPadLeft
                0x000000000000203f                StringPadRight
                0x000000000000207c                StringSearchCharLeft
                0x00000000000020af                StringSearchCharRight
                0x00000000000020e6                StringSearchCharList
                0x000000000000214f                StringTokenBinary
                0x00000000000021f1                StringTokenDecimal
                0x0000000000002293                StringTokenHexadecimal
                0x0000000000002335                StringTokenHexadecimalQuad
                0x00000000000023da                StringTokenOctal
                0x000000000000247c                StringTokenString
                0x00000000000024d5                StringTrimLeft
                0x0000000000002503                StringTrimRight
                0x0000000000002532                StringTruncateLeft
                0x0000000000002565                StringTruncateRight
                0x0000000000002591                StringWordCount
                0x0000000000002616                StringWordGet
 .text          0x00000000000026c6       0xc6 builds/obj/drivers/PS2Keyboard.o
                0x00000000000026c6                PS2KeyboardInit
                0x0000000000002732                PS2KeyboardInputHandler
 .text          0x000000000000278c      0x766 builds/obj/drivers/IDEController.o
                0x000000000000278c                IDEATAPISectorReadPIO
                0x00000000000028c3                IDEATASectorReadLBA28PIO
                0x0000000000002977                IDEATASectorWriteLBA28PIO
                0x0000000000002b33                IDEDriveIdentify
                0x0000000000002c94                IDEInit
                0x0000000000002df7                IDEInterruptHandlerPrimary
                0x0000000000002e07                IDEInterruptHandlerSecondary
                0x0000000000002e17                IDEServiceHandler
                0x0000000000002eb7                IDEWaitForReady
 .text          0x0000000000002ef2     0x1601 builds/obj/drivers/FATFilesystem.o
                0x0000000000002ef2                FAT16CalcLBAClusterToSector
                0x0000000000002f07                FAT16CalcSpaceNeeded
                0x0000000000002f3d                FAT16CalcTableElementFromCluster
                0x0000000000002f58                FAT16ChainDelete
                0x0000000000003008                FAT16ChainGrow
                0x0000000000003140                FAT16ChainLength
                0x00000000000031eb                FAT16ChainRead
                0x00000000000032e1                FAT16ChainResize
                0x000000000000331d                FAT16ChainShrink
                0x0000000000003412                FAT16ChainWrite
                0x00000000000034e4                FAT16ClusterFreeFirstGet
                0x0000000000003592                FAT16ClusterFreeTotalGet
                0x000000000000362f                FAT16ClusterNextGet
                0x000000000000368f                FAT16ClusterNextSet
                0x0000000000003701                FAT16EntryBuild
                0x0000000000003798                FAT16FATBackup
                0x000000000000381a                FAT16FileWrite
                0x0000000000003821                FAT16ItemCount
                0x000000000000387a                FAT16ItemDelete
                0x000000000000394b                FAT16ItemExists
                0x000000000000399b                FAT16ItemInfoAccessedGet
                0x00000000000039fc                FAT16ItemInfoCreatedGet
                0x0000000000003a80                FAT16ItemInfoModifiedGet
                0x0000000000003afb                FAT16ItemInfoSizeGet
                0x0000000000003b50                FAT16ItemLoad
                0x0000000000003c4b                FAT16ItemMatch
                0x0000000000003cb1                FAT16ItemNew
                0x0000000000003ec5                FAT16ItemStore
                0x0000000000003fe0                FAT16PartitionCacheData
                0x00000000000040b9                FAT16PartitionInfo
                0x00000000000040e6                FAT16PathCanonicalize
                0x0000000000004103                FAT16ServiceHandler
                0x00000000000042c5                FAT32ServiceHandler
                0x00000000000042fa                FATDecodeDate
                0x000000000000433d                FATDecodeTime
                0x000000000000437c                FATEncodeDate
                0x00000000000043fa                FATEncodeFilename
                0x000000000000447f                FATEncodeTime
 .text          0x00000000000044f3      0x39d builds/obj/drivers/PS2Mouse.o
                0x00000000000044f3                PS2MouseInit
                0x0000000000004713                PS2MouseInputHandler
 .text          0x0000000000004890      0x6a9 builds/obj/io/PS2Controller.o
                0x0000000000004890                PS2BufferClear
                0x00000000000048ba                PS2ControllerCommand
                0x00000000000048d2                PS2ControllerInit
                0x0000000000004a51                PS2ControllerPortTest
                0x0000000000004a7e                PS2ControllerRead
                0x0000000000004a8b                PS2ControllerReadWait
                0x0000000000004ab9                PS2ControllerWrite
                0x0000000000004ad1                PS2ControllerWriteWait
                0x0000000000004aff                PS2DeviceAnnounce
                0x0000000000004b70                PS2DeviceIdentify
                0x0000000000004bcc                PS2DeviceWrite
                0x0000000000004c0e                PS2InputHandlerDispatch
                0x0000000000004c78                PS2NewConnect
                0x0000000000004d1c                PS2Port1InterruptHandler
                0x0000000000004d78                PS2Port2InterruptHandler
                0x0000000000004dd4                PS2PortInitDevice
                0x0000000000004e4d                PS2PortsDisable
                0x0000000000004e6c                PS2PortsEnable
                0x0000000000004e8e                PS2TestPorts
 .text          0x0000000000004f39        0x7 builds/obj/io/events.o
 .text          0x0000000000004f40      0x5f3 builds/obj/io/serial.o
 .text          0x0000000000005533      0x6f9 builds/obj/io/storage.o
                0x0000000000005533                SMDiskRead
                0x0000000000005568                SMItemCount
                0x00000000000055b9                SMItemDelete
                0x0000000000005609                SMItemExists
                0x0000000000005659                SMItemInfoAccessedGet
                0x00000000000056a9                SMItemInfoCreatedGet
                0x00000000000056f9                SMItemInfoModifiedGet
                0x0000000000005749                SMItemInfoSizeGet
                0x0000000000005799                SMItemLoad
                0x00000000000057e9                SMItemNew
                0x000000000000583a                SMItemStore
                0x000000000000588c                SMPartitionEnumerate
                0x00000000000059e9                SMPartitionMap
                0x0000000000005a44                SMPartitionRead
                0x0000000000005a98                SMPartitionWrite
                0x0000000000005aec                SMPartitionInfo
                0x0000000000005b3b                SMPathParentGet
                0x0000000000005b58                SMPathPartitionGet
                0x0000000000005bf6                SMPathPartitionStripDrive
                0x0000000000005c23                SMPathValidate
 .text          0x0000000000005c2c        0x7 builds/obj/system/exec.o
 .text          0x0000000000005c33       0x72 builds/obj/system/hardware.o
                0x0000000000005c33                KeyGet
                0x0000000000005c6b                KeyWait
                0x0000000000005c7b                PITInit
                0x0000000000005c90                Reboot
 .text          0x0000000000005ca5       0xe8 builds/obj/system/PIC.o
                0x0000000000005ca5                PICInit
                0x0000000000005cfc                PICIntCompleteMaster
                0x0000000000005d08                PICIntCompleteSlave
                0x0000000000005d19                PICIRQDisable
                0x0000000000005d42                PICIRQDisableAll
                0x0000000000005d51                PICIRQEnable
                0x0000000000005d7a                PICIRQEnableAll
 .text          0x0000000000005d8d      0xd1b builds/obj/system/interrupts.o
                0x0000000000005d8d                CriticalError
                0x000000000000606d                IDTInit
                0x00000000000060b5                InterruptHandlerGetAddress
                0x00000000000060e4                InterruptHandlerGetFlags
                0x0000000000006109                InterruptHandlerGetSelector
                0x000000000000612f                InterruptHandlerSet
                0x0000000000006173                InterruptUnimplemented
                0x000000000000618b                ISRInitAll
                0x0000000000006522                ISR00
                0x0000000000006532                ISR01
                0x0000000000006544                ISR02
                0x000000000000655a                ISR03
                0x000000000000656c                ISR04
                0x0000000000006582                ISR05
                0x0000000000006598                ISR06
                0x00000000000065ae                ISR07
                0x00000000000065c4                ISR08
                0x00000000000065db                ISR09
                0x00000000000065f1                ISR0A
                0x0000000000006608                ISR0B
                0x000000000000661f                ISR0C
                0x0000000000006636                ISR0D
                0x0000000000006650                ISR0E
                0x0000000000006667                ISR0F
                0x000000000000667d                ISR10
                0x0000000000006693                ISR11
                0x00000000000066aa                ISR12
                0x00000000000066c0                ISR13
                0x00000000000066d6                ISR14
                0x00000000000066ec                ISR15
                0x0000000000006702                ISR16
                0x0000000000006718                ISR17
                0x000000000000672e                ISR18
                0x0000000000006744                ISR19
                0x000000000000675a                ISR1A
                0x0000000000006770                ISR1B
                0x0000000000006786                ISR1C
                0x000000000000679c                ISR1D
                0x00000000000067b2                ISR1E
                0x00000000000067c9                ISR1F
                0x00000000000067df                ISR20
                0x00000000000067f2                ISR21
                0x000000000000682e                ISR22
                0x000000000000686a                ISR23
                0x00000000000068a6                ISR24
                0x00000000000068ac                ISR25
                0x00000000000068e8                ISR26
                0x00000000000068ee                ISR27
                0x00000000000068f4                ISR28
                0x0000000000006904                ISR29
                0x0000000000006940                ISR2A
                0x000000000000697c                ISR2B
                0x00000000000069b8                ISR2C
                0x00000000000069f4                ISR2D
                0x0000000000006a30                ISR2E
                0x0000000000006a6c                ISR2F
 .text          0x0000000000006aa8      0x4d8 builds/obj/system/PCI.o
                0x0000000000006aa8                PCIProbe
                0x0000000000006ac6                PCICalculateNext
                0x0000000000006b05                PCIDeviceInitAll
                0x0000000000006c72                PCIFunctionCheck
                0x0000000000006c9b                PCIFunctionCountGet
                0x0000000000006d01                PCIFunctionNextGet
                0x0000000000006d4f                PCIHandlerCommand
                0x0000000000006db3                PCIHandlerGet
                0x0000000000006dd7                PCIHandlerSet
                0x0000000000006dfe                PCIInfoClassGet
                0x0000000000006e1a                PCIInfoDeviceGet
                0x0000000000006e36                PCIInfoProgIfGet
                0x0000000000006e57                PCIInfoRevisionGet
                0x0000000000006e75                PCIInfoSubclassGet
                0x0000000000006e96                PCIInfoVendorGet
                0x0000000000006eb4                PCIRegisterRead
                0x0000000000006f00                PCIRegisterReadAll
                0x0000000000006f31                PCIRegisterWrite
 .text          0x0000000000006f80       0x33 builds/obj/system/CMOS.o
 .text          0x0000000000006fb3       0x32 builds/obj/system/power.o
 .text          0x0000000000006fe5        0x0 builds/obj/system/globals.o
 .text          0x0000000000006fe5      0x813 builds/obj/system/memory.o
                0x0000000000006fe5                A20Check
                0x0000000000007040                A20Enable
                0x0000000000007065                A20EnableBIOS
                0x000000000000706b                A20EnableFastA20
                0x0000000000007075                A20EnableKeyboardController
                0x00000000000070c0                A20EnablePortEE
                0x00000000000070c6                MemMapCopy
                0x0000000000007127                MemAddressAlign
                0x0000000000007149                MemAllocate
                0x00000000000071ac                MemAllocatePages
                0x00000000000071e5                MemCompare
                0x000000000000720a                MemCopy
                0x00000000000072c2                MemDispose
                0x00000000000072f9                MemFill
                0x000000000000732f                MemInit
                0x000000000000762b                MemMapPrint
                0x00000000000076da                MemPagesNeeded
                0x00000000000076f8                MemSearchWord
                0x000000000000771e                MemSearchDWord
                0x0000000000007742                MemSearchString
                0x000000000000779a                MemStats
                0x00000000000077bf                MemSwapWordBytes
                0x00000000000077dd                MemSwapDwordWords
 .text          0x00000000000077f8      0x2c9 builds/obj/system/numbers.o
                0x00000000000077f8                BCDToDecimal
                0x0000000000007841                PopulationCount
                0x00000000000078c0                PopulationCountRange
                0x00000000000079ba                RangeCheck
                0x00000000000079d4                QuadAdd
                0x00000000000079fd                QuadShiftLeft
                0x0000000000007a46                QuadShiftRight
                0x0000000000007a8d                Random
 .text          0x0000000000007ac1       0x32 builds/obj/system/NKAPM.o
 .text          0x0000000000007af3     0x1205 builds/obj/system/debug.o
                0x0000000000007af3                DebugCPUFeaturesEnable
                0x0000000000007b0b                DebugTraceDisable
                0x0000000000007b1b                DebugTraceEnable
                0x0000000000007b2b                Debugger
                0x0000000000007e3e                DebugInstacrash
                0x0000000000007e4a                DebugMemoryDetails
                0x0000000000007e92                DebugMenu
                0x0000000000008003                DebugPCIDevices
                0x00000000000083b6                DebugRAMBrowser
                0x0000000000008567                DebugStackTrace
                0x00000000000085bc                DebugSystemInfo
                0x000000000000890b                DebugTaskBrowser
                0x0000000000008c1c                DebugVBoxLogRegs
                0x0000000000008cbc                DebugVBoxLogWrite
                0x0000000000008ce8                DebugWaitForEscape
 .text          0x0000000000008cf8      0x2b5 builds/obj/system/tasks.o
                0x0000000000008cf8                TaskInit
                0x0000000000008d4a                TaskKill
                0x0000000000008db8                TaskNameSet
                0x0000000000008e05                TaskNew
                0x0000000000008edb                TaskSwitch
 .text          0x0000000000008fad      0x106 builds/obj/system/CPU.o
                0x0000000000008fad                CPUInit
                0x0000000000008fe3                CPUProbe
 .text          0x00000000000090b3      0x175 builds/obj/system/RTC.o
                0x00000000000090b3                RTCAdjustBCD
                0x0000000000009125                RTCInit
                0x0000000000009173                RTCInterruptHandler
 .text          0x0000000000009228      0x133 builds/obj/system/paging.o
                0x0000000000009228                PagingInit
                0x000000000000922f                PagingMap
                0x0000000000009277                PagingDirNew
 .text          0x000000000000935b      0x123 builds/obj/system/GDT.o
 .text          0x000000000000947e      0x49f builds/obj/video/screen.o
                0x000000000000947e                Print16
                0x000000000000950f                PrintIfConfigBits16
                0x0000000000009527                PrintRegs16
                0x0000000000009595                ScreenClear16
                0x00000000000095c6                ScreenScroll16
                0x0000000000009615                CursorHome
                0x000000000000962a                Print32
                0x00000000000096ea                PrintIfConfigBits32
                0x0000000000009725                PrintRAM32
                0x00000000000097ee                PrintRegs32
                0x00000000000098c4                ScreenClear32
                0x00000000000098f4                ScreenScroll32
 *(.rodata)

.data           0x0000000000009920     0x1886
                0x0000000000009920                data = .
 *(.data)
 .data          0x0000000000009920      0x473 builds/obj/kernel.o
                0x0000000000009d2b                tss.back_link
                0x0000000000009d2f                tss.esp0
                0x0000000000009d33                tss.ss0
                0x0000000000009d37                tss.esp1
                0x0000000000009d3b                tss.ss1
                0x0000000000009d3f                tss.esp2
                0x0000000000009d43                tss.ss2
                0x0000000000009d47                tss.cr3
                0x0000000000009d4b                tss.eip
                0x0000000000009d4f                tss.eflags
                0x0000000000009d53                tss.eax
                0x0000000000009d57                tss.ecx
                0x0000000000009d5b                tss.edx
                0x0000000000009d5f                tss.ebx
                0x0000000000009d63                tss.esp
                0x0000000000009d67                tss.ebp
                0x0000000000009d6b                tss.esi
                0x0000000000009d6f                tss.edi
                0x0000000000009d73                tss.es
                0x0000000000009d77                tss.cs
                0x0000000000009d7b                tss.ss
                0x0000000000009d7f                tss.ds
                0x0000000000009d83                tss.fs
                0x0000000000009d87                tss.gs
                0x0000000000009d8b                tss.ldt
                0x0000000000009d8f                tss.trap
                0x0000000000009d91                tss.iomap_base
                0x0000000000009d93                tss.end
 .data          0x0000000000009d93       0x15 builds/obj/api/misc.o
 .data          0x0000000000009da8       0x10 builds/obj/api/strings.o
 .data          0x0000000000009db8        0x1 builds/obj/drivers/PS2Keyboard.o
 .data          0x0000000000009db9       0x32 builds/obj/drivers/IDEController.o
 .data          0x0000000000009deb        0xc builds/obj/drivers/FATFilesystem.o
 .data          0x0000000000009df7      0x26b builds/obj/io/PS2Controller.o
 .data          0x000000000000a062        0x2 builds/obj/io/storage.o
 .data          0x000000000000a064        0x2 builds/obj/system/hardware.o
                0x000000000000a064                kKeyBufferWrite
                0x000000000000a065                kKeyBufferRead
 .data          0x000000000000a066      0x4da builds/obj/system/interrupts.o
                0x000000000000a066                kIDTPtr
 .data          0x000000000000a540       0x4b builds/obj/system/PCI.o
 .data          0x000000000000a58b       0xba builds/obj/system/globals.o
                0x000000000000a58b                tSystem.configBitsHint$
                0x000000000000a595                tSystem.configBits
                0x000000000000a599                tSystem.copyright$
                0x000000000000a5bd                tSystem.versionMajor
                0x000000000000a5be                tSystem.versionMinor
                0x000000000000a5bf                tSystem.versionBuild
                0x000000000000a5c3                tSystem.ticksSinceBoot
                0x000000000000a5c7                tSystem.currentTask
                0x000000000000a5cb                tSystem.currentTaskSlotAddress
                0x000000000000a5cf                tSystem.taskingEnable
                0x000000000000a5d0                tSystem.taskStackSize
                0x000000000000a5d4                tSystem.taskKernelStackSize
                0x000000000000a5d8                tSystem.APMVersionMajor
                0x000000000000a5d9                tSystem.APMVersionMinor
                0x000000000000a5da                tSystem.APMFeatures
                0x000000000000a5dc                tSystem.CPUIDVendor$
                0x000000000000a5ec                tSystem.CPUIDBrand$
                0x000000000000a62c                tSystem.mouseButtonCount
                0x000000000000a62d                tSystem.mouseButtons
                0x000000000000a62e                tSystem.mousePacketByte0
                0x000000000000a62f                tSystem.mousePacketByte1
                0x000000000000a630                tSystem.mousePacketByte2
                0x000000000000a631                tSystem.mousePacketByte3
                0x000000000000a632                tSystem.mousePacketByteSize
                0x000000000000a633                tSystem.mousePacketByteCount
                0x000000000000a634                tSystem.mouseWheelPresent
                0x000000000000a635                tSystem.mouseX
                0x000000000000a637                tSystem.mouseXLimit
                0x000000000000a639                tSystem.mouseY
                0x000000000000a63b                tSystem.mouseYLimit
                0x000000000000a63d                tSystem.mouseZ
                0x000000000000a63f                tSystem.multicoreAvailable
                0x000000000000a640                tSystem.PS2Config
                0x000000000000a641                tSystem.PS2Port1DeviceID
                0x000000000000a643                tSystem.PS2Port2DeviceID
 .data          0x000000000000a645      0x162 builds/obj/system/memory.o
 .data          0x000000000000a7a7        0x4 builds/obj/system/numbers.o
 .data          0x000000000000a7ab        0x2 builds/obj/system/NKAPM.o
 .data          0x000000000000a7ad      0x899 builds/obj/system/debug.o
 .data          0x000000000000b046       0x5b builds/obj/system/RTC.o
 .data          0x000000000000b0a1      0x105 builds/obj/video/screen.o
                0x000000000000b0a1                gCursorX
                0x000000000000b0a2                gCursorY
                0x000000000000b0a3                gTextColor
                0x000000000000b0a4                gBackColor
                0x000000000000b0a5                kMaxLines
                0x000000000000b0a6                kBytesPerScreen

.bss            0x000000000000b1a8      0x52e
                0x000000000000b1a8                bss = .
 *(.bss)
 .bss           0x000000000000b1a8       0xb6 builds/obj/kernel.o
 .bss           0x000000000000b25e       0x50 builds/obj/api/misc.o
 .bss           0x000000000000b2ae        0x4 builds/obj/system/hardware.o
                0x000000000000b2ae                kKeyBufferAddress
 .bss           0x000000000000b2b2       0x50 builds/obj/system/interrupts.o
 .bss           0x000000000000b302       0x50 builds/obj/system/PCI.o
 .bss           0x000000000000b352       0xa3 builds/obj/system/globals.o
                0x000000000000b352                tSystem.CPUFeatures
                0x000000000000b392                tSystem.CPUIDLargestBasicQuery
                0x000000000000b396                tSystem.CPUIDLargestExtendedQuery
                0x000000000000b39a                tSystem.memoryBIOSMapEntryCount
                0x000000000000b39e                tSystem.memoryBIOSMapKiBInstalled
                0x000000000000b3a2                tSystem.memoryBIOSMapKiBUsable
                0x000000000000b3a6                tSystem.memoryBIOSMapPtr
                0x000000000000b3aa                tSystem.memoryBIOSMapSize
                0x000000000000b3ae                tSystem.memoryBitfieldAllocatedPtr
                0x000000000000b3b2                tSystem.memoryBitfieldReservedPtr
                0x000000000000b3b6                tSystem.memoryBitfieldSize
                0x000000000000b3ba                tSystem.memoryBitsInitial
                0x000000000000b3be                tSystem.memoryManagementSpace
                0x000000000000b3c2                tSystem.listPtrDrives
                0x000000000000b3c6                tSystem.listPtrDriveLetters
                0x000000000000b3ca                tSystem.listPtrFSHandlers
                0x000000000000b3ce                tSystem.listPtrPartitions
                0x000000000000b3d2                tSystem.listPtrPCIHandlers
                0x000000000000b3d6                tSystem.listPtrPS2Handlers
                0x000000000000b3da                tSystem.listPtrTasks
                0x000000000000b3de                tSystem.PCIDeviceCount
                0x000000000000b3e2                tSystem.PCIVersion
                0x000000000000b3e6                tSystem.PCICapabilities
                0x000000000000b3ea                tSystem.RTCUpdateHandlerAddress
                0x000000000000b3ee                tSystem.RTCStatusRegisterB
                0x000000000000b3ef                tSystem.RTCHours
                0x000000000000b3f0                tSystem.RTCMinutes
                0x000000000000b3f1                tSystem.RTCSeconds
                0x000000000000b3f2                tSystem.RTCYear
                0x000000000000b3f3                tSystem.RTCMonth
                0x000000000000b3f4                tSystem.RTCDay
 .bss           0x000000000000b3f5       0x50 builds/obj/system/memory.o
 .bss           0x000000000000b445      0x230 builds/obj/system/debug.o
 .bss           0x000000000000b675       0x61 builds/obj/video/screen.o
                0x000000000000b6d6                end = .
LOAD builds/obj/kernel.o
LOAD builds/obj/api/lists.o
LOAD builds/obj/api/misc.o
LOAD builds/obj/api/strings.o
LOAD builds/obj/drivers/PS2Keyboard.o
LOAD builds/obj/drivers/IDEController.o
LOAD builds/obj/drivers/FATFilesystem.o
LOAD builds/obj/drivers/PS2Mouse.o
LOAD builds/obj/io/PS2Controller.o
LOAD builds/obj/io/events.o
LOAD builds/obj/io/serial.o
LOAD builds/obj/io/storage.o
LOAD builds/obj/system/exec.o
LOAD builds/obj/system/hardware.o
LOAD builds/obj/system/PIC.o
LOAD builds/obj/system/interrupts.o
LOAD builds/obj/system/PCI.o
LOAD builds/obj/system/CMOS.o
LOAD builds/obj/system/power.o
LOAD builds/obj/system/globals.o
LOAD builds/obj/system/memory.o
LOAD builds/obj/system/numbers.o
LOAD builds/obj/system/NKAPM.o
LOAD builds/obj/system/debug.o
LOAD builds/obj/system/tasks.o
LOAD builds/obj/system/CPU.o
LOAD builds/obj/system/RTC.o
LOAD builds/obj/system/paging.o
LOAD builds/obj/system/GDT.o
LOAD builds/obj/video/screen.o
OUTPUT(builds/KERNEL.SYS binary)

Cross Reference Table

Symbol                                            File
A20Check                                          builds/obj/system/memory.o
                                                  builds/obj/video/screen.o
                                                  builds/obj/system/paging.o
                                                  builds/obj/system/CPU.o
                                                  builds/obj/system/tasks.o
                                                  builds/obj/system/debug.o
                                                  builds/obj/system/PCI.o
                                                  builds/obj/system/interrupts.o
                                                  builds/obj/io/storage.o
                                                  builds/obj/io/events.o
                                                  builds/obj/io/PS2Controller.o
                                                  builds/obj/drivers/PS2Mouse.o
                                                  builds/obj/drivers/FATFilesystem.o
                                                  builds/obj/drivers/IDEController.o
                                                  builds/obj/drivers/PS2Keyboard.o
                                                  builds/obj/api/strings.o
                                                  builds/obj/api/misc.o
                                                  builds/obj/api/lists.o
                                                  builds/obj/kernel.o
A20Enable                                         builds/obj/system/memory.o
                                                  builds/obj/video/screen.o
                                                  builds/obj/system/paging.o
                                                  builds/obj/system/CPU.o
                                                  builds/obj/system/tasks.o
                                                  builds/obj/system/debug.o
                                                  builds/obj/system/PCI.o
                                                  builds/obj/system/interrupts.o
                                                  builds/obj/io/storage.o
                                                  builds/obj/io/events.o
                                                  builds/obj/io/PS2Controller.o
                                                  builds/obj/drivers/PS2Mouse.o
                                                  builds/obj/drivers/FATFilesystem.o
                                                  builds/obj/drivers/IDEController.o
                                                  builds/obj/drivers/PS2Keyboard.o
                                                  builds/obj/api/strings.o
                                                  builds/obj/api/misc.o
                                                  builds/obj/api/lists.o
                                                  builds/obj/kernel.o
A20EnableBIOS                                     builds/obj/system/memory.o
                                                  builds/obj/video/screen.o
                                                  builds/obj/system/paging.o
                                                  builds/obj/system/CPU.o
                                                  builds/obj/system/tasks.o
                                                  builds/obj/system/debug.o
                                                  builds/obj/system/PCI.o
                                                  builds/obj/system/interrupts.o
                                                  builds/obj/io/storage.o
                                                  builds/obj/io/events.o
                                                  builds/obj/io/PS2Controller.o
                                                  builds/obj/drivers/PS2Mouse.o
                                                  builds/obj/drivers/FATFilesystem.o
                                                  builds/obj/drivers/IDEController.o
                                                  builds/obj/drivers/PS2Keyboard.o
                                                  builds/obj/api/strings.o
                                                  builds/obj/api/misc.o
                                                  builds/obj/api/lists.o
                                                  builds/obj/kernel.o
A20EnableFastA20                                  builds/obj/system/memory.o
                                                  builds/obj/video/screen.o
                                                  builds/obj/system/paging.o
                                                  builds/obj/system/CPU.o
                                                  builds/obj/system/tasks.o
                                                  builds/obj/system/debug.o
                                                  builds/obj/system/PCI.o
                                                  builds/obj/system/interrupts.o
                                                  builds/obj/io/storage.o
                                                  builds/obj/io/events.o
                                                  builds/obj/io/PS2Controller.o
                                                  builds/obj/drivers/PS2Mouse.o
                                                  builds/obj/drivers/FATFilesystem.o
                                                  builds/obj/drivers/IDEController.o
                                                  builds/obj/drivers/PS2Keyboard.o
                                                  builds/obj/api/strings.o
                                                  builds/obj/api/misc.o
                                                  builds/obj/api/lists.o
                                                  builds/obj/kernel.o
A20EnableKeyboardController                       builds/obj/system/memory.o
                                                  builds/obj/video/screen.o
                                                  builds/obj/system/paging.o
                                                  builds/obj/system/CPU.o
                                                  builds/obj/system/tasks.o
                                                  builds/obj/system/debug.o
                                                  builds/obj/system/PCI.o
                                                  builds/obj/system/interrupts.o
                                                  builds/obj/io/storage.o
                                                  builds/obj/io/events.o
                                                  builds/obj/io/PS2Controller.o
                                                  builds/obj/drivers/PS2Mouse.o
                                                  builds/obj/drivers/FATFilesystem.o
                                                  builds/obj/drivers/IDEController.o
                                                  builds/obj/drivers/PS2Keyboard.o
                                                  builds/obj/api/strings.o
                                                  builds/obj/api/misc.o
                                                  builds/obj/api/lists.o
                                                  builds/obj/kernel.o
A20EnablePortEE                                   builds/obj/system/memory.o
                                                  builds/obj/video/screen.o
                                                  builds/obj/system/paging.o
                                                  builds/obj/system/CPU.o
                                                  builds/obj/system/tasks.o
                                                  builds/obj/system/debug.o
                                                  builds/obj/system/PCI.o
                                                  builds/obj/system/interrupts.o
                                                  builds/obj/io/storage.o
                                                  builds/obj/io/events.o
                                                  builds/obj/io/PS2Controller.o
                                                  builds/obj/drivers/PS2Mouse.o
                                                  builds/obj/drivers/FATFilesystem.o
                                                  builds/obj/drivers/IDEController.o
                                                  builds/obj/drivers/PS2Keyboard.o
                                                  builds/obj/api/strings.o
                                                  builds/obj/api/misc.o
                                                  builds/obj/api/lists.o
                                                  builds/obj/kernel.o
BCDToDecimal                                      builds/obj/system/numbers.o
                                                  builds/obj/system/RTC.o
                                                  builds/obj/system/debug.o
                                                  builds/obj/system/memory.o
                                                  builds/obj/io/storage.o
                                                  builds/obj/drivers/FATFilesystem.o
                                                  builds/obj/api/strings.o
                                                  builds/obj/api/lists.o
                                                  builds/obj/kernel.o
CPUInit                                           builds/obj/system/CPU.o
                                                  builds/obj/system/numbers.o
                                                  builds/obj/system/memory.o
                                                  builds/obj/api/lists.o
                                                  builds/obj/kernel.o
CPUProbe                                          builds/obj/system/CPU.o
                                                  builds/obj/system/numbers.o
                                                  builds/obj/system/memory.o
                                                  builds/obj/api/lists.o
                                                  builds/obj/kernel.o
ConvertByteToHexString16                          builds/obj/api/strings.o
                                                  builds/obj/video/screen.o
                                                  builds/obj/system/tasks.o
                                                  builds/obj/system/debug.o
                                                  builds/obj/system/memory.o
                                                  builds/obj/system/PCI.o
                                                  builds/obj/system/interrupts.o
                                                  builds/obj/io/storage.o
                                                  builds/obj/drivers/FATFilesystem.o
                                                  builds/obj/api/misc.o
                                                  builds/obj/kernel.o
ConvertNumberBinaryToString                       builds/obj/api/strings.o
                                                  builds/obj/video/screen.o
                                                  builds/obj/system/tasks.o
                                                  builds/obj/system/debug.o
                                                  builds/obj/system/memory.o
                                                  builds/obj/system/PCI.o
                                                  builds/obj/system/interrupts.o
                                                  builds/obj/io/storage.o
                                                  builds/obj/drivers/FATFilesystem.o
                                                  builds/obj/api/misc.o
                                                  builds/obj/kernel.o
ConvertNumberDecimalToString                      builds/obj/api/strings.o
                                                  builds/obj/video/screen.o
                                                  builds/obj/system/tasks.o
                                                  builds/obj/system/debug.o
                                                  builds/obj/system/memory.o
                                                  builds/obj/system/PCI.o
                                                  builds/obj/system/interrupts.o
                                                  builds/obj/io/storage.o
                                                  builds/obj/drivers/FATFilesystem.o
                                                  builds/obj/api/misc.o
                                                  builds/obj/kernel.o
ConvertNumberHexQuadToString                      builds/obj/api/strings.o
                                                  builds/obj/video/screen.o
                                                  builds/obj/system/tasks.o
                                                  builds/obj/system/debug.o
                                                  builds/obj/system/memory.o
                                                  builds/obj/system/PCI.o
                                                  builds/obj/system/interrupts.o
                                                  builds/obj/io/storage.o
                                                  builds/obj/drivers/FATFilesystem.o
                                                  builds/obj/api/misc.o
                                                  builds/obj/kernel.o
ConvertNumberHexToString                          builds/obj/api/strings.o
                                                  builds/obj/video/screen.o
                                                  builds/obj/system/tasks.o
                                                  builds/obj/system/debug.o
                                                  builds/obj/system/memory.o
                                                  builds/obj/system/PCI.o
                                                  builds/obj/system/interrupts.o
                                                  builds/obj/io/storage.o
                                                  builds/obj/drivers/FATFilesystem.o
                                                  builds/obj/api/misc.o
                                                  builds/obj/kernel.o
ConvertNumberOctalToString                        builds/obj/api/strings.o
                                                  builds/obj/video/screen.o
                                                  builds/obj/system/tasks.o
                                                  builds/obj/system/debug.o
                                                  builds/obj/system/memory.o
                                                  builds/obj/system/PCI.o
                                                  builds/obj/system/interrupts.o
                                                  builds/obj/io/storage.o
                                                  builds/obj/drivers/FATFilesystem.o
                                                  builds/obj/api/misc.o
                                                  builds/obj/kernel.o
ConvertStringBinaryToNumber                       builds/obj/api/strings.o
                                                  builds/obj/video/screen.o
                                                  builds/obj/system/tasks.o
                                                  builds/obj/system/debug.o
                                                  builds/obj/system/memory.o
                                                  builds/obj/system/PCI.o
                                                  builds/obj/system/interrupts.o
                                                  builds/obj/io/storage.o
                                                  builds/obj/drivers/FATFilesystem.o
                                                  builds/obj/api/misc.o
                                                  builds/obj/kernel.o
ConvertStringDecimalToNumber                      builds/obj/api/strings.o
                                                  builds/obj/video/screen.o
                                                  builds/obj/system/tasks.o
                                                  builds/obj/system/debug.o
                                                  builds/obj/system/memory.o
                                                  builds/obj/system/PCI.o
                                                  builds/obj/system/interrupts.o
                                                  builds/obj/io/storage.o
                                                  builds/obj/drivers/FATFilesystem.o
                                                  builds/obj/api/misc.o
                                                  builds/obj/kernel.o
ConvertStringHexToNumber                          builds/obj/api/strings.o
                                                  builds/obj/video/screen.o
                                                  builds/obj/system/tasks.o
                                                  builds/obj/system/debug.o
                                                  builds/obj/system/memory.o
                                                  builds/obj/system/PCI.o
                                                  builds/obj/system/interrupts.o
                                                  builds/obj/io/storage.o
                                                  builds/obj/drivers/FATFilesystem.o
                                                  builds/obj/api/misc.o
                                                  builds/obj/kernel.o
ConvertStringOctalToNumber                        builds/obj/api/strings.o
                                                  builds/obj/video/screen.o
                                                  builds/obj/system/tasks.o
                                                  builds/obj/system/debug.o
                                                  builds/obj/system/memory.o
                                                  builds/obj/system/PCI.o
                                                  builds/obj/system/interrupts.o
                                                  builds/obj/io/storage.o
                                                  builds/obj/drivers/FATFilesystem.o
                                                  builds/obj/api/misc.o
                                                  builds/obj/kernel.o
ConvertWordToHexString16                          builds/obj/api/strings.o
                                                  builds/obj/video/screen.o
                                                  builds/obj/system/tasks.o
                                                  builds/obj/system/debug.o
                                                  builds/obj/system/memory.o
                                                  builds/obj/system/PCI.o
                                                  builds/obj/system/interrupts.o
                                                  builds/obj/io/storage.o
                                                  builds/obj/drivers/FATFilesystem.o
                                                  builds/obj/api/misc.o
                                                  builds/obj/kernel.o
CriticalError                                     builds/obj/system/interrupts.o
                                                  builds/obj/io/events.o
                                                  builds/obj/io/PS2Controller.o
                                                  builds/obj/drivers/PS2Mouse.o
                                                  builds/obj/drivers/IDEController.o
                                                  builds/obj/drivers/PS2Keyboard.o
                                                  builds/obj/kernel.o
CursorHome                                        builds/obj/video/screen.o
                                                  builds/obj/system/RTC.o
                                                  builds/obj/system/tasks.o
                                                  builds/obj/system/debug.o
                                                  builds/obj/system/memory.o
                                                  builds/obj/system/PCI.o
                                                  builds/obj/system/interrupts.o
                                                  builds/obj/io/events.o
                                                  builds/obj/io/PS2Controller.o
                                                  builds/obj/drivers/PS2Mouse.o
                                                  builds/obj/drivers/IDEController.o
                                                  builds/obj/drivers/PS2Keyboard.o
                                                  builds/obj/api/misc.o
                                                  builds/obj/api/lists.o
                                                  builds/obj/kernel.o
DebugCPUFeaturesEnable                            builds/obj/system/debug.o
                                                  builds/obj/system/tasks.o
                                                  builds/obj/system/interrupts.o
                                                  builds/obj/io/events.o
                                                  builds/obj/io/PS2Controller.o
                                                  builds/obj/kernel.o
DebugInstacrash                                   builds/obj/system/debug.o
                                                  builds/obj/system/tasks.o
                                                  builds/obj/system/interrupts.o
                                                  builds/obj/io/events.o
                                                  builds/obj/io/PS2Controller.o
                                                  builds/obj/kernel.o
DebugMemoryDetails                                builds/obj/system/debug.o
                                                  builds/obj/system/tasks.o
                                                  builds/obj/system/interrupts.o
                                                  builds/obj/io/events.o
                                                  builds/obj/io/PS2Controller.o
                                                  builds/obj/kernel.o
DebugMenu                                         builds/obj/system/debug.o
                                                  builds/obj/system/tasks.o
                                                  builds/obj/system/interrupts.o
                                                  builds/obj/io/events.o
                                                  builds/obj/io/PS2Controller.o
                                                  builds/obj/kernel.o
DebugPCIDevices                                   builds/obj/system/debug.o
                                                  builds/obj/system/tasks.o
                                                  builds/obj/system/interrupts.o
                                                  builds/obj/io/events.o
                                                  builds/obj/io/PS2Controller.o
                                                  builds/obj/kernel.o
DebugRAMBrowser                                   builds/obj/system/debug.o
                                                  builds/obj/system/tasks.o
                                                  builds/obj/system/interrupts.o
                                                  builds/obj/io/events.o
                                                  builds/obj/io/PS2Controller.o
                                                  builds/obj/kernel.o
DebugStackTrace                                   builds/obj/system/debug.o
                                                  builds/obj/system/tasks.o
                                                  builds/obj/system/interrupts.o
                                                  builds/obj/io/events.o
                                                  builds/obj/io/PS2Controller.o
                                                  builds/obj/kernel.o
DebugSystemInfo                                   builds/obj/system/debug.o
                                                  builds/obj/system/tasks.o
                                                  builds/obj/system/interrupts.o
                                                  builds/obj/io/events.o
                                                  builds/obj/io/PS2Controller.o
                                                  builds/obj/kernel.o
DebugTaskBrowser                                  builds/obj/system/debug.o
                                                  builds/obj/system/tasks.o
                                                  builds/obj/system/interrupts.o
                                                  builds/obj/io/events.o
                                                  builds/obj/io/PS2Controller.o
                                                  builds/obj/kernel.o
DebugTraceDisable                                 builds/obj/system/debug.o
                                                  builds/obj/system/tasks.o
                                                  builds/obj/system/interrupts.o
                                                  builds/obj/io/events.o
                                                  builds/obj/io/PS2Controller.o
                                                  builds/obj/kernel.o
DebugTraceEnable                                  builds/obj/system/debug.o
                                                  builds/obj/system/tasks.o
                                                  builds/obj/system/interrupts.o
                                                  builds/obj/io/events.o
                                                  builds/obj/io/PS2Controller.o
                                                  builds/obj/kernel.o
DebugVBoxLogRegs                                  builds/obj/system/debug.o
                                                  builds/obj/system/tasks.o
                                                  builds/obj/system/interrupts.o
                                                  builds/obj/io/events.o
                                                  builds/obj/io/PS2Controller.o
                                                  builds/obj/kernel.o
DebugVBoxLogWrite                                 builds/obj/system/debug.o
                                                  builds/obj/system/tasks.o
                                                  builds/obj/system/interrupts.o
                                                  builds/obj/io/events.o
                                                  builds/obj/io/PS2Controller.o
                                                  builds/obj/kernel.o
DebugWaitForEscape                                builds/obj/system/debug.o
                                                  builds/obj/system/tasks.o
                                                  builds/obj/system/interrupts.o
                                                  builds/obj/io/events.o
                                                  builds/obj/io/PS2Controller.o
                                                  builds/obj/kernel.o
Debugger                                          builds/obj/system/debug.o
                                                  builds/obj/system/tasks.o
                                                  builds/obj/system/interrupts.o
                                                  builds/obj/io/events.o
                                                  builds/obj/io/PS2Controller.o
                                                  builds/obj/kernel.o
FAT16CalcLBAClusterToSector                       builds/obj/drivers/FATFilesystem.o
                                                  builds/obj/kernel.o
FAT16CalcSpaceNeeded                              builds/obj/drivers/FATFilesystem.o
                                                  builds/obj/kernel.o
FAT16CalcTableElementFromCluster                  builds/obj/drivers/FATFilesystem.o
                                                  builds/obj/kernel.o
FAT16ChainDelete                                  builds/obj/drivers/FATFilesystem.o
                                                  builds/obj/kernel.o
FAT16ChainGrow                                    builds/obj/drivers/FATFilesystem.o
                                                  builds/obj/kernel.o
FAT16ChainLength                                  builds/obj/drivers/FATFilesystem.o
                                                  builds/obj/kernel.o
FAT16ChainRead                                    builds/obj/drivers/FATFilesystem.o
                                                  builds/obj/kernel.o
FAT16ChainResize                                  builds/obj/drivers/FATFilesystem.o
                                                  builds/obj/kernel.o
FAT16ChainShrink                                  builds/obj/drivers/FATFilesystem.o
                                                  builds/obj/kernel.o
FAT16ChainWrite                                   builds/obj/drivers/FATFilesystem.o
                                                  builds/obj/kernel.o
FAT16ClusterFreeFirstGet                          builds/obj/drivers/FATFilesystem.o
                                                  builds/obj/kernel.o
FAT16ClusterFreeTotalGet                          builds/obj/drivers/FATFilesystem.o
                                                  builds/obj/kernel.o
FAT16ClusterNextGet                               builds/obj/drivers/FATFilesystem.o
                                                  builds/obj/kernel.o
FAT16ClusterNextSet                               builds/obj/drivers/FATFilesystem.o
                                                  builds/obj/kernel.o
FAT16EntryBuild                                   builds/obj/drivers/FATFilesystem.o
                                                  builds/obj/kernel.o
FAT16FATBackup                                    builds/obj/drivers/FATFilesystem.o
                                                  builds/obj/kernel.o
FAT16FileWrite                                    builds/obj/drivers/FATFilesystem.o
                                                  builds/obj/kernel.o
FAT16ItemCount                                    builds/obj/drivers/FATFilesystem.o
                                                  builds/obj/kernel.o
FAT16ItemDelete                                   builds/obj/drivers/FATFilesystem.o
                                                  builds/obj/kernel.o
FAT16ItemExists                                   builds/obj/drivers/FATFilesystem.o
                                                  builds/obj/kernel.o
FAT16ItemInfoAccessedGet                          builds/obj/drivers/FATFilesystem.o
                                                  builds/obj/kernel.o
FAT16ItemInfoCreatedGet                           builds/obj/drivers/FATFilesystem.o
                                                  builds/obj/kernel.o
FAT16ItemInfoModifiedGet                          builds/obj/drivers/FATFilesystem.o
                                                  builds/obj/kernel.o
FAT16ItemInfoSizeGet                              builds/obj/drivers/FATFilesystem.o
                                                  builds/obj/kernel.o
FAT16ItemLoad                                     builds/obj/drivers/FATFilesystem.o
                                                  builds/obj/kernel.o
FAT16ItemMatch                                    builds/obj/drivers/FATFilesystem.o
                                                  builds/obj/kernel.o
FAT16ItemNew                                      builds/obj/drivers/FATFilesystem.o
                                                  builds/obj/kernel.o
FAT16ItemStore                                    builds/obj/drivers/FATFilesystem.o
                                                  builds/obj/kernel.o
FAT16PartitionCacheData                           builds/obj/drivers/FATFilesystem.o
                                                  builds/obj/kernel.o
FAT16PartitionInfo                                builds/obj/drivers/FATFilesystem.o
                                                  builds/obj/kernel.o
FAT16PathCanonicalize                             builds/obj/drivers/FATFilesystem.o
                                                  builds/obj/kernel.o
FAT16ServiceHandler                               builds/obj/drivers/FATFilesystem.o
                                                  builds/obj/kernel.o
FAT32ServiceHandler                               builds/obj/drivers/FATFilesystem.o
                                                  builds/obj/kernel.o
FATDecodeDate                                     builds/obj/drivers/FATFilesystem.o
                                                  builds/obj/kernel.o
FATDecodeTime                                     builds/obj/drivers/FATFilesystem.o
                                                  builds/obj/kernel.o
FATEncodeDate                                     builds/obj/drivers/FATFilesystem.o
                                                  builds/obj/kernel.o
FATEncodeFilename                                 builds/obj/drivers/FATFilesystem.o
                                                  builds/obj/kernel.o
FATEncodeTime                                     builds/obj/drivers/FATFilesystem.o
                                                  builds/obj/kernel.o
Fail                                              builds/obj/api/misc.o
                                                  builds/obj/system/interrupts.o
                                                  builds/obj/io/events.o
                                                  builds/obj/io/PS2Controller.o
                                                  builds/obj/drivers/PS2Mouse.o
                                                  builds/obj/drivers/PS2Keyboard.o
                                                  builds/obj/kernel.o
IDEATAPISectorReadPIO                             builds/obj/drivers/IDEController.o
                                                  builds/obj/kernel.o
IDEATASectorReadLBA28PIO                          builds/obj/drivers/IDEController.o
                                                  builds/obj/kernel.o
IDEATASectorWriteLBA28PIO                         builds/obj/drivers/IDEController.o
                                                  builds/obj/kernel.o
IDEDetectChannelDevices                           builds/obj/kernel.o
IDEDriveIdentify                                  builds/obj/drivers/IDEController.o
                                                  builds/obj/kernel.o
IDEInit                                           builds/obj/drivers/IDEController.o
                                                  builds/obj/kernel.o
IDEInterruptHandlerPrimary                        builds/obj/drivers/IDEController.o
                                                  builds/obj/kernel.o
IDEInterruptHandlerSecondary                      builds/obj/drivers/IDEController.o
                                                  builds/obj/kernel.o
IDEServiceHandler                                 builds/obj/drivers/IDEController.o
                                                  builds/obj/kernel.o
IDEWaitForReady                                   builds/obj/drivers/IDEController.o
                                                  builds/obj/kernel.o
IDTInit                                           builds/obj/system/interrupts.o
                                                  builds/obj/io/events.o
                                                  builds/obj/io/PS2Controller.o
                                                  builds/obj/drivers/PS2Mouse.o
                                                  builds/obj/drivers/IDEController.o
                                                  builds/obj/drivers/PS2Keyboard.o
                                                  builds/obj/kernel.o
ISR00                                             builds/obj/system/interrupts.o
                                                  builds/obj/io/events.o
                                                  builds/obj/io/PS2Controller.o
                                                  builds/obj/drivers/PS2Mouse.o
                                                  builds/obj/drivers/IDEController.o
                                                  builds/obj/drivers/PS2Keyboard.o
                                                  builds/obj/kernel.o
ISR01                                             builds/obj/system/interrupts.o
                                                  builds/obj/io/events.o
                                                  builds/obj/io/PS2Controller.o
                                                  builds/obj/drivers/PS2Mouse.o
                                                  builds/obj/drivers/IDEController.o
                                                  builds/obj/drivers/PS2Keyboard.o
                                                  builds/obj/kernel.o
ISR02                                             builds/obj/system/interrupts.o
                                                  builds/obj/io/events.o
                                                  builds/obj/io/PS2Controller.o
                                                  builds/obj/drivers/PS2Mouse.o
                                                  builds/obj/drivers/IDEController.o
                                                  builds/obj/drivers/PS2Keyboard.o
                                                  builds/obj/kernel.o
ISR03                                             builds/obj/system/interrupts.o
                                                  builds/obj/io/events.o
                                                  builds/obj/io/PS2Controller.o
                                                  builds/obj/drivers/PS2Mouse.o
                                                  builds/obj/drivers/IDEController.o
                                                  builds/obj/drivers/PS2Keyboard.o
                                                  builds/obj/kernel.o
ISR04                                             builds/obj/system/interrupts.o
                                                  builds/obj/io/events.o
                                                  builds/obj/io/PS2Controller.o
                                                  builds/obj/drivers/PS2Mouse.o
                                                  builds/obj/drivers/IDEController.o
                                                  builds/obj/drivers/PS2Keyboard.o
                                                  builds/obj/kernel.o
ISR05                                             builds/obj/system/interrupts.o
                                                  builds/obj/io/events.o
                                                  builds/obj/io/PS2Controller.o
                                                  builds/obj/drivers/PS2Mouse.o
                                                  builds/obj/drivers/IDEController.o
                                                  builds/obj/drivers/PS2Keyboard.o
                                                  builds/obj/kernel.o
ISR06                                             builds/obj/system/interrupts.o
                                                  builds/obj/io/events.o
                                                  builds/obj/io/PS2Controller.o
                                                  builds/obj/drivers/PS2Mouse.o
                                                  builds/obj/drivers/IDEController.o
                                                  builds/obj/drivers/PS2Keyboard.o
                                                  builds/obj/kernel.o
ISR07                                             builds/obj/system/interrupts.o
                                                  builds/obj/io/events.o
                                                  builds/obj/io/PS2Controller.o
                                                  builds/obj/drivers/PS2Mouse.o
                                                  builds/obj/drivers/IDEController.o
                                                  builds/obj/drivers/PS2Keyboard.o
                                                  builds/obj/kernel.o
ISR08                                             builds/obj/system/interrupts.o
                                                  builds/obj/io/events.o
                                                  builds/obj/io/PS2Controller.o
                                                  builds/obj/drivers/PS2Mouse.o
                                                  builds/obj/drivers/IDEController.o
                                                  builds/obj/drivers/PS2Keyboard.o
                                                  builds/obj/kernel.o
ISR09                                             builds/obj/system/interrupts.o
                                                  builds/obj/io/events.o
                                                  builds/obj/io/PS2Controller.o
                                                  builds/obj/drivers/PS2Mouse.o
                                                  builds/obj/drivers/IDEController.o
                                                  builds/obj/drivers/PS2Keyboard.o
                                                  builds/obj/kernel.o
ISR0A                                             builds/obj/system/interrupts.o
                                                  builds/obj/io/events.o
                                                  builds/obj/io/PS2Controller.o
                                                  builds/obj/drivers/PS2Mouse.o
                                                  builds/obj/drivers/IDEController.o
                                                  builds/obj/drivers/PS2Keyboard.o
                                                  builds/obj/kernel.o
ISR0B                                             builds/obj/system/interrupts.o
                                                  builds/obj/io/events.o
                                                  builds/obj/io/PS2Controller.o
                                                  builds/obj/drivers/PS2Mouse.o
                                                  builds/obj/drivers/IDEController.o
                                                  builds/obj/drivers/PS2Keyboard.o
                                                  builds/obj/kernel.o
ISR0C                                             builds/obj/system/interrupts.o
                                                  builds/obj/io/events.o
                                                  builds/obj/io/PS2Controller.o
                                                  builds/obj/drivers/PS2Mouse.o
                                                  builds/obj/drivers/IDEController.o
                                                  builds/obj/drivers/PS2Keyboard.o
                                                  builds/obj/kernel.o
ISR0D                                             builds/obj/system/interrupts.o
                                                  builds/obj/io/events.o
                                                  builds/obj/io/PS2Controller.o
                                                  builds/obj/drivers/PS2Mouse.o
                                                  builds/obj/drivers/IDEController.o
                                                  builds/obj/drivers/PS2Keyboard.o
                                                  builds/obj/kernel.o
ISR0E                                             builds/obj/system/interrupts.o
                                                  builds/obj/io/events.o
                                                  builds/obj/io/PS2Controller.o
                                                  builds/obj/drivers/PS2Mouse.o
                                                  builds/obj/drivers/IDEController.o
                                                  builds/obj/drivers/PS2Keyboard.o
                                                  builds/obj/kernel.o
ISR0F                                             builds/obj/system/interrupts.o
                                                  builds/obj/io/events.o
                                                  builds/obj/io/PS2Controller.o
                                                  builds/obj/drivers/PS2Mouse.o
                                                  builds/obj/drivers/IDEController.o
                                                  builds/obj/drivers/PS2Keyboard.o
                                                  builds/obj/kernel.o
ISR10                                             builds/obj/system/interrupts.o
                                                  builds/obj/io/events.o
                                                  builds/obj/io/PS2Controller.o
                                                  builds/obj/drivers/PS2Mouse.o
                                                  builds/obj/drivers/IDEController.o
                                                  builds/obj/drivers/PS2Keyboard.o
                                                  builds/obj/kernel.o
ISR11                                             builds/obj/system/interrupts.o
                                                  builds/obj/io/events.o
                                                  builds/obj/io/PS2Controller.o
                                                  builds/obj/drivers/PS2Mouse.o
                                                  builds/obj/drivers/IDEController.o
[...]
                                                  builds/obj/system/CPU.o
                                                  builds/obj/system/tasks.o
                                                  builds/obj/system/debug.o
                                                  builds/obj/system/numbers.o
                                                  builds/obj/system/memory.o
                                                  builds/obj/system/PCI.o
                                                  builds/obj/system/interrupts.o
                                                  builds/obj/io/storage.o
                                                  builds/obj/io/serial.o
                                                  builds/obj/io/events.o
                                                  builds/obj/io/PS2Controller.o
                                                  builds/obj/drivers/PS2Mouse.o
                                                  builds/obj/drivers/FATFilesystem.o
                                                  builds/obj/drivers/IDEController.o
                                                  builds/obj/drivers/PS2Keyboard.o
                                                  builds/obj/api/misc.o
                                                  builds/obj/api/lists.o
                                                  builds/obj/kernel.o
tSystem.mouseZ                                    builds/obj/system/globals.o
                                                  builds/obj/video/screen.o
                                                  builds/obj/system/RTC.o
                                                  builds/obj/system/CPU.o
                                                  builds/obj/system/tasks.o
                                                  builds/obj/system/debug.o
                                                  builds/obj/system/numbers.o
                                                  builds/obj/system/memory.o
                                                  builds/obj/system/PCI.o
                                                  builds/obj/system/interrupts.o
                                                  builds/obj/io/storage.o
                                                  builds/obj/io/serial.o
                                                  builds/obj/io/events.o
                                                  builds/obj/io/PS2Controller.o
                                                  builds/obj/drivers/PS2Mouse.o
                                                  builds/obj/drivers/FATFilesystem.o
                                                  builds/obj/drivers/IDEController.o
                                                  builds/obj/drivers/PS2Keyboard.o
                                                  builds/obj/api/misc.o
                                                  builds/obj/api/lists.o
                                                  builds/obj/kernel.o
tSystem.multicoreAvailable                        builds/obj/system/globals.o
                                                  builds/obj/video/screen.o
                                                  builds/obj/system/RTC.o
                                                  builds/obj/system/CPU.o
                                                  builds/obj/system/tasks.o
                                                  builds/obj/system/debug.o
                                                  builds/obj/system/numbers.o
                                                  builds/obj/system/memory.o
                                                  builds/obj/system/PCI.o
                                                  builds/obj/system/interrupts.o
                                                  builds/obj/io/storage.o
                                                  builds/obj/io/serial.o
                                                  builds/obj/io/events.o
                                                  builds/obj/io/PS2Controller.o
                                                  builds/obj/drivers/PS2Mouse.o
                                                  builds/obj/drivers/FATFilesystem.o
                                                  builds/obj/drivers/IDEController.o
                                                  builds/obj/drivers/PS2Keyboard.o
                                                  builds/obj/api/misc.o
                                                  builds/obj/api/lists.o
                                                  builds/obj/kernel.o
tSystem.taskKernelStackSize                       builds/obj/system/globals.o
                                                  builds/obj/video/screen.o
                                                  builds/obj/system/RTC.o
                                                  builds/obj/system/CPU.o
                                                  builds/obj/system/tasks.o
                                                  builds/obj/system/debug.o
                                                  builds/obj/system/numbers.o
                                                  builds/obj/system/memory.o
                                                  builds/obj/system/PCI.o
                                                  builds/obj/system/interrupts.o
                                                  builds/obj/io/storage.o
                                                  builds/obj/io/serial.o
                                                  builds/obj/io/events.o
                                                  builds/obj/io/PS2Controller.o
                                                  builds/obj/drivers/PS2Mouse.o
                                                  builds/obj/drivers/FATFilesystem.o
                                                  builds/obj/drivers/IDEController.o
                                                  builds/obj/drivers/PS2Keyboard.o
                                                  builds/obj/api/misc.o
                                                  builds/obj/api/lists.o
                                                  builds/obj/kernel.o
tSystem.taskStackSize                             builds/obj/system/globals.o
                                                  builds/obj/video/screen.o
                                                  builds/obj/system/RTC.o
                                                  builds/obj/system/CPU.o
                                                  builds/obj/system/tasks.o
                                                  builds/obj/system/debug.o
                                                  builds/obj/system/numbers.o
                                                  builds/obj/system/memory.o
                                                  builds/obj/system/PCI.o
                                                  builds/obj/system/interrupts.o
                                                  builds/obj/io/storage.o
                                                  builds/obj/io/serial.o
                                                  builds/obj/io/events.o
                                                  builds/obj/io/PS2Controller.o
                                                  builds/obj/drivers/PS2Mouse.o
                                                  builds/obj/drivers/FATFilesystem.o
                                                  builds/obj/drivers/IDEController.o
                                                  builds/obj/drivers/PS2Keyboard.o
                                                  builds/obj/api/misc.o
                                                  builds/obj/api/lists.o
                                                  builds/obj/kernel.o
tSystem.taskingEnable                             builds/obj/system/globals.o
                                                  builds/obj/video/screen.o
                                                  builds/obj/system/RTC.o
                                                  builds/obj/system/CPU.o
                                                  builds/obj/system/tasks.o
                                                  builds/obj/system/debug.o
                                                  builds/obj/system/numbers.o
                                                  builds/obj/system/memory.o
                                                  builds/obj/system/PCI.o
                                                  builds/obj/system/interrupts.o
                                                  builds/obj/io/storage.o
                                                  builds/obj/io/serial.o
                                                  builds/obj/io/events.o
                                                  builds/obj/io/PS2Controller.o
                                                  builds/obj/drivers/PS2Mouse.o
                                                  builds/obj/drivers/FATFilesystem.o
                                                  builds/obj/drivers/IDEController.o
                                                  builds/obj/drivers/PS2Keyboard.o
                                                  builds/obj/api/misc.o
                                                  builds/obj/api/lists.o
                                                  builds/obj/kernel.o
tSystem.ticksSinceBoot                            builds/obj/system/globals.o
                                                  builds/obj/video/screen.o
                                                  builds/obj/system/RTC.o
                                                  builds/obj/system/CPU.o
                                                  builds/obj/system/tasks.o
                                                  builds/obj/system/debug.o
                                                  builds/obj/system/numbers.o
                                                  builds/obj/system/memory.o
                                                  builds/obj/system/PCI.o
                                                  builds/obj/system/interrupts.o
                                                  builds/obj/io/storage.o
                                                  builds/obj/io/serial.o
                                                  builds/obj/io/events.o
                                                  builds/obj/io/PS2Controller.o
                                                  builds/obj/drivers/PS2Mouse.o
                                                  builds/obj/drivers/FATFilesystem.o
                                                  builds/obj/drivers/IDEController.o
                                                  builds/obj/drivers/PS2Keyboard.o
                                                  builds/obj/api/misc.o
                                                  builds/obj/api/lists.o
                                                  builds/obj/kernel.o
tSystem.versionBuild                              builds/obj/system/globals.o
                                                  builds/obj/video/screen.o
                                                  builds/obj/system/RTC.o
                                                  builds/obj/system/CPU.o
                                                  builds/obj/system/tasks.o
                                                  builds/obj/system/debug.o
                                                  builds/obj/system/numbers.o
                                                  builds/obj/system/memory.o
                                                  builds/obj/system/PCI.o
                                                  builds/obj/system/interrupts.o
                                                  builds/obj/io/storage.o
                                                  builds/obj/io/serial.o
                                                  builds/obj/io/events.o
                                                  builds/obj/io/PS2Controller.o
                                                  builds/obj/drivers/PS2Mouse.o
                                                  builds/obj/drivers/FATFilesystem.o
                                                  builds/obj/drivers/IDEController.o
                                                  builds/obj/drivers/PS2Keyboard.o
                                                  builds/obj/api/misc.o
                                                  builds/obj/api/lists.o
                                                  builds/obj/kernel.o
tSystem.versionMajor                              builds/obj/system/globals.o
                                                  builds/obj/video/screen.o
                                                  builds/obj/system/RTC.o
                                                  builds/obj/system/CPU.o
                                                  builds/obj/system/tasks.o
                                                  builds/obj/system/debug.o
                                                  builds/obj/system/numbers.o
                                                  builds/obj/system/memory.o
                                                  builds/obj/system/PCI.o
                                                  builds/obj/system/interrupts.o
                                                  builds/obj/io/storage.o
                                                  builds/obj/io/serial.o
                                                  builds/obj/io/events.o
                                                  builds/obj/io/PS2Controller.o
                                                  builds/obj/drivers/PS2Mouse.o
                                                  builds/obj/drivers/FATFilesystem.o
                                                  builds/obj/drivers/IDEController.o
                                                  builds/obj/drivers/PS2Keyboard.o
                                                  builds/obj/api/misc.o
                                                  builds/obj/api/lists.o
                                                  builds/obj/kernel.o
tSystem.versionMinor                              builds/obj/system/globals.o
                                                  builds/obj/video/screen.o
                                                  builds/obj/system/RTC.o
                                                  builds/obj/system/CPU.o
                                                  builds/obj/system/tasks.o
                                                  builds/obj/system/debug.o
                                                  builds/obj/system/numbers.o
                                                  builds/obj/system/memory.o
                                                  builds/obj/system/PCI.o
                                                  builds/obj/system/interrupts.o
                                                  builds/obj/io/storage.o
                                                  builds/obj/io/serial.o
                                                  builds/obj/io/events.o
                                                  builds/obj/io/PS2Controller.o
                                                  builds/obj/drivers/PS2Mouse.o
                                                  builds/obj/drivers/FATFilesystem.o
                                                  builds/obj/drivers/IDEController.o
                                                  builds/obj/drivers/PS2Keyboard.o
                                                  builds/obj/api/misc.o
                                                  builds/obj/api/lists.o
                                                  builds/obj/kernel.o
tss.back_link                                     builds/obj/kernel.o
                                                  builds/obj/system/tasks.o
tss.cr3                                           builds/obj/kernel.o
                                                  builds/obj/system/tasks.o
tss.cs                                            builds/obj/kernel.o
                                                  builds/obj/system/tasks.o
tss.ds                                            builds/obj/kernel.o
                                                  builds/obj/system/tasks.o
tss.eax                                           builds/obj/kernel.o
                                                  builds/obj/system/tasks.o
tss.ebp                                           builds/obj/kernel.o
                                                  builds/obj/system/tasks.o
tss.ebx                                           builds/obj/kernel.o
                                                  builds/obj/system/tasks.o
tss.ecx                                           builds/obj/kernel.o
                                                  builds/obj/system/tasks.o
tss.edi                                           builds/obj/kernel.o
                                                  builds/obj/system/tasks.o
tss.edx                                           builds/obj/kernel.o
                                                  builds/obj/system/tasks.o
tss.eflags                                        builds/obj/kernel.o
                                                  builds/obj/system/tasks.o
tss.eip                                           builds/obj/kernel.o
                                                  builds/obj/system/tasks.o
tss.end                                           builds/obj/kernel.o
                                                  builds/obj/system/tasks.o
tss.es                                            builds/obj/kernel.o
                                                  builds/obj/system/tasks.o
tss.esi                                           builds/obj/kernel.o
                                                  builds/obj/system/tasks.o
tss.esp                                           builds/obj/kernel.o
                                                  builds/obj/system/tasks.o
tss.esp0                                          builds/obj/kernel.o
                                                  builds/obj/system/tasks.o
tss.esp1                                          builds/obj/kernel.o
                                                  builds/obj/system/tasks.o
tss.esp2                                          builds/obj/kernel.o
                                                  builds/obj/system/tasks.o
tss.fs                                            builds/obj/kernel.o
                                                  builds/obj/system/tasks.o
tss.gs                                            builds/obj/kernel.o
                                                  builds/obj/system/tasks.o
tss.iomap_base                                    builds/obj/kernel.o
                                                  builds/obj/system/tasks.o
tss.ldt                                           builds/obj/kernel.o
                                                  builds/obj/system/tasks.o
tss.ss                                            builds/obj/kernel.o
                                                  builds/obj/system/tasks.o
tss.ss0                                           builds/obj/kernel.o
                                                  builds/obj/system/tasks.o
tss.ss1                                           builds/obj/kernel.o
                                                  builds/obj/system/tasks.o
tss.ss2                                           builds/obj/kernel.o
                                                  builds/obj/system/tasks.o
tss.trap                                          builds/obj/kernel.o
                                                  builds/obj/system/tasks.o
