
Memory Configuration

Name             Origin             Length             Attributes
*default*        0x0000000000000000 0xffffffffffffffff

Linker script and memory map

                0x0000000000000600                phys = 0x600

.text           0x0000000000000600     0x8ae0
                0x0000000000000600                code = .
 *(.text)
 .text          0x0000000000000600      0x6af builds/obj/kernel.o
                0x0000000000000600                main
 .text          0x0000000000000caf      0xad8 builds/obj/api/lists.o
                0x0000000000000caf                LMBitfieldInit
                0x0000000000000cee                LMBitfieldScanClear
                0x0000000000000d53                LMBitfieldScanSet
                0x0000000000000db6                LMBitfieldSpaceCalc
                0x0000000000000dd3                LMBitfieldValidate
                0x0000000000000df2                LMBitfieldValidateElement
                0x0000000000000e10                LMBitClear
                0x0000000000000e67                LMBitClearRange
                0x0000000000000f62                LMBitFlip
                0x0000000000000fb9                LMBitFlipRange
                0x00000000000010bd                LMBitGet
                0x00000000000010f6                LMBitSet
                0x000000000000114d                LMBitSetRange
                0x000000000000124e                LMCountBitsSet
                0x000000000000128c                LMElementAddressGet
                0x00000000000012c2                LMElementCountGet
                0x00000000000012e5                LMElementCountSet
                0x000000000000130b                LMElementDelete
                0x0000000000001341                LMElementDuplicate
                0x0000000000001377                LMElementSizeGet
                0x000000000000139c                LMElementValidate
                0x00000000000013ba                LMItemAddAtSlot
                0x00000000000013f6                LMListCompact
                0x0000000000001407                LMListInit
                0x0000000000001441                LMListSearch
                0x0000000000001452                LMListSpaceCalc
                0x000000000000146b                LMListValidate
                0x000000000000148a                LMSlotFindFirstFree
                0x00000000000014ad                LMSlotFreeTest
                0x00000000000015aa                LM_Internal_ElementAddressGet
                0x00000000000015c0                LM_Internal_ElementCountGet
                0x00000000000015cf                LM_Internal_ElementCountSet
                0x00000000000015e1                LM_Internal_ElementDelete
                0x0000000000001651                LM_Internal_ElementDuplicate
                0x00000000000016c4                LM_Internal_ElementSizeGet
                0x00000000000016d3                LM_Internal_ItemAddAtSlot
                0x0000000000001714                LM_Internal_ListCompact
                0x000000000000171d                LM_Internal_ListSearch
                0x0000000000001726                LM_Internal_SlotFindFirstFree
                0x0000000000001755                LM_Internal_SlotFreeTest
 .text          0x0000000000001787       0x63 builds/obj/api/misc.o
                0x0000000000001787                SetSystemAPM
                0x00000000000017a7                Fail
                0x00000000000017cf                TimerWait
 .text          0x00000000000017ea      0xbbb builds/obj/api/strings.o
                0x00000000000017ea                ConvertByteToHexString16
                0x000000000000181e                ConvertWordToHexString16
                0x000000000000187f                ConvertNumberBinaryToString
                0x00000000000018b7                ConvertNumberDecimalToString
                0x00000000000018ef                ConvertNumberHexToString
                0x00000000000019a3                ConvertNumberOctalToString
                0x00000000000019db                ConvertStringBinaryToNumber
                0x0000000000001a46                ConvertStringDecimalToNumber
                0x0000000000001abb                ConvertStringHexToNumber
                0x0000000000001b3f                ConvertStringOctalToNumber
                0x0000000000001bab                StringCaseLower
                0x0000000000001bcc                StringCaseUpper
                0x0000000000001bed                StringCharAppend
                0x0000000000001c0a                StringCharDelete
                0x0000000000001c30                StringCharGet
                0x0000000000001c6b                StringCharPrepend
                0x0000000000001c92                StringCharReplace
                0x0000000000001cb3                StringCharReplaceRange
                0x0000000000001ce3                StringFill
                0x0000000000001cfd                StringInsert
                0x0000000000001d60                StringLength
                0x0000000000001d7c                StringPadLeft
                0x0000000000001dc3                StringPadRight
                0x0000000000001e00                StringSearchCharLeft
                0x0000000000001e33                StringSearchCharRight
                0x0000000000001e6a                StringSearchCharList
                0x0000000000001ed3                StringTokenBinary
                0x0000000000001f75                StringTokenDecimal
                0x0000000000002017                StringTokenHexadecimal
                0x00000000000020b9                StringTokenOctal
                0x000000000000215b                StringTokenString
                0x00000000000021b4                StringTrimLeft
                0x00000000000021e2                StringTrimRight
                0x0000000000002211                StringTruncateLeft
                0x0000000000002244                StringTruncateRight
                0x0000000000002270                StringWordCount
                0x00000000000022f5                StringWordGet
 .text          0x00000000000023a5      0xabe builds/obj/drivers/PS2Controller.o
                0x00000000000023a5                PS2ControllerCommand
                0x000000000000242a                PS2ControllerInit
                0x000000000000261e                PS2ControllerPortTest
                0x0000000000002648                PS2ControllerWaitDataRead
                0x0000000000002676                PS2ControllerWaitDataWrite
                0x00000000000026a4                PS2DeviceCommand
                0x0000000000002824                PS2DeviceIdentify
                0x000000000000288f                PS2InitKeyboard
                0x00000000000028f7                PS2InitMouse
                0x0000000000002ad2                PS2InputHandlerDispatch
                0x0000000000002b3a                PS2InputHandlerKeyboard
                0x0000000000002b87                PS2InputHandlerMouse
                0x0000000000002cf3                PS2NewConnect
                0x0000000000002d39                PS2Port1InterruptHandler
                0x0000000000002d7c                PS2Port2InterruptHandler
                0x0000000000002dbf                PS2PortInitDevice
                0x0000000000002e48                PS2PortSendTo2
 .text          0x0000000000002e63      0x763 builds/obj/drivers/IDEController.o
                0x0000000000002e63                IDEATAPISectorReadPIO
                0x0000000000002f9a                IDEATASectorReadLBA28PIO
                0x000000000000304e                IDEATASectorWriteLBA28PIO
                0x000000000000320a                IDEDriveIdentify
                0x0000000000003368                IDEInit
                0x00000000000034cb                IDEInterruptHandlerPrimary
                0x00000000000034db                IDEInterruptHandlerSecondary
                0x00000000000034eb                IDEServiceHandler
                0x000000000000358b                IDEWaitForReady
 .text          0x00000000000035c6     0x163a builds/obj/drivers/FATFilesystem.o
                0x00000000000035c6                FAT16CalcLBAClusterToSector
                0x00000000000035db                FAT16CalcSpaceNeeded
                0x0000000000003611                FAT16CalcTableElementFromCluster
                0x000000000000362c                FAT16ChainDelete
                0x00000000000036dc                FAT16ChainGrow
                0x0000000000003814                FAT16ChainLength
                0x00000000000038bf                FAT16ChainRead
                0x00000000000039bd                FAT16ChainResize
                0x00000000000039f9                FAT16ChainShrink
                0x0000000000003af5                FAT16ChainWrite
                0x0000000000003bc7                FAT16ClusterFreeFirstGet
                0x0000000000003c7c                FAT16ClusterFreeTotalGet
                0x0000000000003d20                FAT16ClusterNextGet
                0x0000000000003d87                FAT16ClusterNextSet
                0x0000000000003e00                FAT16EntryBuild
                0x0000000000003e97                FAT16FATBackup
                0x0000000000003f20                FAT16FileWrite
                0x0000000000003f27                FAT16ItemCount
                0x0000000000003f80                FAT16ItemDelete
                0x0000000000004051                FAT16ItemExists
                0x00000000000040a1                FAT16ItemInfoAccessedGet
                0x0000000000004102                FAT16ItemInfoCreatedGet
                0x0000000000004186                FAT16ItemInfoModifiedGet
                0x0000000000004201                FAT16ItemInfoSizeGet
                0x0000000000004256                FAT16ItemLoad
                0x0000000000004351                FAT16ItemMatch
                0x00000000000043b7                FAT16ItemNew
                0x00000000000045cb                FAT16ItemStore
                0x00000000000046e6                FAT16PartitionCacheData
                0x00000000000047c6                FAT16PartitionInfo
                0x00000000000047f3                FAT16PathCanonicalize
                0x0000000000004810                FAT16ServiceHandler
                0x00000000000049d2                FAT32ServiceHandler
                0x0000000000004a07                FATDecodeDate
                0x0000000000004a4a                FATDecodeTime
                0x0000000000004a89                FATEncodeDate
                0x0000000000004b07                FATEncodeFilename
                0x0000000000004b8c                FATEncodeTime
 .text          0x0000000000004c00      0x5f3 builds/obj/io/serial.o
 .text          0x00000000000051f3      0x6f8 builds/obj/io/storage.o
                0x00000000000051f3                SMDiskRead
                0x0000000000005228                SMItemCount
                0x0000000000005279                SMItemDelete
                0x00000000000052c9                SMItemExists
                0x0000000000005319                SMItemInfoAccessedGet
                0x0000000000005369                SMItemInfoCreatedGet
                0x00000000000053b9                SMItemInfoModifiedGet
                0x0000000000005409                SMItemInfoSizeGet
                0x0000000000005459                SMItemLoad
                0x00000000000054a9                SMItemNew
                0x00000000000054fa                SMItemStore
                0x000000000000554c                SMPartitionEnumerate
                0x00000000000056a9                SMPartitionMap
                0x0000000000005704                SMPartitionRead
                0x0000000000005758                SMPartitionWrite
                0x00000000000057ac                SMPartitionInfo
                0x00000000000057fb                SMPathParentGet
                0x0000000000005818                SMPathPartitionGet
                0x00000000000058b5                SMPathPartitionStripDrive
                0x00000000000058e2                SMPathValidate
 .text          0x00000000000058eb        0x7 builds/obj/system/exec.o
 .text          0x00000000000058f2       0x72 builds/obj/system/hardware.o
                0x00000000000058f2                KeyGet
                0x000000000000592a                KeyWait
                0x000000000000593a                PITInit
                0x000000000000594f                Reboot
 .text          0x0000000000005964       0xe0 builds/obj/system/PIC.o
                0x0000000000005964                PICInit
                0x00000000000059bb                PICIntComplete
                0x00000000000059cc                PICIRQDisable
                0x00000000000059f5                PICIRQDisableAll
                0x0000000000005a08                PICIRQEnable
                0x0000000000005a31                PICIRQEnableAll
 .text          0x0000000000005a44      0xbf9 builds/obj/system/interrupts.o
                0x0000000000005a44                CriticalError
                0x0000000000005d24                IDTInit
                0x0000000000005d73                InterruptHandlerGetAddress
                0x0000000000005da2                InterruptHandlerGetFlags
                0x0000000000005dc7                InterruptHandlerGetSelector
                0x0000000000005ded                InterruptHandlerSet
                0x0000000000005e31                InterruptUnimplemented
                0x0000000000005e4e                ISRInitAll
                0x00000000000061e5                ISR00
                0x00000000000061fa                ISR01
                0x0000000000006211                ISR02
                0x000000000000622c                ISR03
                0x0000000000006243                ISR04
                0x000000000000625e                ISR05
                0x0000000000006279                ISR06
                0x0000000000006294                ISR07
                0x00000000000062af                ISR08
                0x00000000000062cb                ISR09
                0x00000000000062e6                ISR0A
                0x0000000000006302                ISR0B
                0x000000000000631e                ISR0C
                0x000000000000633a                ISR0D
                0x0000000000006359                ISR0E
                0x0000000000006375                ISR0F
                0x0000000000006390                ISR10
                0x00000000000063ab                ISR11
                0x00000000000063c7                ISR12
                0x00000000000063e2                ISR13
                0x00000000000063fd                ISR14
                0x0000000000006418                ISR15
                0x0000000000006433                ISR16
                0x000000000000644e                ISR17
                0x0000000000006469                ISR18
                0x0000000000006484                ISR19
                0x000000000000649f                ISR1A
                0x00000000000064ba                ISR1B
                0x00000000000064d5                ISR1C
                0x00000000000064f0                ISR1D
                0x000000000000650b                ISR1E
                0x0000000000006527                ISR1F
                0x0000000000006542                ISR20
                0x0000000000006555                ISR21
                0x0000000000006567                ISR22
                0x0000000000006579                ISR23
                0x000000000000658b                ISR24
                0x0000000000006591                ISR25
                0x00000000000065a3                ISR26
                0x00000000000065a9                ISR27
                0x00000000000065af                ISR28
                0x00000000000065bf                ISR29
                0x00000000000065d1                ISR2A
                0x00000000000065e3                ISR2B
                0x00000000000065f5                ISR2C
                0x0000000000006607                ISR2D
                0x0000000000006619                ISR2E
                0x000000000000662b                ISR2F
 .text          0x000000000000663d      0x4d8 builds/obj/system/PCI.o
                0x000000000000663d                PCIProbe
                0x000000000000665b                PCICalculateNext
                0x000000000000669a                PCIDeviceInitAll
                0x0000000000006807                PCIFunctionCheck
                0x0000000000006830                PCIFunctionCountGet
                0x0000000000006896                PCIFunctionNextGet
                0x00000000000068e4                PCIHandlerCommand
                0x0000000000006948                PCIHandlerGet
                0x000000000000696c                PCIHandlerSet
                0x0000000000006993                PCIInfoClassGet
                0x00000000000069af                PCIInfoDeviceGet
                0x00000000000069cb                PCIInfoProgIfGet
                0x00000000000069ec                PCIInfoRevisionGet
                0x0000000000006a0a                PCIInfoSubclassGet
                0x0000000000006a2b                PCIInfoVendorGet
                0x0000000000006a49                PCIRegisterRead
                0x0000000000006a95                PCIRegisterReadAll
                0x0000000000006ac6                PCIRegisterWrite
 .text          0x0000000000006b15       0x33 builds/obj/system/CMOS.o
 .text          0x0000000000006b48       0x32 builds/obj/system/power.o
 .text          0x0000000000006b7a        0x0 builds/obj/system/globals.o
 .text          0x0000000000006b7a      0x697 builds/obj/system/memory.o
                0x0000000000006b7a                A20Check
                0x0000000000006bc5                A20Enable
                0x0000000000006c52                A20EnableBIOS
                0x0000000000006c5e                A20EnableFastA20
                0x0000000000006c6b                A20EnableKeyboardController
                0x0000000000006cb9                A20EnablePortEE
                0x0000000000006cc2                MemMapCopy
                0x0000000000006d16                MemAddressAlign
                0x0000000000006d38                MemAllocate
                0x0000000000006d86                MemCompare
                0x0000000000006dab                MemCopy
                0x0000000000006e4e                MemDispose
                0x0000000000006e85                MemFill
                0x0000000000006eba                MemInit
                0x0000000000007118                MemPagesNeeded
                0x0000000000007136                MemSearchWord
                0x000000000000715c                MemSearchDWord
                0x0000000000007180                MemSearchString
                0x00000000000071d8                MemSwapWordBytes
                0x00000000000071f6                MemSwapDwordWords
 .text          0x0000000000007211      0x150 builds/obj/system/numbers.o
                0x0000000000007211                BCDToDecimal
                0x000000000000725a                RangeCheck
                0x0000000000007274                QuadAdd
                0x000000000000729d                QuadShiftLeft
                0x00000000000072e6                QuadShiftRight
                0x000000000000732d                Random
 .text          0x0000000000007361       0x32 builds/obj/system/NKAPM.o
 .text          0x0000000000007393     0x116f builds/obj/system/debug.o
                0x0000000000007393                DebugCPUFeaturesEnable
                0x00000000000073ab                DebugTraceDisable
                0x00000000000073bb                DebugTraceEnable
                0x00000000000073cb                Debugger
                0x00000000000076de                DebugInstacrash
                0x00000000000076ea                DebugMemoryDetails
                0x0000000000007732                DebugMenu
                0x00000000000078a3                DebugPCIDevices
                0x0000000000007c5e                DebugRAMBrowser
                0x0000000000007e0f                DebugStackTrace
                0x0000000000007e64                DebugSystemInfo
                0x00000000000081b5                DebugTaskBrowser
                0x00000000000084c6                DebugVBoxLogWrite
                0x00000000000084f2                DebugWaitForEscape
 .text          0x0000000000008502      0x2d5 builds/obj/system/tasks.o
                0x0000000000008502                TaskInit
                0x0000000000008570                TaskKill
                0x00000000000085e2                TaskNameSet
                0x000000000000862f                TaskNew
                0x0000000000008705                TaskSwitch
 .text          0x00000000000087d7       0xad builds/obj/system/CPU.o
                0x00000000000087d7                CPUInit
                0x00000000000087fa                SetSystemCPUID
 .text          0x0000000000008884      0x175 builds/obj/system/RTC.o
                0x0000000000008884                RTCAdjustBCD
                0x00000000000088f6                RTCInit
                0x0000000000008944                RTCInterruptHandler
 .text          0x00000000000089f9      0x133 builds/obj/system/paging.o
                0x00000000000089f9                PagingInit
                0x0000000000008a00                PagingMap
                0x0000000000008a48                PagingDirNew
 .text          0x0000000000008b2c      0x123 builds/obj/system/GDT.o
 .text          0x0000000000008c4f      0x491 builds/obj/video/screen.o
                0x0000000000008c4f                Print16
                0x0000000000008ce0                PrintIfConfigBits16
                0x0000000000008cf8                PrintRegs16
                0x0000000000008d66                ScreenClear16
                0x0000000000008d98                ScreenScroll16
                0x0000000000008de7                CursorHome
                0x0000000000008dfc                Print32
                0x0000000000008ebc                PrintIfConfigBits32
                0x0000000000008ef7                PrintRAM32
                0x0000000000008fc0                PrintRegs32
                0x0000000000009096                ScreenClear32
                0x00000000000090b7                ScreenScroll32
 *(.rodata)

.data           0x00000000000090e0     0x16c1
                0x00000000000090e0                data = .
 *(.data)
 .data          0x00000000000090e0      0x449 builds/obj/kernel.o
                0x00000000000094c1                tss.back_link
                0x00000000000094c5                tss.esp0
                0x00000000000094c9                tss.ss0
                0x00000000000094cd                tss.esp1
                0x00000000000094d1                tss.ss1
                0x00000000000094d5                tss.esp2
                0x00000000000094d9                tss.ss2
                0x00000000000094dd                tss.cr3
                0x00000000000094e1                tss.eip
                0x00000000000094e5                tss.eflags
                0x00000000000094e9                tss.eax
                0x00000000000094ed                tss.ecx
                0x00000000000094f1                tss.edx
                0x00000000000094f5                tss.ebx
                0x00000000000094f9                tss.esp
                0x00000000000094fd                tss.ebp
                0x0000000000009501                tss.esi
                0x0000000000009505                tss.edi
                0x0000000000009509                tss.es
                0x000000000000950d                tss.cs
                0x0000000000009511                tss.ss
                0x0000000000009515                tss.ds
                0x0000000000009519                tss.fs
                0x000000000000951d                tss.gs
                0x0000000000009521                tss.ldt
                0x0000000000009525                tss.trap
                0x0000000000009527                tss.iomap_base
                0x0000000000009529                tss.end
 .data          0x0000000000009529       0x10 builds/obj/api/strings.o
 .data          0x0000000000009539      0x198 builds/obj/drivers/PS2Controller.o
 .data          0x00000000000096d1       0x32 builds/obj/drivers/IDEController.o
 .data          0x0000000000009703        0xc builds/obj/drivers/FATFilesystem.o
 .data          0x000000000000970f        0x2 builds/obj/io/storage.o
 .data          0x0000000000009711        0x2 builds/obj/system/hardware.o
                0x0000000000009711                kKeyBufferWrite
                0x0000000000009712                kKeyBufferRead
 .data          0x0000000000009713      0x4da builds/obj/system/interrupts.o
                0x0000000000009713                kIDTPtr
 .data          0x0000000000009bed       0x4b builds/obj/system/PCI.o
 .data          0x0000000000009c38       0xbd builds/obj/system/globals.o
                0x0000000000009c38                tSystem.configBitsHint$
                0x0000000000009c42                tSystem.configBits
                0x0000000000009c46                tSystem.copyright$
                0x0000000000009c6a                tSystem.versionMajor
                0x0000000000009c6b                tSystem.versionMinor
                0x0000000000009c6c                tSystem.versionBuild
                0x0000000000009c70                tSystem.ticksSinceBoot
                0x0000000000009c74                tSystem.currentTask
                0x0000000000009c78                tSystem.currentTaskSlotAddress
                0x0000000000009c7c                tSystem.taskingEnable
                0x0000000000009c7d                tSystem.taskStackSize
                0x0000000000009c81                tSystem.taskKernelStackSize
                0x0000000000009c85                tSystem.multicoreAvailable
                0x0000000000009c86                tSystem.CPUIDVendor$
                0x0000000000009c96                tSystem.CPUIDBrand$
                0x0000000000009cd6                tSystem.CPUIDLargestBasicQuery
                0x0000000000009cda                tSystem.CPUIDLargestExtendedQuery
                0x0000000000009cde                tSystem.APMVersionMajor
                0x0000000000009cdf                tSystem.APMVersionMinor
                0x0000000000009ce0                tSystem.APMFeatures
                0x0000000000009ce2                tSystem.mouseButtonCount
                0x0000000000009ce3                tSystem.mouseButtons
                0x0000000000009ce4                tSystem.mousePacketByte0
                0x0000000000009ce5                tSystem.mousePacketByte1
                0x0000000000009ce6                tSystem.mousePacketByte2
                0x0000000000009ce7                tSystem.mousePacketByte3
                0x0000000000009ce8                tSystem.mousePacketByteSize
                0x0000000000009ce9                tSystem.mousePacketByteCount
                0x0000000000009cea                tSystem.mouseWheelPresent
                0x0000000000009ceb                tSystem.mouseX
                0x0000000000009ced                tSystem.mouseXLimit
                0x0000000000009cef                tSystem.mouseY
                0x0000000000009cf1                tSystem.mouseYLimit
                0x0000000000009cf3                tSystem.mouseZ
 .data          0x0000000000009cf5      0x124 builds/obj/system/memory.o
 .data          0x0000000000009e19        0x4 builds/obj/system/numbers.o
 .data          0x0000000000009e1d        0x2 builds/obj/system/NKAPM.o
 .data          0x0000000000009e1f      0x820 builds/obj/system/debug.o
 .data          0x000000000000a63f       0x5b builds/obj/system/RTC.o
 .data          0x000000000000a69a      0x107 builds/obj/video/screen.o
                0x000000000000a69a                gCursorX
                0x000000000000a69b                gCursorY
                0x000000000000a69c                gTextColor
                0x000000000000a69d                gBackColor
                0x000000000000a69e                kMaxLines
                0x000000000000a69f                kBytesPerScreen

.bss            0x000000000000a7a4      0x445
                0x000000000000a7a4                bss = .
 *(.bss)
 .bss           0x000000000000a7a4       0xb6 builds/obj/kernel.o
 .bss           0x000000000000a85a        0x4 builds/obj/system/hardware.o
                0x000000000000a85a                kKeyBufferAddress
 .bss           0x000000000000a85e       0x50 builds/obj/system/interrupts.o
 .bss           0x000000000000a8ae       0x50 builds/obj/system/PCI.o
 .bss           0x000000000000a8fe       0x5a builds/obj/system/globals.o
                0x000000000000a8fe                tSystem.bitfieldPtrPagesAllocated
                0x000000000000a902                tSystem.bitfieldPtrPagesReserved
                0x000000000000a90a                tSystem.memoryBIOSMapShadowPtr
                0x000000000000a90e                tSystem.memoryBIOSMapShadowEntryCount
                0x000000000000a912                tSystem.memoryBIOSMapShadowSize
                0x000000000000a916                tSystem.memoryManagementSpace
                0x000000000000a91a                tSystem.memoryKiBInstalled
                0x000000000000a91e                tSystem.memoryKiBUsable
                0x000000000000a922                tSystem.listPtrDrives
                0x000000000000a926                tSystem.listPtrDriveLetters
                0x000000000000a92a                tSystem.listPtrFSHandlers
                0x000000000000a92e                tSystem.listPtrPartitions
                0x000000000000a932                tSystem.listPtrPCIHandlers
                0x000000000000a936                tSystem.listPtrTasks
                0x000000000000a93a                tSystem.PCIDeviceCount
                0x000000000000a93e                tSystem.PCIVersion
                0x000000000000a942                tSystem.PCICapabilities
                0x000000000000a946                tSystem.PS2ControllerConfig
                0x000000000000a947                tSystem.PS2ControllerPort1Status
                0x000000000000a948                tSystem.PS2ControllerPort2Status
                0x000000000000a949                tSystem.PS2ControllerDeviceID1
                0x000000000000a94b                tSystem.PS2ControllerDeviceID2
                0x000000000000a94d                tSystem.RTCUpdateHandlerAddress
                0x000000000000a951                tSystem.RTCStatusRegisterB
                0x000000000000a952                tSystem.RTCHours
                0x000000000000a953                tSystem.RTCMinutes
                0x000000000000a954                tSystem.RTCSeconds
                0x000000000000a955                tSystem.RTCYear
                0x000000000000a956                tSystem.RTCMonth
                0x000000000000a957                tSystem.RTCDay
 .bss           0x000000000000a958      0x230 builds/obj/system/debug.o
 .bss           0x000000000000ab88       0x61 builds/obj/video/screen.o
                0x000000000000abe9                end = .
LOAD builds/obj/kernel.o
LOAD builds/obj/api/lists.o
LOAD builds/obj/api/misc.o
LOAD builds/obj/api/strings.o
LOAD builds/obj/drivers/PS2Controller.o
LOAD builds/obj/drivers/IDEController.o
LOAD builds/obj/drivers/FATFilesystem.o
LOAD builds/obj/io/serial.o
LOAD builds/obj/io/storage.o
LOAD builds/obj/system/exec.o
LOAD builds/obj/system/hardware.o
LOAD builds/obj/system/PIC.o
LOAD builds/obj/system/interrupts.o
LOAD builds/obj/system/PCI.o
LOAD builds/obj/system/CMOS.o
LOAD builds/obj/system/power.o
LOAD builds/obj/system/globals.o
LOAD builds/obj/system/memory.o
LOAD builds/obj/system/numbers.o
LOAD builds/obj/system/NKAPM.o
LOAD builds/obj/system/debug.o
LOAD builds/obj/system/tasks.o
LOAD builds/obj/system/CPU.o
LOAD builds/obj/system/RTC.o
LOAD builds/obj/system/paging.o
LOAD builds/obj/system/GDT.o
LOAD builds/obj/video/screen.o
OUTPUT(builds/KERNEL.SYS binary)

Cross Reference Table

Symbol                                            File
A20Check                                          builds/obj/system/memory.o
                                                  builds/obj/video/screen.o
                                                  builds/obj/system/paging.o
                                                  builds/obj/system/tasks.o
                                                  builds/obj/system/debug.o
                                                  builds/obj/system/PCI.o
                                                  builds/obj/system/interrupts.o
                                                  builds/obj/io/storage.o
                                                  builds/obj/drivers/FATFilesystem.o
                                                  builds/obj/drivers/IDEController.o
                                                  builds/obj/drivers/PS2Controller.o
                                                  builds/obj/api/strings.o
                                                  builds/obj/api/lists.o
                                                  builds/obj/kernel.o
A20Enable                                         builds/obj/system/memory.o
                                                  builds/obj/video/screen.o
                                                  builds/obj/system/paging.o
                                                  builds/obj/system/tasks.o
                                                  builds/obj/system/debug.o
                                                  builds/obj/system/PCI.o
                                                  builds/obj/system/interrupts.o
                                                  builds/obj/io/storage.o
                                                  builds/obj/drivers/FATFilesystem.o
                                                  builds/obj/drivers/IDEController.o
                                                  builds/obj/drivers/PS2Controller.o
                                                  builds/obj/api/strings.o
                                                  builds/obj/api/lists.o
                                                  builds/obj/kernel.o
A20EnableBIOS                                     builds/obj/system/memory.o
                                                  builds/obj/video/screen.o
                                                  builds/obj/system/paging.o
                                                  builds/obj/system/tasks.o
                                                  builds/obj/system/debug.o
                                                  builds/obj/system/PCI.o
                                                  builds/obj/system/interrupts.o
                                                  builds/obj/io/storage.o
                                                  builds/obj/drivers/FATFilesystem.o
                                                  builds/obj/drivers/IDEController.o
                                                  builds/obj/drivers/PS2Controller.o
                                                  builds/obj/api/strings.o
                                                  builds/obj/api/lists.o
                                                  builds/obj/kernel.o
A20EnableFastA20                                  builds/obj/system/memory.o
                                                  builds/obj/video/screen.o
                                                  builds/obj/system/paging.o
                                                  builds/obj/system/tasks.o
                                                  builds/obj/system/debug.o
                                                  builds/obj/system/PCI.o
                                                  builds/obj/system/interrupts.o
                                                  builds/obj/io/storage.o
                                                  builds/obj/drivers/FATFilesystem.o
                                                  builds/obj/drivers/IDEController.o
                                                  builds/obj/drivers/PS2Controller.o
                                                  builds/obj/api/strings.o
                                                  builds/obj/api/lists.o
                                                  builds/obj/kernel.o
A20EnableKeyboardController                       builds/obj/system/memory.o
                                                  builds/obj/video/screen.o
                                                  builds/obj/system/paging.o
                                                  builds/obj/system/tasks.o
                                                  builds/obj/system/debug.o
                                                  builds/obj/system/PCI.o
                                                  builds/obj/system/interrupts.o
                                                  builds/obj/io/storage.o
                                                  builds/obj/drivers/FATFilesystem.o
                                                  builds/obj/drivers/IDEController.o
                                                  builds/obj/drivers/PS2Controller.o
                                                  builds/obj/api/strings.o
                                                  builds/obj/api/lists.o
                                                  builds/obj/kernel.o
A20EnablePortEE                                   builds/obj/system/memory.o
                                                  builds/obj/video/screen.o
                                                  builds/obj/system/paging.o
                                                  builds/obj/system/tasks.o
                                                  builds/obj/system/debug.o
                                                  builds/obj/system/PCI.o
                                                  builds/obj/system/interrupts.o
                                                  builds/obj/io/storage.o
                                                  builds/obj/drivers/FATFilesystem.o
                                                  builds/obj/drivers/IDEController.o
                                                  builds/obj/drivers/PS2Controller.o
                                                  builds/obj/api/strings.o
                                                  builds/obj/api/lists.o
                                                  builds/obj/kernel.o
BCDToDecimal                                      builds/obj/system/numbers.o
                                                  builds/obj/system/RTC.o
                                                  builds/obj/system/debug.o
                                                  builds/obj/system/memory.o
                                                  builds/obj/io/storage.o
                                                  builds/obj/drivers/FATFilesystem.o
                                                  builds/obj/api/strings.o
CPUInit                                           builds/obj/system/CPU.o
                                                  builds/obj/kernel.o
ConvertByteToHexString16                          builds/obj/api/strings.o
                                                  builds/obj/video/screen.o
                                                  builds/obj/system/tasks.o
                                                  builds/obj/system/debug.o
                                                  builds/obj/system/memory.o
                                                  builds/obj/system/PCI.o
                                                  builds/obj/system/interrupts.o
                                                  builds/obj/io/storage.o
                                                  builds/obj/drivers/FATFilesystem.o
                                                  builds/obj/kernel.o
ConvertNumberBinaryToString                       builds/obj/api/strings.o
                                                  builds/obj/video/screen.o
                                                  builds/obj/system/tasks.o
                                                  builds/obj/system/debug.o
                                                  builds/obj/system/memory.o
                                                  builds/obj/system/PCI.o
                                                  builds/obj/system/interrupts.o
                                                  builds/obj/io/storage.o
                                                  builds/obj/drivers/FATFilesystem.o
                                                  builds/obj/kernel.o
ConvertNumberDecimalToString                      builds/obj/api/strings.o
                                                  builds/obj/video/screen.o
                                                  builds/obj/system/tasks.o
                                                  builds/obj/system/debug.o
                                                  builds/obj/system/memory.o
                                                  builds/obj/system/PCI.o
                                                  builds/obj/system/interrupts.o
                                                  builds/obj/io/storage.o
                                                  builds/obj/drivers/FATFilesystem.o
                                                  builds/obj/kernel.o
ConvertNumberHexToString                          builds/obj/api/strings.o
                                                  builds/obj/video/screen.o
                                                  builds/obj/system/tasks.o
                                                  builds/obj/system/debug.o
                                                  builds/obj/system/memory.o
                                                  builds/obj/system/PCI.o
                                                  builds/obj/system/interrupts.o
                                                  builds/obj/io/storage.o
                                                  builds/obj/drivers/FATFilesystem.o
                                                  builds/obj/kernel.o
ConvertNumberOctalToString                        builds/obj/api/strings.o
                                                  builds/obj/video/screen.o
                                                  builds/obj/system/tasks.o
                                                  builds/obj/system/debug.o
                                                  builds/obj/system/memory.o
                                                  builds/obj/system/PCI.o
                                                  builds/obj/system/interrupts.o
                                                  builds/obj/io/storage.o
                                                  builds/obj/drivers/FATFilesystem.o
                                                  builds/obj/kernel.o
ConvertStringBinaryToNumber                       builds/obj/api/strings.o
                                                  builds/obj/video/screen.o
                                                  builds/obj/system/tasks.o
                                                  builds/obj/system/debug.o
                                                  builds/obj/system/memory.o
                                                  builds/obj/system/PCI.o
                                                  builds/obj/system/interrupts.o
                                                  builds/obj/io/storage.o
                                                  builds/obj/drivers/FATFilesystem.o
                                                  builds/obj/kernel.o
ConvertStringDecimalToNumber                      builds/obj/api/strings.o
                                                  builds/obj/video/screen.o
                                                  builds/obj/system/tasks.o
                                                  builds/obj/system/debug.o
                                                  builds/obj/system/memory.o
                                                  builds/obj/system/PCI.o
                                                  builds/obj/system/interrupts.o
                                                  builds/obj/io/storage.o
                                                  builds/obj/drivers/FATFilesystem.o
                                                  builds/obj/kernel.o
ConvertStringHexToNumber                          builds/obj/api/strings.o
                                                  builds/obj/video/screen.o
                                                  builds/obj/system/tasks.o
                                                  builds/obj/system/debug.o
                                                  builds/obj/system/memory.o
                                                  builds/obj/system/PCI.o
                                                  builds/obj/system/interrupts.o
                                                  builds/obj/io/storage.o
                                                  builds/obj/drivers/FATFilesystem.o
                                                  builds/obj/kernel.o
ConvertStringOctalToNumber                        builds/obj/api/strings.o
                                                  builds/obj/video/screen.o
                                                  builds/obj/system/tasks.o
                                                  builds/obj/system/debug.o
                                                  builds/obj/system/memory.o
                                                  builds/obj/system/PCI.o
                                                  builds/obj/system/interrupts.o
                                                  builds/obj/io/storage.o
                                                  builds/obj/drivers/FATFilesystem.o
                                                  builds/obj/kernel.o
ConvertWordToHexString16                          builds/obj/api/strings.o
                                                  builds/obj/video/screen.o
                                                  builds/obj/system/tasks.o
                                                  builds/obj/system/debug.o
                                                  builds/obj/system/memory.o
                                                  builds/obj/system/PCI.o
                                                  builds/obj/system/interrupts.o
                                                  builds/obj/io/storage.o
                                                  builds/obj/drivers/FATFilesystem.o
                                                  builds/obj/kernel.o
CriticalError                                     builds/obj/system/interrupts.o
                                                  builds/obj/drivers/IDEController.o
                                                  builds/obj/drivers/PS2Controller.o
                                                  builds/obj/kernel.o
CursorHome                                        builds/obj/video/screen.o
                                                  builds/obj/system/RTC.o
                                                  builds/obj/system/debug.o
                                                  builds/obj/system/memory.o
                                                  builds/obj/system/PCI.o
                                                  builds/obj/system/interrupts.o
                                                  builds/obj/drivers/IDEController.o
                                                  builds/obj/drivers/PS2Controller.o
                                                  builds/obj/api/misc.o
                                                  builds/obj/kernel.o
DebugCPUFeaturesEnable                            builds/obj/system/debug.o
                                                  builds/obj/system/interrupts.o
                                                  builds/obj/kernel.o
DebugInstacrash                                   builds/obj/system/debug.o
                                                  builds/obj/system/interrupts.o
                                                  builds/obj/kernel.o
DebugMemoryDetails                                builds/obj/system/debug.o
                                                  builds/obj/system/interrupts.o
                                                  builds/obj/kernel.o
DebugMenu                                         builds/obj/system/debug.o
                                                  builds/obj/system/interrupts.o
                                                  builds/obj/kernel.o
DebugPCIDevices                                   builds/obj/system/debug.o
                                                  builds/obj/system/interrupts.o
                                                  builds/obj/kernel.o
DebugRAMBrowser                                   builds/obj/system/debug.o
                                                  builds/obj/system/interrupts.o
                                                  builds/obj/kernel.o
DebugStackTrace                                   builds/obj/system/debug.o
                                                  builds/obj/system/interrupts.o
                                                  builds/obj/kernel.o
DebugSystemInfo                                   builds/obj/system/debug.o
                                                  builds/obj/system/interrupts.o
                                                  builds/obj/kernel.o
DebugTaskBrowser                                  builds/obj/system/debug.o
                                                  builds/obj/system/interrupts.o
                                                  builds/obj/kernel.o
DebugTraceDisable                                 builds/obj/system/debug.o
                                                  builds/obj/system/interrupts.o
                                                  builds/obj/kernel.o
DebugTraceEnable                                  builds/obj/system/debug.o
                                                  builds/obj/system/interrupts.o
                                                  builds/obj/kernel.o
DebugVBoxLogWrite                                 builds/obj/system/debug.o
                                                  builds/obj/system/interrupts.o
                                                  builds/obj/kernel.o
DebugWaitForEscape                                builds/obj/system/debug.o
                                                  builds/obj/system/interrupts.o
                                                  builds/obj/kernel.o
Debugger                                          builds/obj/system/debug.o
                                                  builds/obj/system/interrupts.o
                                                  builds/obj/kernel.o
FAT16CalcLBAClusterToSector                       builds/obj/drivers/FATFilesystem.o
                                                  builds/obj/kernel.o
FAT16CalcSpaceNeeded                              builds/obj/drivers/FATFilesystem.o
                                                  builds/obj/kernel.o
FAT16CalcTableElementFromCluster                  builds/obj/drivers/FATFilesystem.o
                                                  builds/obj/kernel.o
FAT16ChainDelete                                  builds/obj/drivers/FATFilesystem.o
                                                  builds/obj/kernel.o
FAT16ChainGrow                                    builds/obj/drivers/FATFilesystem.o
                                                  builds/obj/kernel.o
FAT16ChainLength                                  builds/obj/drivers/FATFilesystem.o
                                                  builds/obj/kernel.o
FAT16ChainRead                                    builds/obj/drivers/FATFilesystem.o
                                                  builds/obj/kernel.o
FAT16ChainResize                                  builds/obj/drivers/FATFilesystem.o
                                                  builds/obj/kernel.o
FAT16ChainShrink                                  builds/obj/drivers/FATFilesystem.o
                                                  builds/obj/kernel.o
FAT16ChainWrite                                   builds/obj/drivers/FATFilesystem.o
                                                  builds/obj/kernel.o
FAT16ClusterFreeFirstGet                          builds/obj/drivers/FATFilesystem.o
                                                  builds/obj/kernel.o
FAT16ClusterFreeTotalGet                          builds/obj/drivers/FATFilesystem.o
                                                  builds/obj/kernel.o
FAT16ClusterNextGet                               builds/obj/drivers/FATFilesystem.o
                                                  builds/obj/kernel.o
FAT16ClusterNextSet                               builds/obj/drivers/FATFilesystem.o
                                                  builds/obj/kernel.o
FAT16EntryBuild                                   builds/obj/drivers/FATFilesystem.o
                                                  builds/obj/kernel.o
FAT16FATBackup                                    builds/obj/drivers/FATFilesystem.o
                                                  builds/obj/kernel.o
FAT16FileWrite                                    builds/obj/drivers/FATFilesystem.o
                                                  builds/obj/kernel.o
FAT16ItemCount                                    builds/obj/drivers/FATFilesystem.o
                                                  builds/obj/kernel.o
FAT16ItemDelete                                   builds/obj/drivers/FATFilesystem.o
                                                  builds/obj/kernel.o
FAT16ItemExists                                   builds/obj/drivers/FATFilesystem.o
                                                  builds/obj/kernel.o
FAT16ItemInfoAccessedGet                          builds/obj/drivers/FATFilesystem.o
                                                  builds/obj/kernel.o
FAT16ItemInfoCreatedGet                           builds/obj/drivers/FATFilesystem.o
                                                  builds/obj/kernel.o
FAT16ItemInfoModifiedGet                          builds/obj/drivers/FATFilesystem.o
                                                  builds/obj/kernel.o
FAT16ItemInfoSizeGet                              builds/obj/drivers/FATFilesystem.o
                                                  builds/obj/kernel.o
FAT16ItemLoad                                     builds/obj/drivers/FATFilesystem.o
                                                  builds/obj/kernel.o
FAT16ItemMatch                                    builds/obj/drivers/FATFilesystem.o
                                                  builds/obj/kernel.o
FAT16ItemNew                                      builds/obj/drivers/FATFilesystem.o
                                                  builds/obj/kernel.o
FAT16ItemStore                                    builds/obj/drivers/FATFilesystem.o
                                                  builds/obj/kernel.o
FAT16PartitionCacheData                           builds/obj/drivers/FATFilesystem.o
                                                  builds/obj/kernel.o
FAT16PartitionInfo                                builds/obj/drivers/FATFilesystem.o
                                                  builds/obj/kernel.o
FAT16PathCanonicalize                             builds/obj/drivers/FATFilesystem.o
                                                  builds/obj/kernel.o
FAT16ServiceHandler                               builds/obj/drivers/FATFilesystem.o
                                                  builds/obj/kernel.o
FAT32ServiceHandler                               builds/obj/drivers/FATFilesystem.o
                                                  builds/obj/kernel.o
FATDecodeDate                                     builds/obj/drivers/FATFilesystem.o
                                                  builds/obj/kernel.o
FATDecodeTime                                     builds/obj/drivers/FATFilesystem.o
                                                  builds/obj/kernel.o
FATEncodeDate                                     builds/obj/drivers/FATFilesystem.o
                                                  builds/obj/kernel.o
FATEncodeFilename                                 builds/obj/drivers/FATFilesystem.o
                                                  builds/obj/kernel.o
FATEncodeTime                                     builds/obj/drivers/FATFilesystem.o
                                                  builds/obj/kernel.o
Fail                                              builds/obj/api/misc.o
                                                  builds/obj/system/interrupts.o
                                                  builds/obj/drivers/PS2Controller.o
                                                  builds/obj/kernel.o
IDEATAPISectorReadPIO                             builds/obj/drivers/IDEController.o
                                                  builds/obj/kernel.o
IDEATASectorReadLBA28PIO                          builds/obj/drivers/IDEController.o
                                                  builds/obj/kernel.o
IDEATASectorWriteLBA28PIO                         builds/obj/drivers/IDEController.o
                                                  builds/obj/kernel.o
IDEDetectChannelDevices                           builds/obj/kernel.o
IDEDriveIdentify                                  builds/obj/drivers/IDEController.o
                                                  builds/obj/kernel.o
IDEInit                                           builds/obj/drivers/IDEController.o
                                                  builds/obj/kernel.o
IDEInterruptHandlerPrimary                        builds/obj/drivers/IDEController.o
                                                  builds/obj/kernel.o
IDEInterruptHandlerSecondary                      builds/obj/drivers/IDEController.o
                                                  builds/obj/kernel.o
IDEServiceHandler                                 builds/obj/drivers/IDEController.o
                                                  builds/obj/kernel.o
IDEWaitForReady                                   builds/obj/drivers/IDEController.o
                                                  builds/obj/kernel.o
IDTInit                                           builds/obj/system/interrupts.o
                                                  builds/obj/drivers/IDEController.o
                                                  builds/obj/drivers/PS2Controller.o
                                                  builds/obj/kernel.o
ISR00                                             builds/obj/system/interrupts.o
                                                  builds/obj/drivers/IDEController.o
                                                  builds/obj/drivers/PS2Controller.o
                                                  builds/obj/kernel.o
ISR01                                             builds/obj/system/interrupts.o
                                                  builds/obj/drivers/IDEController.o
                                                  builds/obj/drivers/PS2Controller.o
                                                  builds/obj/kernel.o
ISR02                                             builds/obj/system/interrupts.o
                                                  builds/obj/drivers/IDEController.o
                                                  builds/obj/drivers/PS2Controller.o
                                                  builds/obj/kernel.o
ISR03                                             builds/obj/system/interrupts.o
                                                  builds/obj/drivers/IDEController.o
                                                  builds/obj/drivers/PS2Controller.o
                                                  builds/obj/kernel.o
ISR04                                             builds/obj/system/interrupts.o
                                                  builds/obj/drivers/IDEController.o
                                                  builds/obj/drivers/PS2Controller.o
                                                  builds/obj/kernel.o
ISR05                                             builds/obj/system/interrupts.o
                                                  builds/obj/drivers/IDEController.o
                                                  builds/obj/drivers/PS2Controller.o
                                                  builds/obj/kernel.o
ISR06                                             builds/obj/system/interrupts.o
                                                  builds/obj/drivers/IDEController.o
                                                  builds/obj/drivers/PS2Controller.o
                                                  builds/obj/kernel.o
ISR07                                             builds/obj/system/interrupts.o
                                                  builds/obj/drivers/IDEController.o
                                                  builds/obj/drivers/PS2Controller.o
                                                  builds/obj/kernel.o
ISR08                                             builds/obj/system/interrupts.o
                                                  builds/obj/drivers/IDEController.o
                                                  builds/obj/drivers/PS2Controller.o
                                                  builds/obj/kernel.o
ISR09                                             builds/obj/system/interrupts.o
                                                  builds/obj/drivers/IDEController.o
                                                  builds/obj/drivers/PS2Controller.o
                                                  builds/obj/kernel.o
ISR0A                                             builds/obj/system/interrupts.o
                                                  builds/obj/drivers/IDEController.o
                                                  builds/obj/drivers/PS2Controller.o
                                                  builds/obj/kernel.o
ISR0B                                             builds/obj/system/interrupts.o
                                                  builds/obj/drivers/IDEController.o
                                                  builds/obj/drivers/PS2Controller.o
                                                  builds/obj/kernel.o
ISR0C                                             builds/obj/system/interrupts.o
                                                  builds/obj/drivers/IDEController.o
                                                  builds/obj/drivers/PS2Controller.o
                                                  builds/obj/kernel.o
ISR0D                                             builds/obj/system/interrupts.o
                                                  builds/obj/drivers/IDEController.o
                                                  builds/obj/drivers/PS2Controller.o
                                                  builds/obj/kernel.o
ISR0E                                             builds/obj/system/interrupts.o
                                                  builds/obj/drivers/IDEController.o
                                                  builds/obj/drivers/PS2Controller.o
                                                  builds/obj/kernel.o
ISR0F                                             builds/obj/system/interrupts.o
                                                  builds/obj/drivers/IDEController.o
                                                  builds/obj/drivers/PS2Controller.o
                                                  builds/obj/kernel.o
ISR10                                             builds/obj/system/interrupts.o
                                                  builds/obj/drivers/IDEController.o
                                                  builds/obj/drivers/PS2Controller.o
                                                  builds/obj/kernel.o
ISR11                                             builds/obj/system/interrupts.o
                                                  builds/obj/drivers/IDEController.o
                                                  builds/obj/drivers/PS2Controller.o
                                                  builds/obj/kernel.o
ISR12                                             builds/obj/system/interrupts.o
                                                  builds/obj/drivers/IDEController.o
                                                  builds/obj/drivers/PS2Controller.o
                                                  builds/obj/kernel.o
ISR13                                             builds/obj/system/interrupts.o
                                                  builds/obj/drivers/IDEController.o
                                                  builds/obj/drivers/PS2Controller.o
                                                  builds/obj/kernel.o
ISR14                                             builds/obj/system/interrupts.o
                                                  builds/obj/drivers/IDEController.o
                                                  builds/obj/drivers/PS2Controller.o
                                                  builds/obj/kernel.o
ISR15                                             builds/obj/system/interrupts.o
                                                  builds/obj/drivers/IDEController.o
                                                  builds/obj/drivers/PS2Controller.o
                                                  builds/obj/kernel.o
ISR16                                             builds/obj/system/interrupts.o
                                                  builds/obj/drivers/IDEController.o
                                                  builds/obj/drivers/PS2Controller.o
                                                  builds/obj/kernel.o
ISR17                                             builds/obj/system/interrupts.o
                                                  builds/obj/drivers/IDEController.o
                                                  builds/obj/drivers/PS2Controller.o
                                                  builds/obj/kernel.o
ISR18                                             builds/obj/system/interrupts.o
                                                  builds/obj/drivers/IDEController.o
                                                  builds/obj/drivers/PS2Controller.o
                                                  builds/obj/kernel.o
ISR19                                             builds/obj/system/interrupts.o
                                                  builds/obj/drivers/IDEController.o
                                                  builds/obj/drivers/PS2Controller.o
                                                  builds/obj/kernel.o
ISR1A                                             builds/obj/system/interrupts.o
                                                  builds/obj/drivers/IDEController.o
                                                  builds/obj/drivers/PS2Controller.o
                                                  builds/obj/kernel.o
ISR1B                                             builds/obj/system/interrupts.o
                                                  builds/obj/drivers/IDEController.o
                                                  builds/obj/drivers/PS2Controller.o
                                                  builds/obj/kernel.o
ISR1C                                             builds/obj/system/interrupts.o
                                                  builds/obj/drivers/IDEController.o
                                                  builds/obj/drivers/PS2Controller.o
                                                  builds/obj/kernel.o
ISR1D                                             builds/obj/system/interrupts.o
                                                  builds/obj/drivers/IDEController.o
                                                  builds/obj/drivers/PS2Controller.o
                                                  builds/obj/kernel.o
ISR1E                                             builds/obj/system/interrupts.o
                                                  builds/obj/drivers/IDEController.o
                                                  builds/obj/drivers/PS2Controller.o
                                                  builds/obj/kernel.o
ISR1F                                             builds/obj/system/interrupts.o
                                                  builds/obj/drivers/IDEController.o
                                                  builds/obj/drivers/PS2Controller.o
                                                  builds/obj/kernel.o
ISR20                                             builds/obj/system/interrupts.o
                                                  builds/obj/drivers/IDEController.o
                                                  builds/obj/drivers/PS2Controller.o
                                                  builds/obj/kernel.o
ISR21                                             builds/obj/system/interrupts.o
                                                  builds/obj/drivers/IDEController.o
                                                  builds/obj/drivers/PS2Controller.o
                                                  builds/obj/kernel.o
ISR22                                             builds/obj/system/interrupts.o
                                                  builds/obj/drivers/IDEController.o
                                                  builds/obj/drivers/PS2Controller.o
                                                  builds/obj/kernel.o
ISR23                                             builds/obj/system/interrupts.o
                                                  builds/obj/drivers/IDEController.o
                                                  builds/obj/drivers/PS2Controller.o
                                                  builds/obj/kernel.o
ISR24                                             builds/obj/system/interrupts.o
                                                  builds/obj/drivers/IDEController.o
                                                  builds/obj/drivers/PS2Controller.o
                                                  builds/obj/kernel.o
ISR25                                             builds/obj/system/interrupts.o
                                                  builds/obj/drivers/IDEController.o
                                                  builds/obj/drivers/PS2Controller.o
                                                  builds/obj/kernel.o
ISR26                                             builds/obj/system/interrupts.o
                                                  builds/obj/drivers/IDEController.o
                                                  builds/obj/drivers/PS2Controller.o
                                                  builds/obj/kernel.o
ISR27                                             builds/obj/system/interrupts.o
                                                  builds/obj/drivers/IDEController.o
                                                  builds/obj/drivers/PS2Controller.o
                                                  builds/obj/kernel.o
ISR28                                             builds/obj/system/interrupts.o
                                                  builds/obj/drivers/IDEController.o
                                                  builds/obj/drivers/PS2Controller.o
                                                  builds/obj/kernel.o
ISR29                                             builds/obj/system/interrupts.o
                                                  builds/obj/drivers/IDEController.o
                                                  builds/obj/drivers/PS2Controller.o
                                                  builds/obj/kernel.o
ISR2A                                             builds/obj/system/interrupts.o
                                                  builds/obj/drivers/IDEController.o
                                                  builds/obj/drivers/PS2Controller.o
                                                  builds/obj/kernel.o
ISR2B                                             builds/obj/system/interrupts.o
                                                  builds/obj/drivers/IDEController.o
                                                  builds/obj/drivers/PS2Controller.o
                                                  builds/obj/kernel.o
ISR2C                                             builds/obj/system/interrupts.o
                                                  builds/obj/drivers/IDEController.o
                                                  builds/obj/drivers/PS2Controller.o
                                                  builds/obj/kernel.o
ISR2D                                             builds/obj/system/interrupts.o
                                                  builds/obj/drivers/IDEController.o
                                                  builds/obj/drivers/PS2Controller.o
                                                  builds/obj/kernel.o
ISR2E                                             builds/obj/system/interrupts.o
                                                  builds/obj/drivers/IDEController.o
                                                  builds/obj/drivers/PS2Controller.o
                                                  builds/obj/kernel.o
ISR2F                                             builds/obj/system/interrupts.o
                                                  builds/obj/drivers/IDEController.o
                                                  builds/obj/drivers/PS2Controller.o
                                                  builds/obj/kernel.o
ISRInitAll                                        builds/obj/system/interrupts.o
                                                  builds/obj/drivers/IDEController.o
                                                  builds/obj/drivers/PS2Controller.o
                                                  builds/obj/kernel.o
InterruptHandlerGetAddress                        builds/obj/system/interrupts.o
                                                  builds/obj/drivers/IDEController.o
                                                  builds/obj/drivers/PS2Controller.o
                                                  builds/obj/kernel.o
InterruptHandlerGetFlags                          builds/obj/system/interrupts.o
                                                  builds/obj/drivers/IDEController.o
                                                  builds/obj/drivers/PS2Controller.o
                                                  builds/obj/kernel.o
InterruptHandlerGetSelector                       builds/obj/system/interrupts.o
                                                  builds/obj/drivers/IDEController.o
                                                  builds/obj/drivers/PS2Controller.o
                                                  builds/obj/kernel.o
InterruptHandlerSet                               builds/obj/system/interrupts.o
                                                  builds/obj/drivers/IDEController.o
                                                  builds/obj/drivers/PS2Controller.o
                                                  builds/obj/kernel.o
InterruptUnimplemented                            builds/obj/system/interrupts.o
                                                  builds/obj/drivers/IDEController.o
                                                  builds/obj/drivers/PS2Controller.o
                                                  builds/obj/kernel.o
KeyGet                                            builds/obj/system/hardware.o
                                                  builds/obj/system/debug.o
                                                  builds/obj/system/interrupts.o
                                                  builds/obj/drivers/PS2Controller.o
                                                  builds/obj/kernel.o
KeyWait                                           builds/obj/system/hardware.o
                                                  builds/obj/system/debug.o
                                                  builds/obj/system/interrupts.o
                                                  builds/obj/drivers/PS2Controller.o
                                                  builds/obj/kernel.o
LMBitClear                                        builds/obj/api/lists.o
                                                  builds/obj/system/tasks.o
                                                  builds/obj/system/debug.o
                                                  builds/obj/system/memory.o
                                                  builds/obj/system/PCI.o
                                                  builds/obj/io/storage.o
                                                  builds/obj/drivers/FATFilesystem.o
                                                  builds/obj/drivers/IDEController.o
                                                  builds/obj/kernel.o
LMBitClearRange                                   builds/obj/api/lists.o
                                                  builds/obj/system/tasks.o
                                                  builds/obj/system/debug.o
                                                  builds/obj/system/memory.o
                                                  builds/obj/system/PCI.o
                                                  builds/obj/io/storage.o
                                                  builds/obj/drivers/FATFilesystem.o
                                                  builds/obj/drivers/IDEController.o
                                                  builds/obj/kernel.o
LMBitFlip                                         builds/obj/api/lists.o
                                                  builds/obj/system/tasks.o
                                                  builds/obj/system/debug.o
                                                  builds/obj/system/memory.o
                                                  builds/obj/system/PCI.o
                                                  builds/obj/io/storage.o
                                                  builds/obj/drivers/FATFilesystem.o
[...]
                                                  builds/obj/system/RTC.o
                                                  builds/obj/system/CPU.o
                                                  builds/obj/system/tasks.o
                                                  builds/obj/system/debug.o
                                                  builds/obj/system/memory.o
                                                  builds/obj/system/PCI.o
                                                  builds/obj/system/interrupts.o
                                                  builds/obj/io/storage.o
                                                  builds/obj/io/serial.o
                                                  builds/obj/drivers/FATFilesystem.o
                                                  builds/obj/drivers/IDEController.o
                                                  builds/obj/drivers/PS2Controller.o
                                                  builds/obj/api/misc.o
                                                  builds/obj/kernel.o
tSystem.mouseXLimit                               builds/obj/system/globals.o
                                                  builds/obj/video/screen.o
                                                  builds/obj/system/RTC.o
                                                  builds/obj/system/CPU.o
                                                  builds/obj/system/tasks.o
                                                  builds/obj/system/debug.o
                                                  builds/obj/system/memory.o
                                                  builds/obj/system/PCI.o
                                                  builds/obj/system/interrupts.o
                                                  builds/obj/io/storage.o
                                                  builds/obj/io/serial.o
                                                  builds/obj/drivers/FATFilesystem.o
                                                  builds/obj/drivers/IDEController.o
                                                  builds/obj/drivers/PS2Controller.o
                                                  builds/obj/api/misc.o
                                                  builds/obj/kernel.o
tSystem.mouseY                                    builds/obj/system/globals.o
                                                  builds/obj/video/screen.o
                                                  builds/obj/system/RTC.o
                                                  builds/obj/system/CPU.o
                                                  builds/obj/system/tasks.o
                                                  builds/obj/system/debug.o
                                                  builds/obj/system/memory.o
                                                  builds/obj/system/PCI.o
                                                  builds/obj/system/interrupts.o
                                                  builds/obj/io/storage.o
                                                  builds/obj/io/serial.o
                                                  builds/obj/drivers/FATFilesystem.o
                                                  builds/obj/drivers/IDEController.o
                                                  builds/obj/drivers/PS2Controller.o
                                                  builds/obj/api/misc.o
                                                  builds/obj/kernel.o
tSystem.mouseYLimit                               builds/obj/system/globals.o
                                                  builds/obj/video/screen.o
                                                  builds/obj/system/RTC.o
                                                  builds/obj/system/CPU.o
                                                  builds/obj/system/tasks.o
                                                  builds/obj/system/debug.o
                                                  builds/obj/system/memory.o
                                                  builds/obj/system/PCI.o
                                                  builds/obj/system/interrupts.o
                                                  builds/obj/io/storage.o
                                                  builds/obj/io/serial.o
                                                  builds/obj/drivers/FATFilesystem.o
                                                  builds/obj/drivers/IDEController.o
                                                  builds/obj/drivers/PS2Controller.o
                                                  builds/obj/api/misc.o
                                                  builds/obj/kernel.o
tSystem.mouseZ                                    builds/obj/system/globals.o
                                                  builds/obj/video/screen.o
                                                  builds/obj/system/RTC.o
                                                  builds/obj/system/CPU.o
                                                  builds/obj/system/tasks.o
                                                  builds/obj/system/debug.o
                                                  builds/obj/system/memory.o
                                                  builds/obj/system/PCI.o
                                                  builds/obj/system/interrupts.o
                                                  builds/obj/io/storage.o
                                                  builds/obj/io/serial.o
                                                  builds/obj/drivers/FATFilesystem.o
                                                  builds/obj/drivers/IDEController.o
                                                  builds/obj/drivers/PS2Controller.o
                                                  builds/obj/api/misc.o
                                                  builds/obj/kernel.o
tSystem.multicoreAvailable                        builds/obj/system/globals.o
                                                  builds/obj/video/screen.o
                                                  builds/obj/system/RTC.o
                                                  builds/obj/system/CPU.o
                                                  builds/obj/system/tasks.o
                                                  builds/obj/system/debug.o
                                                  builds/obj/system/memory.o
                                                  builds/obj/system/PCI.o
                                                  builds/obj/system/interrupts.o
                                                  builds/obj/io/storage.o
                                                  builds/obj/io/serial.o
                                                  builds/obj/drivers/FATFilesystem.o
                                                  builds/obj/drivers/IDEController.o
                                                  builds/obj/drivers/PS2Controller.o
                                                  builds/obj/api/misc.o
                                                  builds/obj/kernel.o
tSystem.taskKernelStackSize                       builds/obj/system/globals.o
                                                  builds/obj/video/screen.o
                                                  builds/obj/system/RTC.o
                                                  builds/obj/system/CPU.o
                                                  builds/obj/system/tasks.o
                                                  builds/obj/system/debug.o
                                                  builds/obj/system/memory.o
                                                  builds/obj/system/PCI.o
                                                  builds/obj/system/interrupts.o
                                                  builds/obj/io/storage.o
                                                  builds/obj/io/serial.o
                                                  builds/obj/drivers/FATFilesystem.o
                                                  builds/obj/drivers/IDEController.o
                                                  builds/obj/drivers/PS2Controller.o
                                                  builds/obj/api/misc.o
                                                  builds/obj/kernel.o
tSystem.taskStackSize                             builds/obj/system/globals.o
                                                  builds/obj/video/screen.o
                                                  builds/obj/system/RTC.o
                                                  builds/obj/system/CPU.o
                                                  builds/obj/system/tasks.o
                                                  builds/obj/system/debug.o
                                                  builds/obj/system/memory.o
                                                  builds/obj/system/PCI.o
                                                  builds/obj/system/interrupts.o
                                                  builds/obj/io/storage.o
                                                  builds/obj/io/serial.o
                                                  builds/obj/drivers/FATFilesystem.o
                                                  builds/obj/drivers/IDEController.o
                                                  builds/obj/drivers/PS2Controller.o
                                                  builds/obj/api/misc.o
                                                  builds/obj/kernel.o
tSystem.taskingEnable                             builds/obj/system/globals.o
                                                  builds/obj/video/screen.o
                                                  builds/obj/system/RTC.o
                                                  builds/obj/system/CPU.o
                                                  builds/obj/system/tasks.o
                                                  builds/obj/system/debug.o
                                                  builds/obj/system/memory.o
                                                  builds/obj/system/PCI.o
                                                  builds/obj/system/interrupts.o
                                                  builds/obj/io/storage.o
                                                  builds/obj/io/serial.o
                                                  builds/obj/drivers/FATFilesystem.o
                                                  builds/obj/drivers/IDEController.o
                                                  builds/obj/drivers/PS2Controller.o
                                                  builds/obj/api/misc.o
                                                  builds/obj/kernel.o
tSystem.ticksSinceBoot                            builds/obj/system/globals.o
                                                  builds/obj/video/screen.o
                                                  builds/obj/system/RTC.o
                                                  builds/obj/system/CPU.o
                                                  builds/obj/system/tasks.o
                                                  builds/obj/system/debug.o
                                                  builds/obj/system/memory.o
                                                  builds/obj/system/PCI.o
                                                  builds/obj/system/interrupts.o
                                                  builds/obj/io/storage.o
                                                  builds/obj/io/serial.o
                                                  builds/obj/drivers/FATFilesystem.o
                                                  builds/obj/drivers/IDEController.o
                                                  builds/obj/drivers/PS2Controller.o
                                                  builds/obj/api/misc.o
                                                  builds/obj/kernel.o
tSystem.versionBuild                              builds/obj/system/globals.o
                                                  builds/obj/video/screen.o
                                                  builds/obj/system/RTC.o
                                                  builds/obj/system/CPU.o
                                                  builds/obj/system/tasks.o
                                                  builds/obj/system/debug.o
                                                  builds/obj/system/memory.o
                                                  builds/obj/system/PCI.o
                                                  builds/obj/system/interrupts.o
                                                  builds/obj/io/storage.o
                                                  builds/obj/io/serial.o
                                                  builds/obj/drivers/FATFilesystem.o
                                                  builds/obj/drivers/IDEController.o
                                                  builds/obj/drivers/PS2Controller.o
                                                  builds/obj/api/misc.o
                                                  builds/obj/kernel.o
tSystem.versionMajor                              builds/obj/system/globals.o
                                                  builds/obj/video/screen.o
                                                  builds/obj/system/RTC.o
                                                  builds/obj/system/CPU.o
                                                  builds/obj/system/tasks.o
                                                  builds/obj/system/debug.o
                                                  builds/obj/system/memory.o
                                                  builds/obj/system/PCI.o
                                                  builds/obj/system/interrupts.o
                                                  builds/obj/io/storage.o
                                                  builds/obj/io/serial.o
                                                  builds/obj/drivers/FATFilesystem.o
                                                  builds/obj/drivers/IDEController.o
                                                  builds/obj/drivers/PS2Controller.o
                                                  builds/obj/api/misc.o
                                                  builds/obj/kernel.o
tSystem.versionMinor                              builds/obj/system/globals.o
                                                  builds/obj/video/screen.o
                                                  builds/obj/system/RTC.o
                                                  builds/obj/system/CPU.o
                                                  builds/obj/system/tasks.o
                                                  builds/obj/system/debug.o
                                                  builds/obj/system/memory.o
                                                  builds/obj/system/PCI.o
                                                  builds/obj/system/interrupts.o
                                                  builds/obj/io/storage.o
                                                  builds/obj/io/serial.o
                                                  builds/obj/drivers/FATFilesystem.o
                                                  builds/obj/drivers/IDEController.o
                                                  builds/obj/drivers/PS2Controller.o
                                                  builds/obj/api/misc.o
                                                  builds/obj/kernel.o
tss.back_link                                     builds/obj/kernel.o
                                                  builds/obj/system/tasks.o
tss.cr3                                           builds/obj/kernel.o
                                                  builds/obj/system/tasks.o
tss.cs                                            builds/obj/kernel.o
                                                  builds/obj/system/tasks.o
tss.ds                                            builds/obj/kernel.o
                                                  builds/obj/system/tasks.o
tss.eax                                           builds/obj/kernel.o
                                                  builds/obj/system/tasks.o
tss.ebp                                           builds/obj/kernel.o
                                                  builds/obj/system/tasks.o
tss.ebx                                           builds/obj/kernel.o
                                                  builds/obj/system/tasks.o
tss.ecx                                           builds/obj/kernel.o
                                                  builds/obj/system/tasks.o
tss.edi                                           builds/obj/kernel.o
                                                  builds/obj/system/tasks.o
tss.edx                                           builds/obj/kernel.o
                                                  builds/obj/system/tasks.o
tss.eflags                                        builds/obj/kernel.o
                                                  builds/obj/system/tasks.o
tss.eip                                           builds/obj/kernel.o
                                                  builds/obj/system/tasks.o
tss.end                                           builds/obj/kernel.o
                                                  builds/obj/system/tasks.o
tss.es                                            builds/obj/kernel.o
                                                  builds/obj/system/tasks.o
tss.esi                                           builds/obj/kernel.o
                                                  builds/obj/system/tasks.o
tss.esp                                           builds/obj/kernel.o
                                                  builds/obj/system/tasks.o
tss.esp0                                          builds/obj/kernel.o
                                                  builds/obj/system/tasks.o
tss.esp1                                          builds/obj/kernel.o
                                                  builds/obj/system/tasks.o
tss.esp2                                          builds/obj/kernel.o
                                                  builds/obj/system/tasks.o
tss.fs                                            builds/obj/kernel.o
                                                  builds/obj/system/tasks.o
tss.gs                                            builds/obj/kernel.o
                                                  builds/obj/system/tasks.o
tss.iomap_base                                    builds/obj/kernel.o
                                                  builds/obj/system/tasks.o
tss.ldt                                           builds/obj/kernel.o
                                                  builds/obj/system/tasks.o
tss.ss                                            builds/obj/kernel.o
                                                  builds/obj/system/tasks.o
tss.ss0                                           builds/obj/kernel.o
                                                  builds/obj/system/tasks.o
tss.ss1                                           builds/obj/kernel.o
                                                  builds/obj/system/tasks.o
tss.ss2                                           builds/obj/kernel.o
                                                  builds/obj/system/tasks.o
tss.trap                                          builds/obj/kernel.o
                                                  builds/obj/system/tasks.o
