
Memory Configuration

Name             Origin             Length             Attributes
*default*        0x0000000000000000 0xffffffffffffffff

Linker script and memory map

                0x0000000000000600                phys = 0x600

.text           0x0000000000000600     0x8951
                0x0000000000000600                code = .
 *(.text)
 .text          0x0000000000000600      0x64b builds/obj/kernel.o
                0x0000000000000600                main
 .text          0x0000000000000c4b      0x416 builds/obj/api/lists.o
                0x0000000000000c4b                LMElementAddressGet
                0x0000000000000c81                LMElementCountGet
                0x0000000000000ca4                LMElementCountSet
                0x0000000000000cca                LMElementDelete
                0x0000000000000d00                LMElementDuplicate
                0x0000000000000d36                LMElementSizeGet
                0x0000000000000d5b                LMElementValidate
                0x0000000000000d79                LMItemAddAtSlot
                0x0000000000000db5                LMListCompact
                0x0000000000000dc6                LMListInit
                0x0000000000000e00                LMListSearch
                0x0000000000000e11                LMListValidate
                0x0000000000000e30                LMSlotFindFirstFree
                0x0000000000000e53                LMSlotFreeTest
                0x0000000000000e84                LM_Internal_ElementAddressGet
                0x0000000000000e9a                LM_Internal_ElementCountGet
                0x0000000000000ea9                LM_Internal_ElementCountSet
                0x0000000000000ebb                LM_Internal_ElementDelete
                0x0000000000000f2b                LM_Internal_ElementDuplicate
                0x0000000000000f9e                LM_Internal_ElementSizeGet
                0x0000000000000fad                LM_Internal_ItemAddAtSlot
                0x0000000000000fee                LM_Internal_ListCompact
                0x0000000000000ff7                LM_Internal_ListSearch
                0x0000000000001000                LM_Internal_SlotFindFirstFree
                0x000000000000102f                LM_Internal_SlotFreeTest
 .text          0x0000000000001061       0x63 builds/obj/api/misc.o
                0x0000000000001061                SetSystemAPM
                0x0000000000001081                Fail
                0x00000000000010a9                TimerWait
 .text          0x00000000000010c4      0xbbb builds/obj/api/strings.o
                0x00000000000010c4                ConvertByteToHexString16
                0x00000000000010f8                ConvertWordToHexString16
                0x0000000000001159                ConvertNumberBinaryToString
                0x0000000000001191                ConvertNumberDecimalToString
                0x00000000000011c9                ConvertNumberHexToString
                0x000000000000127d                ConvertNumberOctalToString
                0x00000000000012b5                ConvertStringBinaryToNumber
                0x0000000000001320                ConvertStringDecimalToNumber
                0x0000000000001395                ConvertStringHexToNumber
                0x0000000000001419                ConvertStringOctalToNumber
                0x0000000000001485                StringCaseLower
                0x00000000000014a6                StringCaseUpper
                0x00000000000014c7                StringCharAppend
                0x00000000000014e4                StringCharDelete
                0x000000000000150a                StringCharGet
                0x0000000000001545                StringCharPrepend
                0x000000000000156c                StringCharReplace
                0x000000000000158d                StringCharReplaceRange
                0x00000000000015bd                StringFill
                0x00000000000015d7                StringInsert
                0x000000000000163a                StringLength
                0x0000000000001656                StringPadLeft
                0x000000000000169d                StringPadRight
                0x00000000000016da                StringSearchCharLeft
                0x000000000000170d                StringSearchCharRight
                0x0000000000001744                StringSearchCharList
                0x00000000000017ad                StringTokenBinary
                0x000000000000184f                StringTokenDecimal
                0x00000000000018f1                StringTokenHexadecimal
                0x0000000000001993                StringTokenOctal
                0x0000000000001a35                StringTokenString
                0x0000000000001a8e                StringTrimLeft
                0x0000000000001abc                StringTrimRight
                0x0000000000001aeb                StringTruncateLeft
                0x0000000000001b1e                StringTruncateRight
                0x0000000000001b4a                StringWordCount
                0x0000000000001bcf                StringWordGet
 .text          0x0000000000001c7f      0xac9 builds/obj/drivers/PS2Controller.o
                0x0000000000001c7f                PS2ControllerCommand
                0x0000000000001d04                PS2ControllerInit
                0x0000000000001f03                PS2ControllerPortTest
                0x0000000000001f2d                PS2ControllerWaitDataRead
                0x0000000000001f5b                PS2ControllerWaitDataWrite
                0x0000000000001f89                PS2DeviceCommand
                0x0000000000002109                PS2DeviceIdentify
                0x0000000000002174                PS2InitKeyboard
                0x00000000000021dc                PS2InitMouse
                0x00000000000023b7                PS2InputHandlerDispatch
                0x000000000000241f                PS2InputHandlerKeyboard
                0x000000000000246c                PS2InputHandlerMouse
                0x00000000000025d8                PS2NewConnect
                0x000000000000261e                PS2Port1InterruptHandler
                0x0000000000002661                PS2Port2InterruptHandler
                0x00000000000026a4                PS2PortInitDevice
                0x000000000000272d                PS2PortSendTo2
 .text          0x0000000000002748      0x795 builds/obj/drivers/IDEController.o
                0x0000000000002748                IDEATAPISectorReadPIO
                0x000000000000287f                IDEATASectorReadLBA28PIO
                0x0000000000002933                IDEATASectorWriteLBA28PIO
                0x0000000000002b1b                IDEDriveIdentify
                0x0000000000002c79                IDEInit
                0x0000000000002ddc                IDEInterruptHandlerPrimary
                0x0000000000002dec                IDEInterruptHandlerSecondary
                0x0000000000002dfc                IDEServiceHandler
                0x0000000000002ea2                IDEWaitForReady
 .text          0x0000000000002edd     0x170d builds/obj/drivers/FATFilesystem.o
                0x0000000000002edd                FAT16CalcLBAClusterToSector
                0x0000000000002ef2                FAT16CalcSpaceNeeded
                0x0000000000002f28                FAT16CalcTableElementFromCluster
                0x0000000000002f43                FAT16ChainDelete
                0x0000000000003000                FAT16ChainGrow
                0x000000000000314a                FAT16ChainLength
                0x00000000000031fb                FAT16ChainRead
                0x000000000000330e                FAT16ChainResize
                0x000000000000334a                FAT16ChainShrink
                0x000000000000344c                FAT16ChainWrite
                0x0000000000003530                FAT16ClusterFreeFirstGet
                0x00000000000035f1                FAT16ClusterFreeTotalGet
                0x00000000000036a1                FAT16ClusterNextGet
                0x000000000000370e                FAT16ClusterNextSet
                0x000000000000378d                FAT16EntryBuild
                0x0000000000003824                FAT16FATBackup
                0x00000000000038b9                FAT16FileWrite
                0x00000000000038c0                FAT16ItemCount
                0x0000000000003919                FAT16ItemDelete
                0x00000000000039ea                FAT16ItemExists
                0x0000000000003a3a                FAT16ItemInfoAccessedGet
                0x0000000000003a9b                FAT16ItemInfoCreatedGet
                0x0000000000003b1f                FAT16ItemInfoModifiedGet
                0x0000000000003b9a                FAT16ItemInfoSizeGet
                0x0000000000003bef                FAT16ItemLoad
                0x0000000000003ced                FAT16ItemMatch
                0x0000000000003d53                FAT16ItemNew
                0x0000000000003f6a                FAT16ItemStore
                0x0000000000004088                FAT16PartitionCacheData
                0x00000000000041a4                FAT16PartitionInfo
                0x00000000000041d7                FAT16PathCanonicalize
                0x00000000000041f4                FAT16ServiceHandler
                0x00000000000043bc                FAT32ServiceHandler
                0x00000000000043f1                FATDecodeDate
                0x0000000000004434                FATDecodeTime
                0x0000000000004473                FATEncodeDate
                0x00000000000044f1                FATEncodeFilename
                0x0000000000004576                FATEncodeTime
 .text          0x00000000000045ea      0x5f3 builds/obj/io/serial.o
 .text          0x0000000000004bdd      0x796 builds/obj/io/storage.o
                0x0000000000004bdd                SMDiskRead
                0x0000000000004c1b                SMItemCount
                0x0000000000004c6f                SMItemDelete
                0x0000000000004cc2                SMItemExists
                0x0000000000004d15                SMItemInfoAccessedGet
                0x0000000000004d68                SMItemInfoCreatedGet
                0x0000000000004dbb                SMItemInfoModifiedGet
                0x0000000000004e0e                SMItemInfoSizeGet
                0x0000000000004e61                SMItemLoad
                0x0000000000004eb4                SMItemNew
                0x0000000000004f08                SMItemStore
                0x0000000000004f5d                SMPartitionEnumerate
                0x0000000000005104                SMPartitionMap
                0x000000000000515f                SMPartitionRead
                0x00000000000051c8                SMPartitionWrite
                0x0000000000005231                SMPartitionInfo
                0x0000000000005283                SMPathParentGet
                0x00000000000052a0                SMPathPartitionGet
                0x000000000000533d                SMPathPartitionStripDrive
                0x000000000000536a                SMPathValidate
 .text          0x0000000000005373        0x7 builds/obj/system/exec.o
 .text          0x000000000000537a       0x72 builds/obj/system/hardware.o
                0x000000000000537a                KeyGet
                0x00000000000053b2                KeyWait
                0x00000000000053c2                PITInit
                0x00000000000053d7                Reboot
 .text          0x00000000000053ec      0x306 builds/obj/system/tasks.o
                0x00000000000053ec                TaskInit
                0x0000000000005443                TaskKill
                0x00000000000054a4                TaskMemDisposeAll
                0x00000000000054e7                TaskNameSet
                0x0000000000005534                TaskNew
                0x0000000000005620                TaskSwitch
 .text          0x00000000000056f2      0xbf4 builds/obj/system/interrupts.o
                0x00000000000056f2                CriticalError
                0x00000000000059d2                IDTInit
                0x0000000000005a1c                InterruptHandlerGetAddress
                0x0000000000005a4b                InterruptHandlerGetFlags
                0x0000000000005a70                InterruptHandlerGetSelector
                0x0000000000005a96                InterruptHandlerSet
                0x0000000000005ada                InterruptUnimplemented
                0x0000000000005af7                ISRInitAll
                0x0000000000005e8e                ISR00
                0x0000000000005ea3                ISR01
                0x0000000000005eba                ISR02
                0x0000000000005ed5                ISR03
                0x0000000000005eec                ISR04
                0x0000000000005f07                ISR05
                0x0000000000005f22                ISR06
                0x0000000000005f3d                ISR07
                0x0000000000005f58                ISR08
                0x0000000000005f74                ISR09
                0x0000000000005f8f                ISR0A
                0x0000000000005fab                ISR0B
                0x0000000000005fc7                ISR0C
                0x0000000000005fe3                ISR0D
                0x0000000000006002                ISR0E
                0x000000000000601e                ISR0F
                0x0000000000006039                ISR10
                0x0000000000006054                ISR11
                0x0000000000006070                ISR12
                0x000000000000608b                ISR13
                0x00000000000060a6                ISR14
                0x00000000000060c1                ISR15
                0x00000000000060dc                ISR16
                0x00000000000060f7                ISR17
                0x0000000000006112                ISR18
                0x000000000000612d                ISR19
                0x0000000000006148                ISR1A
                0x0000000000006163                ISR1B
                0x000000000000617e                ISR1C
                0x0000000000006199                ISR1D
                0x00000000000061b4                ISR1E
                0x00000000000061d0                ISR1F
                0x00000000000061eb                ISR20
                0x00000000000061fe                ISR21
                0x0000000000006210                ISR22
                0x0000000000006222                ISR23
                0x0000000000006234                ISR24
                0x000000000000623a                ISR25
                0x000000000000624c                ISR26
                0x0000000000006252                ISR27
                0x0000000000006258                ISR28
                0x0000000000006268                ISR29
                0x000000000000627a                ISR2A
                0x000000000000628c                ISR2B
                0x000000000000629e                ISR2C
                0x00000000000062b0                ISR2D
                0x00000000000062c2                ISR2E
                0x00000000000062d4                ISR2F
 .text          0x00000000000062e6      0x4d8 builds/obj/system/PCI.o
                0x00000000000062e6                PCIProbe
                0x0000000000006304                PCICalculateNext
                0x0000000000006343                PCIDeviceInitAll
                0x00000000000064b0                PCIFunctionCheck
                0x00000000000064d9                PCIFunctionCountGet
                0x000000000000653f                PCIFunctionNextGet
                0x000000000000658d                PCIHandlerCommand
                0x00000000000065f1                PCIHandlerGet
                0x0000000000006615                PCIHandlerSet
                0x000000000000663c                PCIInfoClassGet
                0x0000000000006658                PCIInfoDeviceGet
                0x0000000000006674                PCIInfoProgIfGet
                0x0000000000006695                PCIInfoRevisionGet
                0x00000000000066b3                PCIInfoSubclassGet
                0x00000000000066d4                PCIInfoVendorGet
                0x00000000000066f2                PCIRegisterRead
                0x000000000000673e                PCIRegisterReadAll
                0x000000000000676f                PCIRegisterWrite
 .text          0x00000000000067be       0x33 builds/obj/system/CMOS.o
 .text          0x00000000000067f1       0x32 builds/obj/system/power.o
 .text          0x0000000000006823        0x0 builds/obj/system/globals.o
 .text          0x0000000000006823      0x990 builds/obj/system/memory.o
                0x0000000000006823                A20Check
                0x000000000000686e                A20Enable
                0x00000000000068fb                A20EnableBIOS
                0x0000000000006907                A20EnableFastA20
                0x0000000000006914                A20EnableKeyboardController
                0x0000000000006962                A20EnablePortEE
                0x000000000000696b                MemProbe
                0x0000000000006aab                MemAddressAlign
                0x0000000000006acd                MemAddressToBlock
                0x0000000000006b1b                MemAllocate
                0x0000000000006bca                MemAllocateAligned
                0x0000000000006cad                MemCompare
                0x0000000000006cd2                MemCopy
                0x0000000000006d13                MemDispose
                0x0000000000006d4a                MemFill
                0x0000000000006d69                MemFindMostSuitable
                0x0000000000006def                MemInit
                0x0000000000006e4b                MemMergeBlocks
                0x0000000000006f23                MemSearchWord
                0x0000000000006f49                MemSearchDWord
                0x0000000000006f6d                MemSearchString
                0x0000000000006fc5                MemShrinkFromBeginning
                0x0000000000007075                MemShrinkFromEnd
                0x0000000000007124                MemSwapWordBytes
                0x0000000000007142                MemSwapDwordWords
                0x000000000000715d                Mem_Internal_MemListGrow
                0x0000000000007188                Mem_Internal_MemListShrink
 .text          0x00000000000071b3      0x194 builds/obj/system/numbers.o
                0x00000000000071b3                QuadAdd16
                0x00000000000071f7                BCDToDecimal
                0x0000000000007240                CheckRange
                0x000000000000725a                QuadAdd
                0x0000000000007283                QuadShiftLeft
                0x00000000000072cc                QuadShiftRight
                0x0000000000007313                Random
 .text          0x0000000000007347       0x32 builds/obj/system/NKAPM.o
 .text          0x0000000000007379     0x11d8 builds/obj/system/debug.o
                0x0000000000007379                DebugCPUFeaturesEnable
                0x0000000000007391                DebugTraceDisable
                0x00000000000073a1                DebugTraceEnable
                0x00000000000073b1                Debugger
                0x00000000000076c4                DebugInstacrash
                0x00000000000076d0                DebugMemoryDetails
                0x00000000000077a9                DebugMenu
                0x000000000000791a                DebugPCIDevices
                0x0000000000007cd2                DebugRAMBrowser
                0x0000000000007e83                DebugStackTrace
                0x0000000000007ed8                DebugSystemInfo
                0x00000000000081da                DebugTaskBrowser
                0x0000000000008515                DebugVBoxLogWrite
                0x0000000000008541                DebugWaitForEscape
 .text          0x0000000000008551       0xe0 builds/obj/system/PIC.o
                0x0000000000008551                PICInit
                0x00000000000085a8                PICIntComplete
                0x00000000000085b9                PICIRQDisable
                0x00000000000085e2                PICIRQDisableAll
                0x00000000000085f5                PICIRQEnable
                0x000000000000861e                PICIRQEnableAll
 .text          0x0000000000008631       0x8a builds/obj/system/CPU.o
                0x0000000000008631                SetSystemCPUID
 .text          0x00000000000086bb      0x175 builds/obj/system/RTC.o
                0x00000000000086bb                RTCAdjustBCD
                0x000000000000872d                RTCInit
                0x000000000000877b                RTCInterruptHandler
 .text          0x0000000000008830      0x148 builds/obj/system/paging.o
                0x0000000000008830                PagingInit
                0x0000000000008840                PagingMap
                0x0000000000008888                PagingDirNew
 .text          0x0000000000008978      0x123 builds/obj/system/GDT.o
 .text          0x0000000000008a9b      0x4b6 builds/obj/video/screen.o
                0x0000000000008a9b                Print16
                0x0000000000008b2c                PrintIfConfigBits16
                0x0000000000008b44                PrintRegs16
                0x0000000000008bb2                ScreenClear16
                0x0000000000008be3                ScreenScroll16
                0x0000000000008c31                CursorHome
                0x0000000000008c46                Print32
                0x0000000000008d06                PrintIfConfigBits32
                0x0000000000008d41                PrintRAM32
                0x0000000000008e0a                PrintRegs32
                0x0000000000008ee0                ScreenClear32
                0x0000000000008f10                ScreenScroll32
 *(.rodata)

.data           0x0000000000008f54     0x1662
                0x0000000000008f54                data = .
 *(.data)
 .data          0x0000000000008f54      0x42e builds/obj/kernel.o
                0x000000000000931a                tss.back_link
                0x000000000000931e                tss.esp0
                0x0000000000009322                tss.ss0
                0x0000000000009326                tss.esp1
                0x000000000000932a                tss.ss1
                0x000000000000932e                tss.esp2
                0x0000000000009332                tss.ss2
                0x0000000000009336                tss.cr3
                0x000000000000933a                tss.eip
                0x000000000000933e                tss.eflags
                0x0000000000009342                tss.eax
                0x0000000000009346                tss.ecx
                0x000000000000934a                tss.edx
                0x000000000000934e                tss.ebx
                0x0000000000009352                tss.esp
                0x0000000000009356                tss.ebp
                0x000000000000935a                tss.esi
                0x000000000000935e                tss.edi
                0x0000000000009362                tss.es
                0x0000000000009366                tss.cs
                0x000000000000936a                tss.ss
                0x000000000000936e                tss.ds
                0x0000000000009372                tss.fs
                0x0000000000009376                tss.gs
                0x000000000000937a                tss.ldt
                0x000000000000937e                tss.trap
                0x0000000000009380                tss.iomap_base
                0x0000000000009382                tss.end
 .data          0x0000000000009382       0x10 builds/obj/api/strings.o
 .data          0x0000000000009392      0x198 builds/obj/drivers/PS2Controller.o
 .data          0x000000000000952a       0x32 builds/obj/drivers/IDEController.o
 .data          0x000000000000955c        0xc builds/obj/drivers/FATFilesystem.o
 .data          0x0000000000009568        0x2 builds/obj/io/storage.o
 .data          0x000000000000956a        0x2 builds/obj/system/hardware.o
                0x000000000000956a                kKeyBufferWrite
                0x000000000000956b                kKeyBufferRead
 .data          0x000000000000956c      0x4da builds/obj/system/interrupts.o
                0x000000000000956c                kIDTPtr
 .data          0x0000000000009a46       0x4b builds/obj/system/PCI.o
 .data          0x0000000000009a91       0xc5 builds/obj/system/globals.o
                0x0000000000009a91                tSystem.configBitsHint$
                0x0000000000009a9b                tSystem.configBits
                0x0000000000009a9f                tSystem.copyright$
                0x0000000000009ac3                tSystem.versionMajor
                0x0000000000009ac4                tSystem.versionMinor
                0x0000000000009ac5                tSystem.versionBuild
                0x0000000000009ac9                tSystem.ticksSinceBoot
                0x0000000000009acd                tSystem.currentTask
                0x0000000000009ad1                tSystem.currentTaskSlotAddress
                0x0000000000009ad5                tSystem.taskingEnable
                0x0000000000009ad6                tSystem.taskStackSize
                0x0000000000009ada                tSystem.taskKernelStackSize
                0x0000000000009ade                tSystem.multicoreAvailable
                0x0000000000009adf                tSystem.CPUIDVendor$
                0x0000000000009aef                tSystem.CPUIDBrand$
                0x0000000000009b2f                tSystem.CPUIDLargestBasicQuery
                0x0000000000009b33                tSystem.CPUIDLargestExtendedQuery
                0x0000000000009b37                tSystem.APMVersionMajor
                0x0000000000009b38                tSystem.APMVersionMinor
                0x0000000000009b39                tSystem.APMFeatures
                0x0000000000009b3b                tSystem.mouseButtonCount
                0x0000000000009b3c                tSystem.mouseButtons
                0x0000000000009b3d                tSystem.mousePacketByteSize
                0x0000000000009b3e                tSystem.mousePacketByteCount
                0x0000000000009b3f                tSystem.mousePacketByte0
                0x0000000000009b40                tSystem.mousePacketByte1
                0x0000000000009b41                tSystem.mousePacketByte2
                0x0000000000009b42                tSystem.mousePacketByte3
                0x0000000000009b43                tSystem.mouseWheelPresent
                0x0000000000009b44                tSystem.mouseX
                0x0000000000009b46                tSystem.mouseXLimit
                0x0000000000009b48                tSystem.mouseY
                0x0000000000009b4a                tSystem.mouseYLimit
                0x0000000000009b4c                tSystem.mouseZ
                0x0000000000009b4e                tSystem.memoryInstalledBytes
 .data          0x0000000000009b56      0x152 builds/obj/system/memory.o
 .data          0x0000000000009ca8        0x4 builds/obj/system/numbers.o
 .data          0x0000000000009cac        0x2 builds/obj/system/NKAPM.o
 .data          0x0000000000009cae      0x7a8 builds/obj/system/debug.o
 .data          0x000000000000a456       0x5b builds/obj/system/RTC.o
 .data          0x000000000000a4b1      0x105 builds/obj/video/screen.o
                0x000000000000a4b1                gCursorX
                0x000000000000a4b2                gCursorY
                0x000000000000a4b3                gTextColor
                0x000000000000a4b4                gBackColor
                0x000000000000a4b5                kMaxLines
                0x000000000000a4b6                kBytesPerScreen

.bss            0x000000000000a5b8      0x431
                0x000000000000a5b8                bss = .
 *(.bss)
 .bss           0x000000000000a5b8       0xb6 builds/obj/kernel.o
 .bss           0x000000000000a66e        0x4 builds/obj/system/hardware.o
                0x000000000000a66e                kKeyBufferAddress
 .bss           0x000000000000a672       0x50 builds/obj/system/interrupts.o
 .bss           0x000000000000a6c2       0x50 builds/obj/system/PCI.o
 .bss           0x000000000000a712       0x46 builds/obj/system/globals.o
                0x000000000000a712                tSystem.listDrives
                0x000000000000a716                tSystem.listDriveLetters
                0x000000000000a71a                tSystem.listFSHandlers
                0x000000000000a71e                tSystem.listMemory
                0x000000000000a722                tSystem.listPartitions
                0x000000000000a726                tSystem.listPCIHandlers
                0x000000000000a72a                tSystem.listTasks
                0x000000000000a72e                tSystem.memoryInitialAvailableBytes
                0x000000000000a732                tSystem.memoryFreeBytes
                0x000000000000a736                tSystem.memoryListReservedSpace
                0x000000000000a73a                tSystem.PCIDeviceCount
                0x000000000000a73e                tSystem.PCIVersion
                0x000000000000a742                tSystem.PCICapabilities
                0x000000000000a746                tSystem.PS2ControllerConfig
                0x000000000000a747                tSystem.PS2ControllerPort1Status
                0x000000000000a748                tSystem.PS2ControllerPort2Status
                0x000000000000a749                tSystem.PS2ControllerDeviceID1
                0x000000000000a74b                tSystem.PS2ControllerDeviceID2
                0x000000000000a74d                tSystem.RTCUpdateHandlerAddress
                0x000000000000a751                tSystem.RTCStatusRegisterB
                0x000000000000a752                tSystem.hours
                0x000000000000a753                tSystem.minutes
                0x000000000000a754                tSystem.seconds
                0x000000000000a755                tSystem.year
                0x000000000000a756                tSystem.month
                0x000000000000a757                tSystem.day
 .bss           0x000000000000a758      0x230 builds/obj/system/debug.o
 .bss           0x000000000000a988       0x61 builds/obj/video/screen.o
                0x000000000000a9e9                end = .
LOAD builds/obj/kernel.o
LOAD builds/obj/api/lists.o
LOAD builds/obj/api/misc.o
LOAD builds/obj/api/strings.o
LOAD builds/obj/drivers/PS2Controller.o
LOAD builds/obj/drivers/IDEController.o
LOAD builds/obj/drivers/FATFilesystem.o
LOAD builds/obj/io/serial.o
LOAD builds/obj/io/storage.o
LOAD builds/obj/system/exec.o
LOAD builds/obj/system/hardware.o
LOAD builds/obj/system/tasks.o
LOAD builds/obj/system/interrupts.o
LOAD builds/obj/system/PCI.o
LOAD builds/obj/system/CMOS.o
LOAD builds/obj/system/power.o
LOAD builds/obj/system/globals.o
LOAD builds/obj/system/memory.o
LOAD builds/obj/system/numbers.o
LOAD builds/obj/system/NKAPM.o
LOAD builds/obj/system/debug.o
LOAD builds/obj/system/PIC.o
LOAD builds/obj/system/CPU.o
LOAD builds/obj/system/RTC.o
LOAD builds/obj/system/paging.o
LOAD builds/obj/system/GDT.o
LOAD builds/obj/video/screen.o
OUTPUT(builds/KERNEL.SYS binary)

Cross Reference Table

Symbol                                            File
A20Check                                          builds/obj/system/memory.o
                                                  builds/obj/video/screen.o
                                                  builds/obj/system/paging.o
                                                  builds/obj/system/debug.o
                                                  builds/obj/system/PCI.o
                                                  builds/obj/system/interrupts.o
                                                  builds/obj/system/tasks.o
                                                  builds/obj/io/storage.o
                                                  builds/obj/drivers/FATFilesystem.o
                                                  builds/obj/drivers/IDEController.o
                                                  builds/obj/drivers/PS2Controller.o
                                                  builds/obj/api/strings.o
                                                  builds/obj/api/lists.o
                                                  builds/obj/kernel.o
A20Enable                                         builds/obj/system/memory.o
                                                  builds/obj/video/screen.o
                                                  builds/obj/system/paging.o
                                                  builds/obj/system/debug.o
                                                  builds/obj/system/PCI.o
                                                  builds/obj/system/interrupts.o
                                                  builds/obj/system/tasks.o
                                                  builds/obj/io/storage.o
                                                  builds/obj/drivers/FATFilesystem.o
                                                  builds/obj/drivers/IDEController.o
                                                  builds/obj/drivers/PS2Controller.o
                                                  builds/obj/api/strings.o
                                                  builds/obj/api/lists.o
                                                  builds/obj/kernel.o
A20EnableBIOS                                     builds/obj/system/memory.o
                                                  builds/obj/video/screen.o
                                                  builds/obj/system/paging.o
                                                  builds/obj/system/debug.o
                                                  builds/obj/system/PCI.o
                                                  builds/obj/system/interrupts.o
                                                  builds/obj/system/tasks.o
                                                  builds/obj/io/storage.o
                                                  builds/obj/drivers/FATFilesystem.o
                                                  builds/obj/drivers/IDEController.o
                                                  builds/obj/drivers/PS2Controller.o
                                                  builds/obj/api/strings.o
                                                  builds/obj/api/lists.o
                                                  builds/obj/kernel.o
A20EnableFastA20                                  builds/obj/system/memory.o
                                                  builds/obj/video/screen.o
                                                  builds/obj/system/paging.o
                                                  builds/obj/system/debug.o
                                                  builds/obj/system/PCI.o
                                                  builds/obj/system/interrupts.o
                                                  builds/obj/system/tasks.o
                                                  builds/obj/io/storage.o
                                                  builds/obj/drivers/FATFilesystem.o
                                                  builds/obj/drivers/IDEController.o
                                                  builds/obj/drivers/PS2Controller.o
                                                  builds/obj/api/strings.o
                                                  builds/obj/api/lists.o
                                                  builds/obj/kernel.o
A20EnableKeyboardController                       builds/obj/system/memory.o
                                                  builds/obj/video/screen.o
                                                  builds/obj/system/paging.o
                                                  builds/obj/system/debug.o
                                                  builds/obj/system/PCI.o
                                                  builds/obj/system/interrupts.o
                                                  builds/obj/system/tasks.o
                                                  builds/obj/io/storage.o
                                                  builds/obj/drivers/FATFilesystem.o
                                                  builds/obj/drivers/IDEController.o
                                                  builds/obj/drivers/PS2Controller.o
                                                  builds/obj/api/strings.o
                                                  builds/obj/api/lists.o
                                                  builds/obj/kernel.o
A20EnablePortEE                                   builds/obj/system/memory.o
                                                  builds/obj/video/screen.o
                                                  builds/obj/system/paging.o
                                                  builds/obj/system/debug.o
                                                  builds/obj/system/PCI.o
                                                  builds/obj/system/interrupts.o
                                                  builds/obj/system/tasks.o
                                                  builds/obj/io/storage.o
                                                  builds/obj/drivers/FATFilesystem.o
                                                  builds/obj/drivers/IDEController.o
                                                  builds/obj/drivers/PS2Controller.o
                                                  builds/obj/api/strings.o
                                                  builds/obj/api/lists.o
                                                  builds/obj/kernel.o
BCDToDecimal                                      builds/obj/system/numbers.o
                                                  builds/obj/system/RTC.o
                                                  builds/obj/system/debug.o
                                                  builds/obj/system/memory.o
                                                  builds/obj/io/storage.o
                                                  builds/obj/drivers/FATFilesystem.o
                                                  builds/obj/api/strings.o
CheckRange                                        builds/obj/system/numbers.o
                                                  builds/obj/system/RTC.o
                                                  builds/obj/system/debug.o
                                                  builds/obj/system/memory.o
                                                  builds/obj/io/storage.o
                                                  builds/obj/drivers/FATFilesystem.o
                                                  builds/obj/api/strings.o
ConvertByteToHexString16                          builds/obj/api/strings.o
                                                  builds/obj/video/screen.o
                                                  builds/obj/system/debug.o
                                                  builds/obj/system/memory.o
                                                  builds/obj/system/PCI.o
                                                  builds/obj/system/interrupts.o
                                                  builds/obj/system/tasks.o
                                                  builds/obj/io/storage.o
                                                  builds/obj/drivers/FATFilesystem.o
                                                  builds/obj/kernel.o
ConvertNumberBinaryToString                       builds/obj/api/strings.o
                                                  builds/obj/video/screen.o
                                                  builds/obj/system/debug.o
                                                  builds/obj/system/memory.o
                                                  builds/obj/system/PCI.o
                                                  builds/obj/system/interrupts.o
                                                  builds/obj/system/tasks.o
                                                  builds/obj/io/storage.o
                                                  builds/obj/drivers/FATFilesystem.o
                                                  builds/obj/kernel.o
ConvertNumberDecimalToString                      builds/obj/api/strings.o
                                                  builds/obj/video/screen.o
                                                  builds/obj/system/debug.o
                                                  builds/obj/system/memory.o
                                                  builds/obj/system/PCI.o
                                                  builds/obj/system/interrupts.o
                                                  builds/obj/system/tasks.o
                                                  builds/obj/io/storage.o
                                                  builds/obj/drivers/FATFilesystem.o
                                                  builds/obj/kernel.o
ConvertNumberHexToString                          builds/obj/api/strings.o
                                                  builds/obj/video/screen.o
                                                  builds/obj/system/debug.o
                                                  builds/obj/system/memory.o
                                                  builds/obj/system/PCI.o
                                                  builds/obj/system/interrupts.o
                                                  builds/obj/system/tasks.o
                                                  builds/obj/io/storage.o
                                                  builds/obj/drivers/FATFilesystem.o
                                                  builds/obj/kernel.o
ConvertNumberOctalToString                        builds/obj/api/strings.o
                                                  builds/obj/video/screen.o
                                                  builds/obj/system/debug.o
                                                  builds/obj/system/memory.o
                                                  builds/obj/system/PCI.o
                                                  builds/obj/system/interrupts.o
                                                  builds/obj/system/tasks.o
                                                  builds/obj/io/storage.o
                                                  builds/obj/drivers/FATFilesystem.o
                                                  builds/obj/kernel.o
ConvertStringBinaryToNumber                       builds/obj/api/strings.o
                                                  builds/obj/video/screen.o
                                                  builds/obj/system/debug.o
                                                  builds/obj/system/memory.o
                                                  builds/obj/system/PCI.o
                                                  builds/obj/system/interrupts.o
                                                  builds/obj/system/tasks.o
                                                  builds/obj/io/storage.o
                                                  builds/obj/drivers/FATFilesystem.o
                                                  builds/obj/kernel.o
ConvertStringDecimalToNumber                      builds/obj/api/strings.o
                                                  builds/obj/video/screen.o
                                                  builds/obj/system/debug.o
                                                  builds/obj/system/memory.o
                                                  builds/obj/system/PCI.o
                                                  builds/obj/system/interrupts.o
                                                  builds/obj/system/tasks.o
                                                  builds/obj/io/storage.o
                                                  builds/obj/drivers/FATFilesystem.o
                                                  builds/obj/kernel.o
ConvertStringHexToNumber                          builds/obj/api/strings.o
                                                  builds/obj/video/screen.o
                                                  builds/obj/system/debug.o
                                                  builds/obj/system/memory.o
                                                  builds/obj/system/PCI.o
                                                  builds/obj/system/interrupts.o
                                                  builds/obj/system/tasks.o
                                                  builds/obj/io/storage.o
                                                  builds/obj/drivers/FATFilesystem.o
                                                  builds/obj/kernel.o
ConvertStringOctalToNumber                        builds/obj/api/strings.o
                                                  builds/obj/video/screen.o
                                                  builds/obj/system/debug.o
                                                  builds/obj/system/memory.o
                                                  builds/obj/system/PCI.o
                                                  builds/obj/system/interrupts.o
                                                  builds/obj/system/tasks.o
                                                  builds/obj/io/storage.o
                                                  builds/obj/drivers/FATFilesystem.o
                                                  builds/obj/kernel.o
ConvertWordToHexString16                          builds/obj/api/strings.o
                                                  builds/obj/video/screen.o
                                                  builds/obj/system/debug.o
                                                  builds/obj/system/memory.o
                                                  builds/obj/system/PCI.o
                                                  builds/obj/system/interrupts.o
                                                  builds/obj/system/tasks.o
                                                  builds/obj/io/storage.o
                                                  builds/obj/drivers/FATFilesystem.o
                                                  builds/obj/kernel.o
CriticalError                                     builds/obj/system/interrupts.o
                                                  builds/obj/drivers/IDEController.o
                                                  builds/obj/drivers/PS2Controller.o
                                                  builds/obj/kernel.o
CursorHome                                        builds/obj/video/screen.o
                                                  builds/obj/system/RTC.o
                                                  builds/obj/system/debug.o
                                                  builds/obj/system/memory.o
                                                  builds/obj/system/PCI.o
                                                  builds/obj/system/interrupts.o
                                                  builds/obj/drivers/IDEController.o
                                                  builds/obj/drivers/PS2Controller.o
                                                  builds/obj/api/misc.o
                                                  builds/obj/kernel.o
DebugCPUFeaturesEnable                            builds/obj/system/debug.o
                                                  builds/obj/system/interrupts.o
                                                  builds/obj/kernel.o
DebugInstacrash                                   builds/obj/system/debug.o
                                                  builds/obj/system/interrupts.o
                                                  builds/obj/kernel.o
DebugMemoryDetails                                builds/obj/system/debug.o
                                                  builds/obj/system/interrupts.o
                                                  builds/obj/kernel.o
DebugMenu                                         builds/obj/system/debug.o
                                                  builds/obj/system/interrupts.o
                                                  builds/obj/kernel.o
DebugPCIDevices                                   builds/obj/system/debug.o
                                                  builds/obj/system/interrupts.o
                                                  builds/obj/kernel.o
DebugRAMBrowser                                   builds/obj/system/debug.o
                                                  builds/obj/system/interrupts.o
                                                  builds/obj/kernel.o
DebugStackTrace                                   builds/obj/system/debug.o
                                                  builds/obj/system/interrupts.o
                                                  builds/obj/kernel.o
DebugSystemInfo                                   builds/obj/system/debug.o
                                                  builds/obj/system/interrupts.o
                                                  builds/obj/kernel.o
DebugTaskBrowser                                  builds/obj/system/debug.o
                                                  builds/obj/system/interrupts.o
                                                  builds/obj/kernel.o
DebugTraceDisable                                 builds/obj/system/debug.o
                                                  builds/obj/system/interrupts.o
                                                  builds/obj/kernel.o
DebugTraceEnable                                  builds/obj/system/debug.o
                                                  builds/obj/system/interrupts.o
                                                  builds/obj/kernel.o
DebugVBoxLogWrite                                 builds/obj/system/debug.o
                                                  builds/obj/system/interrupts.o
                                                  builds/obj/kernel.o
DebugWaitForEscape                                builds/obj/system/debug.o
                                                  builds/obj/system/interrupts.o
                                                  builds/obj/kernel.o
Debugger                                          builds/obj/system/debug.o
                                                  builds/obj/system/interrupts.o
                                                  builds/obj/kernel.o
FAT16CalcLBAClusterToSector                       builds/obj/drivers/FATFilesystem.o
                                                  builds/obj/kernel.o
FAT16CalcSpaceNeeded                              builds/obj/drivers/FATFilesystem.o
                                                  builds/obj/kernel.o
FAT16CalcTableElementFromCluster                  builds/obj/drivers/FATFilesystem.o
                                                  builds/obj/kernel.o
FAT16ChainDelete                                  builds/obj/drivers/FATFilesystem.o
                                                  builds/obj/kernel.o
FAT16ChainGrow                                    builds/obj/drivers/FATFilesystem.o
                                                  builds/obj/kernel.o
FAT16ChainLength                                  builds/obj/drivers/FATFilesystem.o
                                                  builds/obj/kernel.o
FAT16ChainRead                                    builds/obj/drivers/FATFilesystem.o
                                                  builds/obj/kernel.o
FAT16ChainResize                                  builds/obj/drivers/FATFilesystem.o
                                                  builds/obj/kernel.o
FAT16ChainShrink                                  builds/obj/drivers/FATFilesystem.o
                                                  builds/obj/kernel.o
FAT16ChainWrite                                   builds/obj/drivers/FATFilesystem.o
                                                  builds/obj/kernel.o
FAT16ClusterFreeFirstGet                          builds/obj/drivers/FATFilesystem.o
                                                  builds/obj/kernel.o
FAT16ClusterFreeTotalGet                          builds/obj/drivers/FATFilesystem.o
                                                  builds/obj/kernel.o
FAT16ClusterNextGet                               builds/obj/drivers/FATFilesystem.o
                                                  builds/obj/kernel.o
FAT16ClusterNextSet                               builds/obj/drivers/FATFilesystem.o
                                                  builds/obj/kernel.o
FAT16EntryBuild                                   builds/obj/drivers/FATFilesystem.o
                                                  builds/obj/kernel.o
FAT16FATBackup                                    builds/obj/drivers/FATFilesystem.o
                                                  builds/obj/kernel.o
FAT16FileWrite                                    builds/obj/drivers/FATFilesystem.o
                                                  builds/obj/kernel.o
FAT16ItemCount                                    builds/obj/drivers/FATFilesystem.o
                                                  builds/obj/kernel.o
FAT16ItemDelete                                   builds/obj/drivers/FATFilesystem.o
                                                  builds/obj/kernel.o
FAT16ItemExists                                   builds/obj/drivers/FATFilesystem.o
                                                  builds/obj/kernel.o
FAT16ItemInfoAccessedGet                          builds/obj/drivers/FATFilesystem.o
                                                  builds/obj/kernel.o
FAT16ItemInfoCreatedGet                           builds/obj/drivers/FATFilesystem.o
                                                  builds/obj/kernel.o
FAT16ItemInfoModifiedGet                          builds/obj/drivers/FATFilesystem.o
                                                  builds/obj/kernel.o
FAT16ItemInfoSizeGet                              builds/obj/drivers/FATFilesystem.o
                                                  builds/obj/kernel.o
FAT16ItemLoad                                     builds/obj/drivers/FATFilesystem.o
                                                  builds/obj/kernel.o
FAT16ItemMatch                                    builds/obj/drivers/FATFilesystem.o
                                                  builds/obj/kernel.o
FAT16ItemNew                                      builds/obj/drivers/FATFilesystem.o
                                                  builds/obj/kernel.o
FAT16ItemStore                                    builds/obj/drivers/FATFilesystem.o
                                                  builds/obj/kernel.o
FAT16PartitionCacheData                           builds/obj/drivers/FATFilesystem.o
                                                  builds/obj/kernel.o
FAT16PartitionInfo                                builds/obj/drivers/FATFilesystem.o
                                                  builds/obj/kernel.o
FAT16PathCanonicalize                             builds/obj/drivers/FATFilesystem.o
                                                  builds/obj/kernel.o
FAT16ServiceHandler                               builds/obj/drivers/FATFilesystem.o
                                                  builds/obj/kernel.o
FAT32ServiceHandler                               builds/obj/drivers/FATFilesystem.o
                                                  builds/obj/kernel.o
FATDecodeDate                                     builds/obj/drivers/FATFilesystem.o
                                                  builds/obj/kernel.o
FATDecodeTime                                     builds/obj/drivers/FATFilesystem.o
                                                  builds/obj/kernel.o
FATEncodeDate                                     builds/obj/drivers/FATFilesystem.o
                                                  builds/obj/kernel.o
FATEncodeFilename                                 builds/obj/drivers/FATFilesystem.o
                                                  builds/obj/kernel.o
FATEncodeTime                                     builds/obj/drivers/FATFilesystem.o
                                                  builds/obj/kernel.o
Fail                                              builds/obj/api/misc.o
                                                  builds/obj/system/interrupts.o
                                                  builds/obj/drivers/PS2Controller.o
                                                  builds/obj/kernel.o
IDEATAPISectorReadPIO                             builds/obj/drivers/IDEController.o
                                                  builds/obj/kernel.o
IDEATASectorReadLBA28PIO                          builds/obj/drivers/IDEController.o
                                                  builds/obj/kernel.o
IDEATASectorWriteLBA28PIO                         builds/obj/drivers/IDEController.o
                                                  builds/obj/kernel.o
IDEDetectChannelDevices                           builds/obj/kernel.o
IDEDriveIdentify                                  builds/obj/drivers/IDEController.o
                                                  builds/obj/kernel.o
IDEInit                                           builds/obj/drivers/IDEController.o
                                                  builds/obj/kernel.o
IDEInterruptHandlerPrimary                        builds/obj/drivers/IDEController.o
                                                  builds/obj/kernel.o
IDEInterruptHandlerSecondary                      builds/obj/drivers/IDEController.o
                                                  builds/obj/kernel.o
IDEServiceHandler                                 builds/obj/drivers/IDEController.o
                                                  builds/obj/kernel.o
IDEWaitForReady                                   builds/obj/drivers/IDEController.o
                                                  builds/obj/kernel.o
IDTInit                                           builds/obj/system/interrupts.o
                                                  builds/obj/drivers/IDEController.o
                                                  builds/obj/drivers/PS2Controller.o
                                                  builds/obj/kernel.o
ISR00                                             builds/obj/system/interrupts.o
                                                  builds/obj/drivers/IDEController.o
                                                  builds/obj/drivers/PS2Controller.o
                                                  builds/obj/kernel.o
ISR01                                             builds/obj/system/interrupts.o
                                                  builds/obj/drivers/IDEController.o
                                                  builds/obj/drivers/PS2Controller.o
                                                  builds/obj/kernel.o
ISR02                                             builds/obj/system/interrupts.o
                                                  builds/obj/drivers/IDEController.o
                                                  builds/obj/drivers/PS2Controller.o
                                                  builds/obj/kernel.o
ISR03                                             builds/obj/system/interrupts.o
                                                  builds/obj/drivers/IDEController.o
                                                  builds/obj/drivers/PS2Controller.o
                                                  builds/obj/kernel.o
ISR04                                             builds/obj/system/interrupts.o
                                                  builds/obj/drivers/IDEController.o
                                                  builds/obj/drivers/PS2Controller.o
                                                  builds/obj/kernel.o
ISR05                                             builds/obj/system/interrupts.o
                                                  builds/obj/drivers/IDEController.o
                                                  builds/obj/drivers/PS2Controller.o
                                                  builds/obj/kernel.o
ISR06                                             builds/obj/system/interrupts.o
                                                  builds/obj/drivers/IDEController.o
                                                  builds/obj/drivers/PS2Controller.o
                                                  builds/obj/kernel.o
ISR07                                             builds/obj/system/interrupts.o
                                                  builds/obj/drivers/IDEController.o
                                                  builds/obj/drivers/PS2Controller.o
                                                  builds/obj/kernel.o
ISR08                                             builds/obj/system/interrupts.o
                                                  builds/obj/drivers/IDEController.o
                                                  builds/obj/drivers/PS2Controller.o
                                                  builds/obj/kernel.o
ISR09                                             builds/obj/system/interrupts.o
                                                  builds/obj/drivers/IDEController.o
                                                  builds/obj/drivers/PS2Controller.o
                                                  builds/obj/kernel.o
ISR0A                                             builds/obj/system/interrupts.o
                                                  builds/obj/drivers/IDEController.o
                                                  builds/obj/drivers/PS2Controller.o
                                                  builds/obj/kernel.o
ISR0B                                             builds/obj/system/interrupts.o
                                                  builds/obj/drivers/IDEController.o
                                                  builds/obj/drivers/PS2Controller.o
                                                  builds/obj/kernel.o
ISR0C                                             builds/obj/system/interrupts.o
                                                  builds/obj/drivers/IDEController.o
                                                  builds/obj/drivers/PS2Controller.o
                                                  builds/obj/kernel.o
ISR0D                                             builds/obj/system/interrupts.o
                                                  builds/obj/drivers/IDEController.o
                                                  builds/obj/drivers/PS2Controller.o
                                                  builds/obj/kernel.o
ISR0E                                             builds/obj/system/interrupts.o
                                                  builds/obj/drivers/IDEController.o
                                                  builds/obj/drivers/PS2Controller.o
                                                  builds/obj/kernel.o
ISR0F                                             builds/obj/system/interrupts.o
                                                  builds/obj/drivers/IDEController.o
                                                  builds/obj/drivers/PS2Controller.o
                                                  builds/obj/kernel.o
ISR10                                             builds/obj/system/interrupts.o
                                                  builds/obj/drivers/IDEController.o
                                                  builds/obj/drivers/PS2Controller.o
                                                  builds/obj/kernel.o
ISR11                                             builds/obj/system/interrupts.o
                                                  builds/obj/drivers/IDEController.o
                                                  builds/obj/drivers/PS2Controller.o
                                                  builds/obj/kernel.o
ISR12                                             builds/obj/system/interrupts.o
                                                  builds/obj/drivers/IDEController.o
                                                  builds/obj/drivers/PS2Controller.o
                                                  builds/obj/kernel.o
ISR13                                             builds/obj/system/interrupts.o
                                                  builds/obj/drivers/IDEController.o
                                                  builds/obj/drivers/PS2Controller.o
                                                  builds/obj/kernel.o
ISR14                                             builds/obj/system/interrupts.o
                                                  builds/obj/drivers/IDEController.o
                                                  builds/obj/drivers/PS2Controller.o
                                                  builds/obj/kernel.o
ISR15                                             builds/obj/system/interrupts.o
                                                  builds/obj/drivers/IDEController.o
                                                  builds/obj/drivers/PS2Controller.o
                                                  builds/obj/kernel.o
ISR16                                             builds/obj/system/interrupts.o
                                                  builds/obj/drivers/IDEController.o
                                                  builds/obj/drivers/PS2Controller.o
                                                  builds/obj/kernel.o
ISR17                                             builds/obj/system/interrupts.o
                                                  builds/obj/drivers/IDEController.o
                                                  builds/obj/drivers/PS2Controller.o
                                                  builds/obj/kernel.o
ISR18                                             builds/obj/system/interrupts.o
                                                  builds/obj/drivers/IDEController.o
                                                  builds/obj/drivers/PS2Controller.o
                                                  builds/obj/kernel.o
ISR19                                             builds/obj/system/interrupts.o
                                                  builds/obj/drivers/IDEController.o
                                                  builds/obj/drivers/PS2Controller.o
                                                  builds/obj/kernel.o
ISR1A                                             builds/obj/system/interrupts.o
                                                  builds/obj/drivers/IDEController.o
                                                  builds/obj/drivers/PS2Controller.o
                                                  builds/obj/kernel.o
ISR1B                                             builds/obj/system/interrupts.o
                                                  builds/obj/drivers/IDEController.o
                                                  builds/obj/drivers/PS2Controller.o
                                                  builds/obj/kernel.o
ISR1C                                             builds/obj/system/interrupts.o
                                                  builds/obj/drivers/IDEController.o
                                                  builds/obj/drivers/PS2Controller.o
                                                  builds/obj/kernel.o
ISR1D                                             builds/obj/system/interrupts.o
                                                  builds/obj/drivers/IDEController.o
                                                  builds/obj/drivers/PS2Controller.o
                                                  builds/obj/kernel.o
ISR1E                                             builds/obj/system/interrupts.o
                                                  builds/obj/drivers/IDEController.o
                                                  builds/obj/drivers/PS2Controller.o
                                                  builds/obj/kernel.o
ISR1F                                             builds/obj/system/interrupts.o
                                                  builds/obj/drivers/IDEController.o
                                                  builds/obj/drivers/PS2Controller.o
                                                  builds/obj/kernel.o
ISR20                                             builds/obj/system/interrupts.o
                                                  builds/obj/drivers/IDEController.o
                                                  builds/obj/drivers/PS2Controller.o
                                                  builds/obj/kernel.o
ISR21                                             builds/obj/system/interrupts.o
                                                  builds/obj/drivers/IDEController.o
                                                  builds/obj/drivers/PS2Controller.o
                                                  builds/obj/kernel.o
ISR22                                             builds/obj/system/interrupts.o
                                                  builds/obj/drivers/IDEController.o
                                                  builds/obj/drivers/PS2Controller.o
                                                  builds/obj/kernel.o
ISR23                                             builds/obj/system/interrupts.o
                                                  builds/obj/drivers/IDEController.o
                                                  builds/obj/drivers/PS2Controller.o
                                                  builds/obj/kernel.o
ISR24                                             builds/obj/system/interrupts.o
                                                  builds/obj/drivers/IDEController.o
                                                  builds/obj/drivers/PS2Controller.o
                                                  builds/obj/kernel.o
ISR25                                             builds/obj/system/interrupts.o
                                                  builds/obj/drivers/IDEController.o
                                                  builds/obj/drivers/PS2Controller.o
                                                  builds/obj/kernel.o
ISR26                                             builds/obj/system/interrupts.o
                                                  builds/obj/drivers/IDEController.o
                                                  builds/obj/drivers/PS2Controller.o
                                                  builds/obj/kernel.o
ISR27                                             builds/obj/system/interrupts.o
                                                  builds/obj/drivers/IDEController.o
                                                  builds/obj/drivers/PS2Controller.o
                                                  builds/obj/kernel.o
ISR28                                             builds/obj/system/interrupts.o
                                                  builds/obj/drivers/IDEController.o
                                                  builds/obj/drivers/PS2Controller.o
                                                  builds/obj/kernel.o
ISR29                                             builds/obj/system/interrupts.o
                                                  builds/obj/drivers/IDEController.o
                                                  builds/obj/drivers/PS2Controller.o
                                                  builds/obj/kernel.o
ISR2A                                             builds/obj/system/interrupts.o
                                                  builds/obj/drivers/IDEController.o
                                                  builds/obj/drivers/PS2Controller.o
                                                  builds/obj/kernel.o
ISR2B                                             builds/obj/system/interrupts.o
                                                  builds/obj/drivers/IDEController.o
                                                  builds/obj/drivers/PS2Controller.o
                                                  builds/obj/kernel.o
ISR2C                                             builds/obj/system/interrupts.o
                                                  builds/obj/drivers/IDEController.o
                                                  builds/obj/drivers/PS2Controller.o
                                                  builds/obj/kernel.o
ISR2D                                             builds/obj/system/interrupts.o
                                                  builds/obj/drivers/IDEController.o
                                                  builds/obj/drivers/PS2Controller.o
                                                  builds/obj/kernel.o
ISR2E                                             builds/obj/system/interrupts.o
                                                  builds/obj/drivers/IDEController.o
                                                  builds/obj/drivers/PS2Controller.o
                                                  builds/obj/kernel.o
ISR2F                                             builds/obj/system/interrupts.o
                                                  builds/obj/drivers/IDEController.o
                                                  builds/obj/drivers/PS2Controller.o
                                                  builds/obj/kernel.o
ISRInitAll                                        builds/obj/system/interrupts.o
                                                  builds/obj/drivers/IDEController.o
                                                  builds/obj/drivers/PS2Controller.o
                                                  builds/obj/kernel.o
InterruptHandlerGetAddress                        builds/obj/system/interrupts.o
                                                  builds/obj/drivers/IDEController.o
                                                  builds/obj/drivers/PS2Controller.o
                                                  builds/obj/kernel.o
InterruptHandlerGetFlags                          builds/obj/system/interrupts.o
                                                  builds/obj/drivers/IDEController.o
                                                  builds/obj/drivers/PS2Controller.o
                                                  builds/obj/kernel.o
InterruptHandlerGetSelector                       builds/obj/system/interrupts.o
                                                  builds/obj/drivers/IDEController.o
                                                  builds/obj/drivers/PS2Controller.o
                                                  builds/obj/kernel.o
InterruptHandlerSet                               builds/obj/system/interrupts.o
                                                  builds/obj/drivers/IDEController.o
                                                  builds/obj/drivers/PS2Controller.o
                                                  builds/obj/kernel.o
InterruptUnimplemented                            builds/obj/system/interrupts.o
                                                  builds/obj/drivers/IDEController.o
                                                  builds/obj/drivers/PS2Controller.o
                                                  builds/obj/kernel.o
KeyGet                                            builds/obj/system/hardware.o
                                                  builds/obj/system/debug.o
                                                  builds/obj/system/interrupts.o
                                                  builds/obj/drivers/PS2Controller.o
                                                  builds/obj/kernel.o
KeyWait                                           builds/obj/system/hardware.o
                                                  builds/obj/system/debug.o
                                                  builds/obj/system/interrupts.o
                                                  builds/obj/drivers/PS2Controller.o
                                                  builds/obj/kernel.o
LMElementAddressGet                               builds/obj/api/lists.o
                                                  builds/obj/system/debug.o
                                                  builds/obj/system/memory.o
                                                  builds/obj/system/PCI.o
                                                  builds/obj/system/tasks.o
                                                  builds/obj/io/storage.o
                                                  builds/obj/drivers/FATFilesystem.o
                                                  builds/obj/drivers/IDEController.o
                                                  builds/obj/kernel.o
LMElementCountGet                                 builds/obj/api/lists.o
                                                  builds/obj/system/debug.o
                                                  builds/obj/system/memory.o
                                                  builds/obj/system/PCI.o
                                                  builds/obj/system/tasks.o
                                                  builds/obj/io/storage.o
                                                  builds/obj/drivers/FATFilesystem.o
                                                  builds/obj/drivers/IDEController.o
                                                  builds/obj/kernel.o
LMElementCountSet                                 builds/obj/api/lists.o
                                                  builds/obj/system/debug.o
                                                  builds/obj/system/memory.o
                                                  builds/obj/system/PCI.o
                                                  builds/obj/system/tasks.o
                                                  builds/obj/io/storage.o
                                                  builds/obj/drivers/FATFilesystem.o
                                                  builds/obj/drivers/IDEController.o
                                                  builds/obj/kernel.o
LMElementDelete                                   builds/obj/api/lists.o
                                                  builds/obj/system/debug.o
                                                  builds/obj/system/memory.o
[...]
                                                  builds/obj/video/screen.o
                                                  builds/obj/system/RTC.o
                                                  builds/obj/system/CPU.o
                                                  builds/obj/system/debug.o
                                                  builds/obj/system/memory.o
                                                  builds/obj/system/PCI.o
                                                  builds/obj/system/interrupts.o
                                                  builds/obj/system/tasks.o
                                                  builds/obj/io/storage.o
                                                  builds/obj/io/serial.o
                                                  builds/obj/drivers/FATFilesystem.o
                                                  builds/obj/drivers/IDEController.o
                                                  builds/obj/drivers/PS2Controller.o
                                                  builds/obj/api/misc.o
                                                  builds/obj/kernel.o
tSystem.taskKernelStackSize                       builds/obj/system/globals.o
                                                  builds/obj/video/screen.o
                                                  builds/obj/system/RTC.o
                                                  builds/obj/system/CPU.o
                                                  builds/obj/system/debug.o
                                                  builds/obj/system/memory.o
                                                  builds/obj/system/PCI.o
                                                  builds/obj/system/interrupts.o
                                                  builds/obj/system/tasks.o
                                                  builds/obj/io/storage.o
                                                  builds/obj/io/serial.o
                                                  builds/obj/drivers/FATFilesystem.o
                                                  builds/obj/drivers/IDEController.o
                                                  builds/obj/drivers/PS2Controller.o
                                                  builds/obj/api/misc.o
                                                  builds/obj/kernel.o
tSystem.taskStackSize                             builds/obj/system/globals.o
                                                  builds/obj/video/screen.o
                                                  builds/obj/system/RTC.o
                                                  builds/obj/system/CPU.o
                                                  builds/obj/system/debug.o
                                                  builds/obj/system/memory.o
                                                  builds/obj/system/PCI.o
                                                  builds/obj/system/interrupts.o
                                                  builds/obj/system/tasks.o
                                                  builds/obj/io/storage.o
                                                  builds/obj/io/serial.o
                                                  builds/obj/drivers/FATFilesystem.o
                                                  builds/obj/drivers/IDEController.o
                                                  builds/obj/drivers/PS2Controller.o
                                                  builds/obj/api/misc.o
                                                  builds/obj/kernel.o
tSystem.taskingEnable                             builds/obj/system/globals.o
                                                  builds/obj/video/screen.o
                                                  builds/obj/system/RTC.o
                                                  builds/obj/system/CPU.o
                                                  builds/obj/system/debug.o
                                                  builds/obj/system/memory.o
                                                  builds/obj/system/PCI.o
                                                  builds/obj/system/interrupts.o
                                                  builds/obj/system/tasks.o
                                                  builds/obj/io/storage.o
                                                  builds/obj/io/serial.o
                                                  builds/obj/drivers/FATFilesystem.o
                                                  builds/obj/drivers/IDEController.o
                                                  builds/obj/drivers/PS2Controller.o
                                                  builds/obj/api/misc.o
                                                  builds/obj/kernel.o
tSystem.ticksSinceBoot                            builds/obj/system/globals.o
                                                  builds/obj/video/screen.o
                                                  builds/obj/system/RTC.o
                                                  builds/obj/system/CPU.o
                                                  builds/obj/system/debug.o
                                                  builds/obj/system/memory.o
                                                  builds/obj/system/PCI.o
                                                  builds/obj/system/interrupts.o
                                                  builds/obj/system/tasks.o
                                                  builds/obj/io/storage.o
                                                  builds/obj/io/serial.o
                                                  builds/obj/drivers/FATFilesystem.o
                                                  builds/obj/drivers/IDEController.o
                                                  builds/obj/drivers/PS2Controller.o
                                                  builds/obj/api/misc.o
                                                  builds/obj/kernel.o
tSystem.versionBuild                              builds/obj/system/globals.o
                                                  builds/obj/video/screen.o
                                                  builds/obj/system/RTC.o
                                                  builds/obj/system/CPU.o
                                                  builds/obj/system/debug.o
                                                  builds/obj/system/memory.o
                                                  builds/obj/system/PCI.o
                                                  builds/obj/system/interrupts.o
                                                  builds/obj/system/tasks.o
                                                  builds/obj/io/storage.o
                                                  builds/obj/io/serial.o
                                                  builds/obj/drivers/FATFilesystem.o
                                                  builds/obj/drivers/IDEController.o
                                                  builds/obj/drivers/PS2Controller.o
                                                  builds/obj/api/misc.o
                                                  builds/obj/kernel.o
tSystem.versionMajor                              builds/obj/system/globals.o
                                                  builds/obj/video/screen.o
                                                  builds/obj/system/RTC.o
                                                  builds/obj/system/CPU.o
                                                  builds/obj/system/debug.o
                                                  builds/obj/system/memory.o
                                                  builds/obj/system/PCI.o
                                                  builds/obj/system/interrupts.o
                                                  builds/obj/system/tasks.o
                                                  builds/obj/io/storage.o
                                                  builds/obj/io/serial.o
                                                  builds/obj/drivers/FATFilesystem.o
                                                  builds/obj/drivers/IDEController.o
                                                  builds/obj/drivers/PS2Controller.o
                                                  builds/obj/api/misc.o
                                                  builds/obj/kernel.o
tSystem.versionMinor                              builds/obj/system/globals.o
                                                  builds/obj/video/screen.o
                                                  builds/obj/system/RTC.o
                                                  builds/obj/system/CPU.o
                                                  builds/obj/system/debug.o
                                                  builds/obj/system/memory.o
                                                  builds/obj/system/PCI.o
                                                  builds/obj/system/interrupts.o
                                                  builds/obj/system/tasks.o
                                                  builds/obj/io/storage.o
                                                  builds/obj/io/serial.o
                                                  builds/obj/drivers/FATFilesystem.o
                                                  builds/obj/drivers/IDEController.o
                                                  builds/obj/drivers/PS2Controller.o
                                                  builds/obj/api/misc.o
                                                  builds/obj/kernel.o
tSystem.year                                      builds/obj/system/globals.o
                                                  builds/obj/video/screen.o
                                                  builds/obj/system/RTC.o
                                                  builds/obj/system/CPU.o
                                                  builds/obj/system/debug.o
                                                  builds/obj/system/memory.o
                                                  builds/obj/system/PCI.o
                                                  builds/obj/system/interrupts.o
                                                  builds/obj/system/tasks.o
                                                  builds/obj/io/storage.o
                                                  builds/obj/io/serial.o
                                                  builds/obj/drivers/FATFilesystem.o
                                                  builds/obj/drivers/IDEController.o
                                                  builds/obj/drivers/PS2Controller.o
                                                  builds/obj/api/misc.o
                                                  builds/obj/kernel.o
tTaskInfo.cycleCountHigh                          builds/obj/system/tasks.o
                                                  builds/obj/system/debug.o
                                                  builds/obj/system/interrupts.o
                                                  builds/obj/kernel.o
tTaskInfo.cycleCountLow                           builds/obj/system/tasks.o
                                                  builds/obj/system/debug.o
                                                  builds/obj/system/interrupts.o
                                                  builds/obj/kernel.o
tTaskInfo.entryPoint                              builds/obj/system/tasks.o
                                                  builds/obj/system/debug.o
                                                  builds/obj/system/interrupts.o
                                                  builds/obj/kernel.o
tTaskInfo.esp                                     builds/obj/system/tasks.o
                                                  builds/obj/system/debug.o
                                                  builds/obj/system/interrupts.o
                                                  builds/obj/kernel.o
tTaskInfo.esp0                                    builds/obj/system/tasks.o
                                                  builds/obj/system/debug.o
                                                  builds/obj/system/interrupts.o
                                                  builds/obj/kernel.o
tTaskInfo.kernelStackAddress                      builds/obj/system/tasks.o
                                                  builds/obj/system/debug.o
                                                  builds/obj/system/interrupts.o
                                                  builds/obj/kernel.o
tTaskInfo.name                                    builds/obj/system/tasks.o
                                                  builds/obj/system/debug.o
                                                  builds/obj/system/interrupts.o
                                                  builds/obj/kernel.o
tTaskInfo.pageDirAddress                          builds/obj/system/tasks.o
                                                  builds/obj/system/debug.o
                                                  builds/obj/system/interrupts.o
                                                  builds/obj/kernel.o
tTaskInfo.priority                                builds/obj/system/tasks.o
                                                  builds/obj/system/debug.o
                                                  builds/obj/system/interrupts.o
                                                  builds/obj/kernel.o
tTaskInfo.spawnedBy                               builds/obj/system/tasks.o
                                                  builds/obj/system/debug.o
                                                  builds/obj/system/interrupts.o
                                                  builds/obj/kernel.o
tTaskInfo.stackAddress                            builds/obj/system/tasks.o
                                                  builds/obj/system/debug.o
                                                  builds/obj/system/interrupts.o
                                                  builds/obj/kernel.o
tTaskInfo.switchInHigh                            builds/obj/system/tasks.o
                                                  builds/obj/system/debug.o
                                                  builds/obj/system/interrupts.o
                                                  builds/obj/kernel.o
tTaskInfo.switchInLow                             builds/obj/system/tasks.o
                                                  builds/obj/system/debug.o
                                                  builds/obj/system/interrupts.o
                                                  builds/obj/kernel.o
tTaskInfo.taskFlags                               builds/obj/system/tasks.o
                                                  builds/obj/system/debug.o
                                                  builds/obj/system/interrupts.o
                                                  builds/obj/kernel.o
tTaskInfo.turnsRemaining                          builds/obj/system/tasks.o
                                                  builds/obj/system/debug.o
                                                  builds/obj/system/interrupts.o
                                                  builds/obj/kernel.o
tTaskInfo.unused                                  builds/obj/system/tasks.o
                                                  builds/obj/system/debug.o
                                                  builds/obj/system/interrupts.o
                                                  builds/obj/kernel.o
tss.back_link                                     builds/obj/kernel.o
                                                  builds/obj/system/tasks.o
tss.cr3                                           builds/obj/kernel.o
                                                  builds/obj/system/tasks.o
tss.cs                                            builds/obj/kernel.o
                                                  builds/obj/system/tasks.o
tss.ds                                            builds/obj/kernel.o
                                                  builds/obj/system/tasks.o
tss.eax                                           builds/obj/kernel.o
                                                  builds/obj/system/tasks.o
tss.ebp                                           builds/obj/kernel.o
                                                  builds/obj/system/tasks.o
tss.ebx                                           builds/obj/kernel.o
                                                  builds/obj/system/tasks.o
tss.ecx                                           builds/obj/kernel.o
                                                  builds/obj/system/tasks.o
tss.edi                                           builds/obj/kernel.o
                                                  builds/obj/system/tasks.o
tss.edx                                           builds/obj/kernel.o
                                                  builds/obj/system/tasks.o
tss.eflags                                        builds/obj/kernel.o
                                                  builds/obj/system/tasks.o
tss.eip                                           builds/obj/kernel.o
                                                  builds/obj/system/tasks.o
tss.end                                           builds/obj/kernel.o
                                                  builds/obj/system/tasks.o
tss.es                                            builds/obj/kernel.o
                                                  builds/obj/system/tasks.o
tss.esi                                           builds/obj/kernel.o
                                                  builds/obj/system/tasks.o
tss.esp                                           builds/obj/kernel.o
                                                  builds/obj/system/tasks.o
tss.esp0                                          builds/obj/kernel.o
                                                  builds/obj/system/tasks.o
tss.esp1                                          builds/obj/kernel.o
                                                  builds/obj/system/tasks.o
tss.esp2                                          builds/obj/kernel.o
                                                  builds/obj/system/tasks.o
tss.fs                                            builds/obj/kernel.o
                                                  builds/obj/system/tasks.o
tss.gs                                            builds/obj/kernel.o
                                                  builds/obj/system/tasks.o
tss.iomap_base                                    builds/obj/kernel.o
                                                  builds/obj/system/tasks.o
tss.ldt                                           builds/obj/kernel.o
                                                  builds/obj/system/tasks.o
tss.ss                                            builds/obj/kernel.o
                                                  builds/obj/system/tasks.o
tss.ss0                                           builds/obj/kernel.o
                                                  builds/obj/system/tasks.o
tss.ss1                                           builds/obj/kernel.o
                                                  builds/obj/system/tasks.o
tss.ss2                                           builds/obj/kernel.o
                                                  builds/obj/system/tasks.o
tss.trap                                          builds/obj/kernel.o
                                                  builds/obj/system/tasks.o
