
Memory Configuration

Name             Origin             Length             Attributes
*default*        0x0000000000000000 0xffffffffffffffff

Linker script and memory map

                0x0000000000000600                phys = 0x600

.text           0x0000000000000600     0x9270
                0x0000000000000600                code = .
 *(.text)
 .text          0x0000000000000600      0x696 builds/obj/kernel.o
                0x0000000000000600                main
 .text          0x0000000000000c96      0xadc builds/obj/api/lists.o
                0x0000000000000c96                LMBitfieldInit
                0x0000000000000cd5                LMBitfieldScanClear
                0x0000000000000d3a                LMBitfieldScanSet
                0x0000000000000d9d                LMBitfieldSpaceCalc
                0x0000000000000dba                LMBitfieldValidate
                0x0000000000000dd9                LMBitfieldValidateElement
                0x0000000000000df7                LMBitClear
                0x0000000000000e4a                LMBitClearRange
                0x0000000000000f3d                LMBitFlip
                0x0000000000000f94                LMBitFlipRange
                0x0000000000001098                LMBitGet
                0x00000000000010d1                LMBitSet
                0x0000000000001124                LMBitSetRange
                0x000000000000121f                LMCountBitsSet
                0x000000000000125d                LMElementAddressGet
                0x0000000000001293                LMElementCountGet
                0x00000000000012b6                LMElementCountSet
                0x00000000000012dc                LMElementDelete
                0x0000000000001312                LMElementDuplicate
                0x0000000000001348                LMElementSizeGet
                0x000000000000136d                LMElementValidate
                0x000000000000138b                LMItemAddAtSlot
                0x00000000000013c7                LMListCompact
                0x00000000000013d8                LMListInit
                0x0000000000001412                LMListSearch
                0x0000000000001423                LMListSpaceCalc
                0x000000000000143c                LMListValidate
                0x000000000000145b                LMSlotFindFirstFree
                0x000000000000147e                LMSlotFreeTest
 .text          0x0000000000001772      0x106 builds/obj/api/misc.o
                0x0000000000001772                SetSystemAPM
                0x0000000000001792                Fail
                0x00000000000017ba                PrintCopyright
                0x00000000000017e0                PrintVerison
                0x000000000000185d                TimerWait
 .text          0x0000000000001878      0xdbc builds/obj/api/strings.o
                0x0000000000001878                ConvertByteToHexString16
                0x00000000000018ac                ConvertWordToHexString16
                0x000000000000190d                ConvertNumberBinaryToString
                0x0000000000001945                ConvertNumberDecimalToString
                0x000000000000197d                ConvertNumberHexToString
                0x0000000000001a31                ConvertNumberHexQuadToString
                0x0000000000001b8d                ConvertNumberOctalToString
                0x0000000000001bc5                ConvertStringBinaryToNumber
                0x0000000000001c30                ConvertStringDecimalToNumber
                0x0000000000001ca5                ConvertStringHexToNumber
                0x0000000000001d29                ConvertStringOctalToNumber
                0x0000000000001d95                StringCaseLower
                0x0000000000001db6                StringCaseUpper
                0x0000000000001dd7                StringCharAppend
                0x0000000000001df4                StringCharDelete
                0x0000000000001e1a                StringCharGet
                0x0000000000001e55                StringCharPrepend
                0x0000000000001e7c                StringCharReplace
                0x0000000000001e9d                StringCharReplaceRange
                0x0000000000001ecd                StringFill
                0x0000000000001ee7                StringInsert
                0x0000000000001f4a                StringLength
                0x0000000000001f66                StringPadLeft
                0x0000000000001fad                StringPadRight
                0x0000000000001fea                StringSearchCharLeft
                0x000000000000201d                StringSearchCharRight
                0x0000000000002054                StringSearchCharList
                0x00000000000020bd                StringTokenBinary
                0x000000000000215f                StringTokenDecimal
                0x0000000000002201                StringTokenHexadecimal
                0x00000000000022a3                StringTokenHexadecimalQuad
                0x0000000000002348                StringTokenOctal
                0x00000000000023ea                StringTokenString
                0x0000000000002443                StringTrimLeft
                0x0000000000002471                StringTrimRight
                0x00000000000024a0                StringTruncateLeft
                0x00000000000024d3                StringTruncateRight
                0x00000000000024ff                StringWordCount
                0x0000000000002584                StringWordGet
 .text          0x0000000000002634       0xc6 builds/obj/drivers/PS2Keyboard.o
                0x0000000000002634                PS2KeyboardInit
                0x00000000000026a0                PS2KeyboardInputHandler
 .text          0x00000000000026fa      0x763 builds/obj/drivers/IDEController.o
                0x00000000000026fa                IDEATAPISectorReadPIO
                0x0000000000002831                IDEATASectorReadLBA28PIO
                0x00000000000028e5                IDEATASectorWriteLBA28PIO
                0x0000000000002aa1                IDEDriveIdentify
                0x0000000000002bff                IDEInit
                0x0000000000002d62                IDEInterruptHandlerPrimary
                0x0000000000002d72                IDEInterruptHandlerSecondary
                0x0000000000002d82                IDEServiceHandler
                0x0000000000002e22                IDEWaitForReady
 .text          0x0000000000002e5d     0x1601 builds/obj/drivers/FATFilesystem.o
                0x0000000000002e5d                FAT16CalcLBAClusterToSector
                0x0000000000002e72                FAT16CalcSpaceNeeded
                0x0000000000002ea8                FAT16CalcTableElementFromCluster
                0x0000000000002ec3                FAT16ChainDelete
                0x0000000000002f73                FAT16ChainGrow
                0x00000000000030ab                FAT16ChainLength
                0x0000000000003156                FAT16ChainRead
                0x000000000000324c                FAT16ChainResize
                0x0000000000003288                FAT16ChainShrink
                0x000000000000337d                FAT16ChainWrite
                0x000000000000344f                FAT16ClusterFreeFirstGet
                0x00000000000034fd                FAT16ClusterFreeTotalGet
                0x000000000000359a                FAT16ClusterNextGet
                0x00000000000035fa                FAT16ClusterNextSet
                0x000000000000366c                FAT16EntryBuild
                0x0000000000003703                FAT16FATBackup
                0x0000000000003785                FAT16FileWrite
                0x000000000000378c                FAT16ItemCount
                0x00000000000037e5                FAT16ItemDelete
                0x00000000000038b6                FAT16ItemExists
                0x0000000000003906                FAT16ItemInfoAccessedGet
                0x0000000000003967                FAT16ItemInfoCreatedGet
                0x00000000000039eb                FAT16ItemInfoModifiedGet
                0x0000000000003a66                FAT16ItemInfoSizeGet
                0x0000000000003abb                FAT16ItemLoad
                0x0000000000003bb6                FAT16ItemMatch
                0x0000000000003c1c                FAT16ItemNew
                0x0000000000003e30                FAT16ItemStore
                0x0000000000003f4b                FAT16PartitionCacheData
                0x0000000000004024                FAT16PartitionInfo
                0x0000000000004051                FAT16PathCanonicalize
                0x000000000000406e                FAT16ServiceHandler
                0x0000000000004230                FAT32ServiceHandler
                0x0000000000004265                FATDecodeDate
                0x00000000000042a8                FATDecodeTime
                0x00000000000042e7                FATEncodeDate
                0x0000000000004365                FATEncodeFilename
                0x00000000000043ea                FATEncodeTime
 .text          0x000000000000445e      0x39d builds/obj/drivers/PS2Mouse.o
                0x000000000000445e                PS2MouseInit
                0x000000000000467e                PS2MouseInputHandler
 .text          0x00000000000047fb      0x6a3 builds/obj/io/PS2Controller.o
                0x00000000000047fb                PS2BufferClear
                0x0000000000004828                PS2ControllerCommand
                0x0000000000004840                PS2ControllerInit
                0x00000000000049b0                PS2ControllerPortTest
                0x00000000000049dd                PS2ControllerRead
                0x00000000000049ea                PS2ControllerReadWait
                0x0000000000004a1b                PS2ControllerWrite
                0x0000000000004a33                PS2ControllerWriteWait
                0x0000000000004a64                PS2DeviceAnnounce
                0x0000000000004ad5                PS2DeviceIdentify
                0x0000000000004b31                PS2DeviceWrite
                0x0000000000004b73                PS2InputHandlerDispatch
                0x0000000000004bdd                PS2NewConnect
                0x0000000000004c81                PS2Port1InterruptHandler
                0x0000000000004cdd                PS2Port2InterruptHandler
                0x0000000000004d39                PS2PortInitDevice
                0x0000000000004db2                PS2PortsDisable
                0x0000000000004dd1                PS2PortsEnable
                0x0000000000004df3                PS2TestPorts
 .text          0x0000000000004e9e        0x7 builds/obj/io/events.o
 .text          0x0000000000004ea5      0x5f3 builds/obj/io/serial.o
 .text          0x0000000000005498      0x6f8 builds/obj/io/storage.o
                0x0000000000005498                SMDiskRead
                0x00000000000054cd                SMItemCount
                0x000000000000551e                SMItemDelete
                0x000000000000556e                SMItemExists
                0x00000000000055be                SMItemInfoAccessedGet
                0x000000000000560e                SMItemInfoCreatedGet
                0x000000000000565e                SMItemInfoModifiedGet
                0x00000000000056ae                SMItemInfoSizeGet
                0x00000000000056fe                SMItemLoad
                0x000000000000574e                SMItemNew
                0x000000000000579f                SMItemStore
                0x00000000000057f1                SMPartitionEnumerate
                0x000000000000594e                SMPartitionMap
                0x00000000000059a9                SMPartitionRead
                0x00000000000059fd                SMPartitionWrite
                0x0000000000005a51                SMPartitionInfo
                0x0000000000005aa0                SMPathParentGet
                0x0000000000005abd                SMPathPartitionGet
                0x0000000000005b5a                SMPathPartitionStripDrive
                0x0000000000005b87                SMPathValidate
 .text          0x0000000000005b90        0x7 builds/obj/system/exec.o
 .text          0x0000000000005b97       0x72 builds/obj/system/hardware.o
                0x0000000000005b97                KeyGet
                0x0000000000005bcf                KeyWait
                0x0000000000005bdf                PITInit
                0x0000000000005bf4                Reboot
 .text          0x0000000000005c09       0xe8 builds/obj/system/PIC.o
                0x0000000000005c09                PICInit
                0x0000000000005c60                PICIntCompleteMaster
                0x0000000000005c6c                PICIntCompleteSlave
                0x0000000000005c7d                PICIRQDisable
                0x0000000000005ca6                PICIRQDisableAll
                0x0000000000005cb5                PICIRQEnable
                0x0000000000005cde                PICIRQEnableAll
 .text          0x0000000000005cf1      0xd1b builds/obj/system/interrupts.o
                0x0000000000005cf1                CriticalError
                0x0000000000005fd1                IDTInit
                0x0000000000006019                InterruptHandlerGetAddress
                0x0000000000006048                InterruptHandlerGetFlags
                0x000000000000606d                InterruptHandlerGetSelector
                0x0000000000006093                InterruptHandlerSet
                0x00000000000060d7                InterruptUnimplemented
                0x00000000000060ef                ISRInitAll
                0x0000000000006486                ISR00
                0x0000000000006496                ISR01
                0x00000000000064a8                ISR02
                0x00000000000064be                ISR03
                0x00000000000064d0                ISR04
                0x00000000000064e6                ISR05
                0x00000000000064fc                ISR06
                0x0000000000006512                ISR07
                0x0000000000006528                ISR08
                0x000000000000653f                ISR09
                0x0000000000006555                ISR0A
                0x000000000000656c                ISR0B
                0x0000000000006583                ISR0C
                0x000000000000659a                ISR0D
                0x00000000000065b4                ISR0E
                0x00000000000065cb                ISR0F
                0x00000000000065e1                ISR10
                0x00000000000065f7                ISR11
                0x000000000000660e                ISR12
                0x0000000000006624                ISR13
                0x000000000000663a                ISR14
                0x0000000000006650                ISR15
                0x0000000000006666                ISR16
                0x000000000000667c                ISR17
                0x0000000000006692                ISR18
                0x00000000000066a8                ISR19
                0x00000000000066be                ISR1A
                0x00000000000066d4                ISR1B
                0x00000000000066ea                ISR1C
                0x0000000000006700                ISR1D
                0x0000000000006716                ISR1E
                0x000000000000672d                ISR1F
                0x0000000000006743                ISR20
                0x0000000000006756                ISR21
                0x0000000000006792                ISR22
                0x00000000000067ce                ISR23
                0x000000000000680a                ISR24
                0x0000000000006810                ISR25
                0x000000000000684c                ISR26
                0x0000000000006852                ISR27
                0x0000000000006858                ISR28
                0x0000000000006868                ISR29
                0x00000000000068a4                ISR2A
                0x00000000000068e0                ISR2B
                0x000000000000691c                ISR2C
                0x0000000000006958                ISR2D
                0x0000000000006994                ISR2E
                0x00000000000069d0                ISR2F
 .text          0x0000000000006a0c      0x4d8 builds/obj/system/PCI.o
                0x0000000000006a0c                PCIProbe
                0x0000000000006a2a                PCICalculateNext
                0x0000000000006a69                PCIDeviceInitAll
                0x0000000000006bd6                PCIFunctionCheck
                0x0000000000006bff                PCIFunctionCountGet
                0x0000000000006c65                PCIFunctionNextGet
                0x0000000000006cb3                PCIHandlerCommand
                0x0000000000006d17                PCIHandlerGet
                0x0000000000006d3b                PCIHandlerSet
                0x0000000000006d62                PCIInfoClassGet
                0x0000000000006d7e                PCIInfoDeviceGet
                0x0000000000006d9a                PCIInfoProgIfGet
                0x0000000000006dbb                PCIInfoRevisionGet
                0x0000000000006dd9                PCIInfoSubclassGet
                0x0000000000006dfa                PCIInfoVendorGet
                0x0000000000006e18                PCIRegisterRead
                0x0000000000006e64                PCIRegisterReadAll
                0x0000000000006e95                PCIRegisterWrite
 .text          0x0000000000006ee4       0x33 builds/obj/system/CMOS.o
 .text          0x0000000000006f17       0x32 builds/obj/system/power.o
 .text          0x0000000000006f49        0x0 builds/obj/system/globals.o
 .text          0x0000000000006f49      0x813 builds/obj/system/memory.o
                0x0000000000006f49                A20Check
                0x0000000000006fa4                A20Enable
                0x0000000000006fc9                A20EnableBIOS
                0x0000000000006fcf                A20EnableFastA20
                0x0000000000006fd9                A20EnableKeyboardController
                0x0000000000007024                A20EnablePortEE
                0x000000000000702a                MemMapCopy
                0x000000000000708b                MemAddressAlign
                0x00000000000070ad                MemAllocate
                0x0000000000007110                MemAllocatePages
                0x0000000000007149                MemCompare
                0x000000000000716e                MemCopy
                0x0000000000007226                MemDispose
                0x000000000000725d                MemFill
                0x0000000000007293                MemInit
                0x000000000000758f                MemMapPrint
                0x000000000000763e                MemPagesNeeded
                0x000000000000765c                MemSearchWord
                0x0000000000007682                MemSearchDWord
                0x00000000000076a6                MemSearchString
                0x00000000000076fe                MemStats
                0x0000000000007723                MemSwapWordBytes
                0x0000000000007741                MemSwapDwordWords
 .text          0x000000000000775c      0x2b4 builds/obj/system/numbers.o
                0x000000000000775c                BCDToDecimal
                0x00000000000077a5                PopulationCount
                0x000000000000780f                PopulationCountRange
                0x0000000000007909                RangeCheck
                0x0000000000007923                QuadAdd
                0x000000000000794c                QuadShiftLeft
                0x0000000000007995                QuadShiftRight
                0x00000000000079dc                Random
 .text          0x0000000000007a10       0x32 builds/obj/system/NKAPM.o
 .text          0x0000000000007a42     0x1205 builds/obj/system/debug.o
                0x0000000000007a42                DebugCPUFeaturesEnable
                0x0000000000007a5a                DebugTraceDisable
                0x0000000000007a6a                DebugTraceEnable
                0x0000000000007a7a                Debugger
                0x0000000000007d8d                DebugInstacrash
                0x0000000000007d99                DebugMemoryDetails
                0x0000000000007de1                DebugMenu
                0x0000000000007f52                DebugPCIDevices
                0x0000000000008305                DebugRAMBrowser
                0x00000000000084b6                DebugStackTrace
                0x000000000000850b                DebugSystemInfo
                0x000000000000885a                DebugTaskBrowser
                0x0000000000008b6b                DebugVBoxLogRegs
                0x0000000000008c0b                DebugVBoxLogWrite
                0x0000000000008c37                DebugWaitForEscape
 .text          0x0000000000008c47      0x2b9 builds/obj/system/tasks.o
                0x0000000000008c47                TaskInit
                0x0000000000008c99                TaskKill
                0x0000000000008d0b                TaskNameSet
                0x0000000000008d58                TaskNew
                0x0000000000008e2e                TaskSwitch
 .text          0x0000000000008f00      0x106 builds/obj/system/CPU.o
                0x0000000000008f00                CPUInit
                0x0000000000008f36                CPUProbe
 .text          0x0000000000009006      0x175 builds/obj/system/RTC.o
                0x0000000000009006                RTCAdjustBCD
                0x0000000000009078                RTCInit
                0x00000000000090c6                RTCInterruptHandler
 .text          0x000000000000917b      0x133 builds/obj/system/paging.o
                0x000000000000917b                PagingInit
                0x0000000000009182                PagingMap
                0x00000000000091ca                PagingDirNew
 .text          0x00000000000092ae      0x123 builds/obj/system/GDT.o
 .text          0x00000000000093d1      0x49f builds/obj/video/screen.o
                0x00000000000093d1                Print16
                0x0000000000009462                PrintIfConfigBits16
                0x000000000000947a                PrintRegs16
                0x00000000000094e8                ScreenClear16
                0x0000000000009519                ScreenScroll16
                0x0000000000009568                CursorHome
                0x000000000000957d                Print32
                0x000000000000963d                PrintIfConfigBits32
                0x0000000000009678                PrintRAM32
                0x0000000000009741                PrintRegs32
                0x0000000000009817                ScreenClear32
                0x0000000000009847                ScreenScroll32
 *(.rodata)

.data           0x0000000000009870     0x188a
                0x0000000000009870                data = .
 *(.data)
 .data          0x0000000000009870      0x473 builds/obj/kernel.o
                0x0000000000009c7b                tss.back_link
                0x0000000000009c7f                tss.esp0
                0x0000000000009c83                tss.ss0
                0x0000000000009c87                tss.esp1
                0x0000000000009c8b                tss.ss1
                0x0000000000009c8f                tss.esp2
                0x0000000000009c93                tss.ss2
                0x0000000000009c97                tss.cr3
                0x0000000000009c9b                tss.eip
                0x0000000000009c9f                tss.eflags
                0x0000000000009ca3                tss.eax
                0x0000000000009ca7                tss.ecx
                0x0000000000009cab                tss.edx
                0x0000000000009caf                tss.ebx
                0x0000000000009cb3                tss.esp
                0x0000000000009cb7                tss.ebp
                0x0000000000009cbb                tss.esi
                0x0000000000009cbf                tss.edi
                0x0000000000009cc3                tss.es
                0x0000000000009cc7                tss.cs
                0x0000000000009ccb                tss.ss
                0x0000000000009ccf                tss.ds
                0x0000000000009cd3                tss.fs
                0x0000000000009cd7                tss.gs
                0x0000000000009cdb                tss.ldt
                0x0000000000009cdf                tss.trap
                0x0000000000009ce1                tss.iomap_base
                0x0000000000009ce3                tss.end
 .data          0x0000000000009ce3       0x15 builds/obj/api/misc.o
 .data          0x0000000000009cf8       0x10 builds/obj/api/strings.o
 .data          0x0000000000009d08        0x1 builds/obj/drivers/PS2Keyboard.o
 .data          0x0000000000009d09       0x32 builds/obj/drivers/IDEController.o
 .data          0x0000000000009d3b        0xc builds/obj/drivers/FATFilesystem.o
 .data          0x0000000000009d47        0x4 builds/obj/drivers/PS2Mouse.o
 .data          0x0000000000009d4b      0x26b builds/obj/io/PS2Controller.o
 .data          0x0000000000009fb6        0x2 builds/obj/io/storage.o
 .data          0x0000000000009fb8        0x2 builds/obj/system/hardware.o
                0x0000000000009fb8                kKeyBufferWrite
                0x0000000000009fb9                kKeyBufferRead
 .data          0x0000000000009fba      0x4da builds/obj/system/interrupts.o
                0x0000000000009fba                kIDTPtr
 .data          0x000000000000a494       0x4b builds/obj/system/PCI.o
 .data          0x000000000000a4df       0xba builds/obj/system/globals.o
                0x000000000000a4df                tSystem.configBitsHint$
                0x000000000000a4e9                tSystem.configBits
                0x000000000000a4ed                tSystem.copyright$
                0x000000000000a511                tSystem.versionMajor
                0x000000000000a512                tSystem.versionMinor
                0x000000000000a513                tSystem.versionBuild
                0x000000000000a517                tSystem.ticksSinceBoot
                0x000000000000a51b                tSystem.currentTask
                0x000000000000a51f                tSystem.currentTaskSlotAddress
                0x000000000000a523                tSystem.taskingEnable
                0x000000000000a524                tSystem.taskStackSize
                0x000000000000a528                tSystem.taskKernelStackSize
                0x000000000000a52c                tSystem.APMVersionMajor
                0x000000000000a52d                tSystem.APMVersionMinor
                0x000000000000a52e                tSystem.APMFeatures
                0x000000000000a530                tSystem.CPUIDVendor$
                0x000000000000a540                tSystem.CPUIDBrand$
                0x000000000000a580                tSystem.mouseButtonCount
                0x000000000000a581                tSystem.mouseButtons
                0x000000000000a582                tSystem.mousePacketByte0
                0x000000000000a583                tSystem.mousePacketByte1
                0x000000000000a584                tSystem.mousePacketByte2
                0x000000000000a585                tSystem.mousePacketByte3
                0x000000000000a586                tSystem.mousePacketByteSize
                0x000000000000a587                tSystem.mousePacketByteCount
                0x000000000000a588                tSystem.mouseWheelPresent
                0x000000000000a589                tSystem.mouseX
                0x000000000000a58b                tSystem.mouseXLimit
                0x000000000000a58d                tSystem.mouseY
                0x000000000000a58f                tSystem.mouseYLimit
                0x000000000000a591                tSystem.mouseZ
                0x000000000000a593                tSystem.multicoreAvailable
                0x000000000000a594                tSystem.PS2Config
                0x000000000000a595                tSystem.PS2Port1DeviceID
                0x000000000000a597                tSystem.PS2Port2DeviceID
 .data          0x000000000000a599      0x162 builds/obj/system/memory.o
 .data          0x000000000000a6fb        0x4 builds/obj/system/numbers.o
 .data          0x000000000000a6ff        0x2 builds/obj/system/NKAPM.o
 .data          0x000000000000a701      0x899 builds/obj/system/debug.o
 .data          0x000000000000af9a       0x5b builds/obj/system/RTC.o
 .data          0x000000000000aff5      0x105 builds/obj/video/screen.o
                0x000000000000aff5                gCursorX
                0x000000000000aff6                gCursorY
                0x000000000000aff7                gTextColor
                0x000000000000aff8                gBackColor
                0x000000000000aff9                kMaxLines
                0x000000000000affa                kBytesPerScreen

.bss            0x000000000000b0fc      0x52e
                0x000000000000b0fc                bss = .
 *(.bss)
 .bss           0x000000000000b0fc       0xb6 builds/obj/kernel.o
 .bss           0x000000000000b1b2       0x50 builds/obj/api/misc.o
 .bss           0x000000000000b202        0x4 builds/obj/system/hardware.o
                0x000000000000b202                kKeyBufferAddress
 .bss           0x000000000000b206       0x50 builds/obj/system/interrupts.o
 .bss           0x000000000000b256       0x50 builds/obj/system/PCI.o
 .bss           0x000000000000b2a6       0xa3 builds/obj/system/globals.o
                0x000000000000b2a6                tSystem.CPUFeatures
                0x000000000000b2e6                tSystem.CPUIDLargestBasicQuery
                0x000000000000b2ea                tSystem.CPUIDLargestExtendedQuery
                0x000000000000b2ee                tSystem.memoryBIOSMapEntryCount
                0x000000000000b2f2                tSystem.memoryBIOSMapKiBInstalled
                0x000000000000b2f6                tSystem.memoryBIOSMapKiBUsable
                0x000000000000b2fa                tSystem.memoryBIOSMapPtr
                0x000000000000b2fe                tSystem.memoryBIOSMapSize
                0x000000000000b302                tSystem.memoryBitfieldAllocatedPtr
                0x000000000000b306                tSystem.memoryBitfieldReservedPtr
                0x000000000000b30a                tSystem.memoryBitfieldSize
                0x000000000000b30e                tSystem.memoryBitsInitial
                0x000000000000b312                tSystem.memoryManagementSpace
                0x000000000000b316                tSystem.listPtrDrives
                0x000000000000b31a                tSystem.listPtrDriveLetters
                0x000000000000b31e                tSystem.listPtrFSHandlers
                0x000000000000b322                tSystem.listPtrPartitions
                0x000000000000b326                tSystem.listPtrPCIHandlers
                0x000000000000b32a                tSystem.listPtrPS2Handlers
                0x000000000000b32e                tSystem.listPtrTasks
                0x000000000000b332                tSystem.PCIDeviceCount
                0x000000000000b336                tSystem.PCIVersion
                0x000000000000b33a                tSystem.PCICapabilities
                0x000000000000b33e                tSystem.RTCUpdateHandlerAddress
                0x000000000000b342                tSystem.RTCStatusRegisterB
                0x000000000000b343                tSystem.RTCHours
                0x000000000000b344                tSystem.RTCMinutes
                0x000000000000b345                tSystem.RTCSeconds
                0x000000000000b346                tSystem.RTCYear
                0x000000000000b347                tSystem.RTCMonth
                0x000000000000b348                tSystem.RTCDay
 .bss           0x000000000000b349       0x50 builds/obj/system/memory.o
 .bss           0x000000000000b399      0x230 builds/obj/system/debug.o
 .bss           0x000000000000b5c9       0x61 builds/obj/video/screen.o
                0x000000000000b62a                end = .
LOAD builds/obj/kernel.o
LOAD builds/obj/api/lists.o
LOAD builds/obj/api/misc.o
LOAD builds/obj/api/strings.o
LOAD builds/obj/drivers/PS2Keyboard.o
LOAD builds/obj/drivers/IDEController.o
LOAD builds/obj/drivers/FATFilesystem.o
LOAD builds/obj/drivers/PS2Mouse.o
LOAD builds/obj/io/PS2Controller.o
LOAD builds/obj/io/events.o
LOAD builds/obj/io/serial.o
LOAD builds/obj/io/storage.o
LOAD builds/obj/system/exec.o
LOAD builds/obj/system/hardware.o
LOAD builds/obj/system/PIC.o
LOAD builds/obj/system/interrupts.o
LOAD builds/obj/system/PCI.o
LOAD builds/obj/system/CMOS.o
LOAD builds/obj/system/power.o
LOAD builds/obj/system/globals.o
LOAD builds/obj/system/memory.o
LOAD builds/obj/system/numbers.o
LOAD builds/obj/system/NKAPM.o
LOAD builds/obj/system/debug.o
LOAD builds/obj/system/tasks.o
LOAD builds/obj/system/CPU.o
LOAD builds/obj/system/RTC.o
LOAD builds/obj/system/paging.o
LOAD builds/obj/system/GDT.o
LOAD builds/obj/video/screen.o
OUTPUT(builds/KERNEL.SYS binary)

Cross Reference Table

Symbol                                            File
A20Check                                          builds/obj/system/memory.o
                                                  builds/obj/video/screen.o
                                                  builds/obj/system/paging.o
                                                  builds/obj/system/CPU.o
                                                  builds/obj/system/tasks.o
                                                  builds/obj/system/debug.o
                                                  builds/obj/system/PCI.o
                                                  builds/obj/system/interrupts.o
                                                  builds/obj/io/storage.o
                                                  builds/obj/io/events.o
                                                  builds/obj/io/PS2Controller.o
                                                  builds/obj/drivers/PS2Mouse.o
                                                  builds/obj/drivers/FATFilesystem.o
                                                  builds/obj/drivers/IDEController.o
                                                  builds/obj/drivers/PS2Keyboard.o
                                                  builds/obj/api/strings.o
                                                  builds/obj/api/misc.o
                                                  builds/obj/api/lists.o
                                                  builds/obj/kernel.o
A20Enable                                         builds/obj/system/memory.o
                                                  builds/obj/video/screen.o
                                                  builds/obj/system/paging.o
                                                  builds/obj/system/CPU.o
                                                  builds/obj/system/tasks.o
                                                  builds/obj/system/debug.o
                                                  builds/obj/system/PCI.o
                                                  builds/obj/system/interrupts.o
                                                  builds/obj/io/storage.o
                                                  builds/obj/io/events.o
                                                  builds/obj/io/PS2Controller.o
                                                  builds/obj/drivers/PS2Mouse.o
                                                  builds/obj/drivers/FATFilesystem.o
                                                  builds/obj/drivers/IDEController.o
                                                  builds/obj/drivers/PS2Keyboard.o
                                                  builds/obj/api/strings.o
                                                  builds/obj/api/misc.o
                                                  builds/obj/api/lists.o
                                                  builds/obj/kernel.o
A20EnableBIOS                                     builds/obj/system/memory.o
                                                  builds/obj/video/screen.o
                                                  builds/obj/system/paging.o
                                                  builds/obj/system/CPU.o
                                                  builds/obj/system/tasks.o
                                                  builds/obj/system/debug.o
                                                  builds/obj/system/PCI.o
                                                  builds/obj/system/interrupts.o
                                                  builds/obj/io/storage.o
                                                  builds/obj/io/events.o
                                                  builds/obj/io/PS2Controller.o
                                                  builds/obj/drivers/PS2Mouse.o
                                                  builds/obj/drivers/FATFilesystem.o
                                                  builds/obj/drivers/IDEController.o
                                                  builds/obj/drivers/PS2Keyboard.o
                                                  builds/obj/api/strings.o
                                                  builds/obj/api/misc.o
                                                  builds/obj/api/lists.o
                                                  builds/obj/kernel.o
A20EnableFastA20                                  builds/obj/system/memory.o
                                                  builds/obj/video/screen.o
                                                  builds/obj/system/paging.o
                                                  builds/obj/system/CPU.o
                                                  builds/obj/system/tasks.o
                                                  builds/obj/system/debug.o
                                                  builds/obj/system/PCI.o
                                                  builds/obj/system/interrupts.o
                                                  builds/obj/io/storage.o
                                                  builds/obj/io/events.o
                                                  builds/obj/io/PS2Controller.o
                                                  builds/obj/drivers/PS2Mouse.o
                                                  builds/obj/drivers/FATFilesystem.o
                                                  builds/obj/drivers/IDEController.o
                                                  builds/obj/drivers/PS2Keyboard.o
                                                  builds/obj/api/strings.o
                                                  builds/obj/api/misc.o
                                                  builds/obj/api/lists.o
                                                  builds/obj/kernel.o
A20EnableKeyboardController                       builds/obj/system/memory.o
                                                  builds/obj/video/screen.o
                                                  builds/obj/system/paging.o
                                                  builds/obj/system/CPU.o
                                                  builds/obj/system/tasks.o
                                                  builds/obj/system/debug.o
                                                  builds/obj/system/PCI.o
                                                  builds/obj/system/interrupts.o
                                                  builds/obj/io/storage.o
                                                  builds/obj/io/events.o
                                                  builds/obj/io/PS2Controller.o
                                                  builds/obj/drivers/PS2Mouse.o
                                                  builds/obj/drivers/FATFilesystem.o
                                                  builds/obj/drivers/IDEController.o
                                                  builds/obj/drivers/PS2Keyboard.o
                                                  builds/obj/api/strings.o
                                                  builds/obj/api/misc.o
                                                  builds/obj/api/lists.o
                                                  builds/obj/kernel.o
A20EnablePortEE                                   builds/obj/system/memory.o
                                                  builds/obj/video/screen.o
                                                  builds/obj/system/paging.o
                                                  builds/obj/system/CPU.o
                                                  builds/obj/system/tasks.o
                                                  builds/obj/system/debug.o
                                                  builds/obj/system/PCI.o
                                                  builds/obj/system/interrupts.o
                                                  builds/obj/io/storage.o
                                                  builds/obj/io/events.o
                                                  builds/obj/io/PS2Controller.o
                                                  builds/obj/drivers/PS2Mouse.o
                                                  builds/obj/drivers/FATFilesystem.o
                                                  builds/obj/drivers/IDEController.o
                                                  builds/obj/drivers/PS2Keyboard.o
                                                  builds/obj/api/strings.o
                                                  builds/obj/api/misc.o
                                                  builds/obj/api/lists.o
                                                  builds/obj/kernel.o
BCDToDecimal                                      builds/obj/system/numbers.o
                                                  builds/obj/system/RTC.o
                                                  builds/obj/system/debug.o
                                                  builds/obj/system/memory.o
                                                  builds/obj/io/storage.o
                                                  builds/obj/drivers/FATFilesystem.o
                                                  builds/obj/api/strings.o
                                                  builds/obj/api/lists.o
                                                  builds/obj/kernel.o
CPUInit                                           builds/obj/system/CPU.o
                                                  builds/obj/system/numbers.o
                                                  builds/obj/system/memory.o
                                                  builds/obj/api/lists.o
                                                  builds/obj/kernel.o
CPUProbe                                          builds/obj/system/CPU.o
                                                  builds/obj/system/numbers.o
                                                  builds/obj/system/memory.o
                                                  builds/obj/api/lists.o
                                                  builds/obj/kernel.o
ConvertByteToHexString16                          builds/obj/api/strings.o
                                                  builds/obj/video/screen.o
                                                  builds/obj/system/tasks.o
                                                  builds/obj/system/debug.o
                                                  builds/obj/system/memory.o
                                                  builds/obj/system/PCI.o
                                                  builds/obj/system/interrupts.o
                                                  builds/obj/io/storage.o
                                                  builds/obj/drivers/FATFilesystem.o
                                                  builds/obj/api/misc.o
                                                  builds/obj/kernel.o
ConvertNumberBinaryToString                       builds/obj/api/strings.o
                                                  builds/obj/video/screen.o
                                                  builds/obj/system/tasks.o
                                                  builds/obj/system/debug.o
                                                  builds/obj/system/memory.o
                                                  builds/obj/system/PCI.o
                                                  builds/obj/system/interrupts.o
                                                  builds/obj/io/storage.o
                                                  builds/obj/drivers/FATFilesystem.o
                                                  builds/obj/api/misc.o
                                                  builds/obj/kernel.o
ConvertNumberDecimalToString                      builds/obj/api/strings.o
                                                  builds/obj/video/screen.o
                                                  builds/obj/system/tasks.o
                                                  builds/obj/system/debug.o
                                                  builds/obj/system/memory.o
                                                  builds/obj/system/PCI.o
                                                  builds/obj/system/interrupts.o
                                                  builds/obj/io/storage.o
                                                  builds/obj/drivers/FATFilesystem.o
                                                  builds/obj/api/misc.o
                                                  builds/obj/kernel.o
ConvertNumberHexQuadToString                      builds/obj/api/strings.o
                                                  builds/obj/video/screen.o
                                                  builds/obj/system/tasks.o
                                                  builds/obj/system/debug.o
                                                  builds/obj/system/memory.o
                                                  builds/obj/system/PCI.o
                                                  builds/obj/system/interrupts.o
                                                  builds/obj/io/storage.o
                                                  builds/obj/drivers/FATFilesystem.o
                                                  builds/obj/api/misc.o
                                                  builds/obj/kernel.o
ConvertNumberHexToString                          builds/obj/api/strings.o
                                                  builds/obj/video/screen.o
                                                  builds/obj/system/tasks.o
                                                  builds/obj/system/debug.o
                                                  builds/obj/system/memory.o
                                                  builds/obj/system/PCI.o
                                                  builds/obj/system/interrupts.o
                                                  builds/obj/io/storage.o
                                                  builds/obj/drivers/FATFilesystem.o
                                                  builds/obj/api/misc.o
                                                  builds/obj/kernel.o
ConvertNumberOctalToString                        builds/obj/api/strings.o
                                                  builds/obj/video/screen.o
                                                  builds/obj/system/tasks.o
                                                  builds/obj/system/debug.o
                                                  builds/obj/system/memory.o
                                                  builds/obj/system/PCI.o
                                                  builds/obj/system/interrupts.o
                                                  builds/obj/io/storage.o
                                                  builds/obj/drivers/FATFilesystem.o
                                                  builds/obj/api/misc.o
                                                  builds/obj/kernel.o
ConvertStringBinaryToNumber                       builds/obj/api/strings.o
                                                  builds/obj/video/screen.o
                                                  builds/obj/system/tasks.o
                                                  builds/obj/system/debug.o
                                                  builds/obj/system/memory.o
                                                  builds/obj/system/PCI.o
                                                  builds/obj/system/interrupts.o
                                                  builds/obj/io/storage.o
                                                  builds/obj/drivers/FATFilesystem.o
                                                  builds/obj/api/misc.o
                                                  builds/obj/kernel.o
ConvertStringDecimalToNumber                      builds/obj/api/strings.o
                                                  builds/obj/video/screen.o
                                                  builds/obj/system/tasks.o
                                                  builds/obj/system/debug.o
                                                  builds/obj/system/memory.o
                                                  builds/obj/system/PCI.o
                                                  builds/obj/system/interrupts.o
                                                  builds/obj/io/storage.o
                                                  builds/obj/drivers/FATFilesystem.o
                                                  builds/obj/api/misc.o
                                                  builds/obj/kernel.o
ConvertStringHexToNumber                          builds/obj/api/strings.o
                                                  builds/obj/video/screen.o
                                                  builds/obj/system/tasks.o
                                                  builds/obj/system/debug.o
                                                  builds/obj/system/memory.o
                                                  builds/obj/system/PCI.o
                                                  builds/obj/system/interrupts.o
                                                  builds/obj/io/storage.o
                                                  builds/obj/drivers/FATFilesystem.o
                                                  builds/obj/api/misc.o
                                                  builds/obj/kernel.o
ConvertStringOctalToNumber                        builds/obj/api/strings.o
                                                  builds/obj/video/screen.o
                                                  builds/obj/system/tasks.o
                                                  builds/obj/system/debug.o
                                                  builds/obj/system/memory.o
                                                  builds/obj/system/PCI.o
                                                  builds/obj/system/interrupts.o
                                                  builds/obj/io/storage.o
                                                  builds/obj/drivers/FATFilesystem.o
                                                  builds/obj/api/misc.o
                                                  builds/obj/kernel.o
ConvertWordToHexString16                          builds/obj/api/strings.o
                                                  builds/obj/video/screen.o
                                                  builds/obj/system/tasks.o
                                                  builds/obj/system/debug.o
                                                  builds/obj/system/memory.o
                                                  builds/obj/system/PCI.o
                                                  builds/obj/system/interrupts.o
                                                  builds/obj/io/storage.o
                                                  builds/obj/drivers/FATFilesystem.o
                                                  builds/obj/api/misc.o
                                                  builds/obj/kernel.o
CriticalError                                     builds/obj/system/interrupts.o
                                                  builds/obj/io/events.o
                                                  builds/obj/io/PS2Controller.o
                                                  builds/obj/drivers/PS2Mouse.o
                                                  builds/obj/drivers/IDEController.o
                                                  builds/obj/drivers/PS2Keyboard.o
                                                  builds/obj/kernel.o
CursorHome                                        builds/obj/video/screen.o
                                                  builds/obj/system/RTC.o
                                                  builds/obj/system/debug.o
                                                  builds/obj/system/memory.o
                                                  builds/obj/system/PCI.o
                                                  builds/obj/system/interrupts.o
                                                  builds/obj/io/events.o
                                                  builds/obj/io/PS2Controller.o
                                                  builds/obj/drivers/PS2Mouse.o
                                                  builds/obj/drivers/IDEController.o
                                                  builds/obj/drivers/PS2Keyboard.o
                                                  builds/obj/api/misc.o
                                                  builds/obj/api/lists.o
                                                  builds/obj/kernel.o
DebugCPUFeaturesEnable                            builds/obj/system/debug.o
                                                  builds/obj/system/interrupts.o
                                                  builds/obj/io/events.o
                                                  builds/obj/io/PS2Controller.o
                                                  builds/obj/kernel.o
DebugInstacrash                                   builds/obj/system/debug.o
                                                  builds/obj/system/interrupts.o
                                                  builds/obj/io/events.o
                                                  builds/obj/io/PS2Controller.o
                                                  builds/obj/kernel.o
DebugMemoryDetails                                builds/obj/system/debug.o
                                                  builds/obj/system/interrupts.o
                                                  builds/obj/io/events.o
                                                  builds/obj/io/PS2Controller.o
                                                  builds/obj/kernel.o
DebugMenu                                         builds/obj/system/debug.o
                                                  builds/obj/system/interrupts.o
                                                  builds/obj/io/events.o
                                                  builds/obj/io/PS2Controller.o
                                                  builds/obj/kernel.o
DebugPCIDevices                                   builds/obj/system/debug.o
                                                  builds/obj/system/interrupts.o
                                                  builds/obj/io/events.o
                                                  builds/obj/io/PS2Controller.o
                                                  builds/obj/kernel.o
DebugRAMBrowser                                   builds/obj/system/debug.o
                                                  builds/obj/system/interrupts.o
                                                  builds/obj/io/events.o
                                                  builds/obj/io/PS2Controller.o
                                                  builds/obj/kernel.o
DebugStackTrace                                   builds/obj/system/debug.o
                                                  builds/obj/system/interrupts.o
                                                  builds/obj/io/events.o
                                                  builds/obj/io/PS2Controller.o
                                                  builds/obj/kernel.o
DebugSystemInfo                                   builds/obj/system/debug.o
                                                  builds/obj/system/interrupts.o
                                                  builds/obj/io/events.o
                                                  builds/obj/io/PS2Controller.o
                                                  builds/obj/kernel.o
DebugTaskBrowser                                  builds/obj/system/debug.o
                                                  builds/obj/system/interrupts.o
                                                  builds/obj/io/events.o
                                                  builds/obj/io/PS2Controller.o
                                                  builds/obj/kernel.o
DebugTraceDisable                                 builds/obj/system/debug.o
                                                  builds/obj/system/interrupts.o
                                                  builds/obj/io/events.o
                                                  builds/obj/io/PS2Controller.o
                                                  builds/obj/kernel.o
DebugTraceEnable                                  builds/obj/system/debug.o
                                                  builds/obj/system/interrupts.o
                                                  builds/obj/io/events.o
                                                  builds/obj/io/PS2Controller.o
                                                  builds/obj/kernel.o
DebugVBoxLogRegs                                  builds/obj/system/debug.o
                                                  builds/obj/system/interrupts.o
                                                  builds/obj/io/events.o
                                                  builds/obj/io/PS2Controller.o
                                                  builds/obj/kernel.o
DebugVBoxLogWrite                                 builds/obj/system/debug.o
                                                  builds/obj/system/interrupts.o
                                                  builds/obj/io/events.o
                                                  builds/obj/io/PS2Controller.o
                                                  builds/obj/kernel.o
DebugWaitForEscape                                builds/obj/system/debug.o
                                                  builds/obj/system/interrupts.o
                                                  builds/obj/io/events.o
                                                  builds/obj/io/PS2Controller.o
                                                  builds/obj/kernel.o
Debugger                                          builds/obj/system/debug.o
                                                  builds/obj/system/interrupts.o
                                                  builds/obj/io/events.o
                                                  builds/obj/io/PS2Controller.o
                                                  builds/obj/kernel.o
FAT16CalcLBAClusterToSector                       builds/obj/drivers/FATFilesystem.o
                                                  builds/obj/kernel.o
FAT16CalcSpaceNeeded                              builds/obj/drivers/FATFilesystem.o
                                                  builds/obj/kernel.o
FAT16CalcTableElementFromCluster                  builds/obj/drivers/FATFilesystem.o
                                                  builds/obj/kernel.o
FAT16ChainDelete                                  builds/obj/drivers/FATFilesystem.o
                                                  builds/obj/kernel.o
FAT16ChainGrow                                    builds/obj/drivers/FATFilesystem.o
                                                  builds/obj/kernel.o
FAT16ChainLength                                  builds/obj/drivers/FATFilesystem.o
                                                  builds/obj/kernel.o
FAT16ChainRead                                    builds/obj/drivers/FATFilesystem.o
                                                  builds/obj/kernel.o
FAT16ChainResize                                  builds/obj/drivers/FATFilesystem.o
                                                  builds/obj/kernel.o
FAT16ChainShrink                                  builds/obj/drivers/FATFilesystem.o
                                                  builds/obj/kernel.o
FAT16ChainWrite                                   builds/obj/drivers/FATFilesystem.o
                                                  builds/obj/kernel.o
FAT16ClusterFreeFirstGet                          builds/obj/drivers/FATFilesystem.o
                                                  builds/obj/kernel.o
FAT16ClusterFreeTotalGet                          builds/obj/drivers/FATFilesystem.o
                                                  builds/obj/kernel.o
FAT16ClusterNextGet                               builds/obj/drivers/FATFilesystem.o
                                                  builds/obj/kernel.o
FAT16ClusterNextSet                               builds/obj/drivers/FATFilesystem.o
                                                  builds/obj/kernel.o
FAT16EntryBuild                                   builds/obj/drivers/FATFilesystem.o
                                                  builds/obj/kernel.o
FAT16FATBackup                                    builds/obj/drivers/FATFilesystem.o
                                                  builds/obj/kernel.o
FAT16FileWrite                                    builds/obj/drivers/FATFilesystem.o
                                                  builds/obj/kernel.o
FAT16ItemCount                                    builds/obj/drivers/FATFilesystem.o
                                                  builds/obj/kernel.o
FAT16ItemDelete                                   builds/obj/drivers/FATFilesystem.o
                                                  builds/obj/kernel.o
FAT16ItemExists                                   builds/obj/drivers/FATFilesystem.o
                                                  builds/obj/kernel.o
FAT16ItemInfoAccessedGet                          builds/obj/drivers/FATFilesystem.o
                                                  builds/obj/kernel.o
FAT16ItemInfoCreatedGet                           builds/obj/drivers/FATFilesystem.o
                                                  builds/obj/kernel.o
FAT16ItemInfoModifiedGet                          builds/obj/drivers/FATFilesystem.o
                                                  builds/obj/kernel.o
FAT16ItemInfoSizeGet                              builds/obj/drivers/FATFilesystem.o
                                                  builds/obj/kernel.o
FAT16ItemLoad                                     builds/obj/drivers/FATFilesystem.o
                                                  builds/obj/kernel.o
FAT16ItemMatch                                    builds/obj/drivers/FATFilesystem.o
                                                  builds/obj/kernel.o
FAT16ItemNew                                      builds/obj/drivers/FATFilesystem.o
                                                  builds/obj/kernel.o
FAT16ItemStore                                    builds/obj/drivers/FATFilesystem.o
                                                  builds/obj/kernel.o
FAT16PartitionCacheData                           builds/obj/drivers/FATFilesystem.o
                                                  builds/obj/kernel.o
FAT16PartitionInfo                                builds/obj/drivers/FATFilesystem.o
                                                  builds/obj/kernel.o
FAT16PathCanonicalize                             builds/obj/drivers/FATFilesystem.o
                                                  builds/obj/kernel.o
FAT16ServiceHandler                               builds/obj/drivers/FATFilesystem.o
                                                  builds/obj/kernel.o
FAT32ServiceHandler                               builds/obj/drivers/FATFilesystem.o
                                                  builds/obj/kernel.o
FATDecodeDate                                     builds/obj/drivers/FATFilesystem.o
                                                  builds/obj/kernel.o
FATDecodeTime                                     builds/obj/drivers/FATFilesystem.o
                                                  builds/obj/kernel.o
FATEncodeDate                                     builds/obj/drivers/FATFilesystem.o
                                                  builds/obj/kernel.o
FATEncodeFilename                                 builds/obj/drivers/FATFilesystem.o
                                                  builds/obj/kernel.o
FATEncodeTime                                     builds/obj/drivers/FATFilesystem.o
                                                  builds/obj/kernel.o
Fail                                              builds/obj/api/misc.o
                                                  builds/obj/system/interrupts.o
                                                  builds/obj/io/events.o
                                                  builds/obj/io/PS2Controller.o
                                                  builds/obj/drivers/PS2Mouse.o
                                                  builds/obj/drivers/PS2Keyboard.o
                                                  builds/obj/kernel.o
IDEATAPISectorReadPIO                             builds/obj/drivers/IDEController.o
                                                  builds/obj/kernel.o
IDEATASectorReadLBA28PIO                          builds/obj/drivers/IDEController.o
                                                  builds/obj/kernel.o
IDEATASectorWriteLBA28PIO                         builds/obj/drivers/IDEController.o
                                                  builds/obj/kernel.o
IDEDetectChannelDevices                           builds/obj/kernel.o
IDEDriveIdentify                                  builds/obj/drivers/IDEController.o
                                                  builds/obj/kernel.o
IDEInit                                           builds/obj/drivers/IDEController.o
                                                  builds/obj/kernel.o
IDEInterruptHandlerPrimary                        builds/obj/drivers/IDEController.o
                                                  builds/obj/kernel.o
IDEInterruptHandlerSecondary                      builds/obj/drivers/IDEController.o
                                                  builds/obj/kernel.o
IDEServiceHandler                                 builds/obj/drivers/IDEController.o
                                                  builds/obj/kernel.o
IDEWaitForReady                                   builds/obj/drivers/IDEController.o
                                                  builds/obj/kernel.o
IDTInit                                           builds/obj/system/interrupts.o
                                                  builds/obj/io/events.o
                                                  builds/obj/io/PS2Controller.o
                                                  builds/obj/drivers/PS2Mouse.o
                                                  builds/obj/drivers/IDEController.o
                                                  builds/obj/drivers/PS2Keyboard.o
                                                  builds/obj/kernel.o
ISR00                                             builds/obj/system/interrupts.o
                                                  builds/obj/io/events.o
                                                  builds/obj/io/PS2Controller.o
                                                  builds/obj/drivers/PS2Mouse.o
                                                  builds/obj/drivers/IDEController.o
                                                  builds/obj/drivers/PS2Keyboard.o
                                                  builds/obj/kernel.o
ISR01                                             builds/obj/system/interrupts.o
                                                  builds/obj/io/events.o
                                                  builds/obj/io/PS2Controller.o
                                                  builds/obj/drivers/PS2Mouse.o
                                                  builds/obj/drivers/IDEController.o
                                                  builds/obj/drivers/PS2Keyboard.o
                                                  builds/obj/kernel.o
ISR02                                             builds/obj/system/interrupts.o
                                                  builds/obj/io/events.o
                                                  builds/obj/io/PS2Controller.o
                                                  builds/obj/drivers/PS2Mouse.o
                                                  builds/obj/drivers/IDEController.o
                                                  builds/obj/drivers/PS2Keyboard.o
                                                  builds/obj/kernel.o
ISR03                                             builds/obj/system/interrupts.o
                                                  builds/obj/io/events.o
                                                  builds/obj/io/PS2Controller.o
                                                  builds/obj/drivers/PS2Mouse.o
                                                  builds/obj/drivers/IDEController.o
                                                  builds/obj/drivers/PS2Keyboard.o
                                                  builds/obj/kernel.o
ISR04                                             builds/obj/system/interrupts.o
                                                  builds/obj/io/events.o
                                                  builds/obj/io/PS2Controller.o
                                                  builds/obj/drivers/PS2Mouse.o
                                                  builds/obj/drivers/IDEController.o
                                                  builds/obj/drivers/PS2Keyboard.o
                                                  builds/obj/kernel.o
ISR05                                             builds/obj/system/interrupts.o
                                                  builds/obj/io/events.o
                                                  builds/obj/io/PS2Controller.o
                                                  builds/obj/drivers/PS2Mouse.o
                                                  builds/obj/drivers/IDEController.o
                                                  builds/obj/drivers/PS2Keyboard.o
                                                  builds/obj/kernel.o
ISR06                                             builds/obj/system/interrupts.o
                                                  builds/obj/io/events.o
                                                  builds/obj/io/PS2Controller.o
                                                  builds/obj/drivers/PS2Mouse.o
                                                  builds/obj/drivers/IDEController.o
                                                  builds/obj/drivers/PS2Keyboard.o
                                                  builds/obj/kernel.o
ISR07                                             builds/obj/system/interrupts.o
                                                  builds/obj/io/events.o
                                                  builds/obj/io/PS2Controller.o
                                                  builds/obj/drivers/PS2Mouse.o
                                                  builds/obj/drivers/IDEController.o
                                                  builds/obj/drivers/PS2Keyboard.o
                                                  builds/obj/kernel.o
ISR08                                             builds/obj/system/interrupts.o
                                                  builds/obj/io/events.o
                                                  builds/obj/io/PS2Controller.o
                                                  builds/obj/drivers/PS2Mouse.o
                                                  builds/obj/drivers/IDEController.o
                                                  builds/obj/drivers/PS2Keyboard.o
                                                  builds/obj/kernel.o
ISR09                                             builds/obj/system/interrupts.o
                                                  builds/obj/io/events.o
                                                  builds/obj/io/PS2Controller.o
                                                  builds/obj/drivers/PS2Mouse.o
                                                  builds/obj/drivers/IDEController.o
                                                  builds/obj/drivers/PS2Keyboard.o
                                                  builds/obj/kernel.o
ISR0A                                             builds/obj/system/interrupts.o
                                                  builds/obj/io/events.o
                                                  builds/obj/io/PS2Controller.o
                                                  builds/obj/drivers/PS2Mouse.o
                                                  builds/obj/drivers/IDEController.o
                                                  builds/obj/drivers/PS2Keyboard.o
                                                  builds/obj/kernel.o
ISR0B                                             builds/obj/system/interrupts.o
                                                  builds/obj/io/events.o
                                                  builds/obj/io/PS2Controller.o
                                                  builds/obj/drivers/PS2Mouse.o
                                                  builds/obj/drivers/IDEController.o
                                                  builds/obj/drivers/PS2Keyboard.o
                                                  builds/obj/kernel.o
ISR0C                                             builds/obj/system/interrupts.o
                                                  builds/obj/io/events.o
                                                  builds/obj/io/PS2Controller.o
                                                  builds/obj/drivers/PS2Mouse.o
                                                  builds/obj/drivers/IDEController.o
                                                  builds/obj/drivers/PS2Keyboard.o
                                                  builds/obj/kernel.o
ISR0D                                             builds/obj/system/interrupts.o
                                                  builds/obj/io/events.o
                                                  builds/obj/io/PS2Controller.o
                                                  builds/obj/drivers/PS2Mouse.o
                                                  builds/obj/drivers/IDEController.o
                                                  builds/obj/drivers/PS2Keyboard.o
                                                  builds/obj/kernel.o
ISR0E                                             builds/obj/system/interrupts.o
                                                  builds/obj/io/events.o
                                                  builds/obj/io/PS2Controller.o
                                                  builds/obj/drivers/PS2Mouse.o
                                                  builds/obj/drivers/IDEController.o
                                                  builds/obj/drivers/PS2Keyboard.o
                                                  builds/obj/kernel.o
ISR0F                                             builds/obj/system/interrupts.o
                                                  builds/obj/io/events.o
                                                  builds/obj/io/PS2Controller.o
                                                  builds/obj/drivers/PS2Mouse.o
                                                  builds/obj/drivers/IDEController.o
                                                  builds/obj/drivers/PS2Keyboard.o
                                                  builds/obj/kernel.o
ISR10                                             builds/obj/system/interrupts.o
                                                  builds/obj/io/events.o
                                                  builds/obj/io/PS2Controller.o
                                                  builds/obj/drivers/PS2Mouse.o
                                                  builds/obj/drivers/IDEController.o
                                                  builds/obj/drivers/PS2Keyboard.o
                                                  builds/obj/kernel.o
ISR11                                             builds/obj/system/interrupts.o
                                                  builds/obj/io/events.o
                                                  builds/obj/io/PS2Controller.o
                                                  builds/obj/drivers/PS2Mouse.o
                                                  builds/obj/drivers/IDEController.o
                                                  builds/obj/drivers/PS2Keyboard.o
                                                  builds/obj/kernel.o
ISR12                                             builds/obj/system/interrupts.o
                                                  builds/obj/io/events.o
                                                  builds/obj/io/PS2Controller.o
                                                  builds/obj/drivers/PS2Mouse.o
                                                  builds/obj/drivers/IDEController.o
                                                  builds/obj/drivers/PS2Keyboard.o
                                                  builds/obj/kernel.o
ISR13                                             builds/obj/system/interrupts.o
                                                  builds/obj/io/events.o
                                                  builds/obj/io/PS2Controller.o
                                                  builds/obj/drivers/PS2Mouse.o
                                                  builds/obj/drivers/IDEController.o
[...]
                                                  builds/obj/system/CPU.o
                                                  builds/obj/system/tasks.o
                                                  builds/obj/system/debug.o
                                                  builds/obj/system/numbers.o
                                                  builds/obj/system/memory.o
                                                  builds/obj/system/PCI.o
                                                  builds/obj/system/interrupts.o
                                                  builds/obj/io/storage.o
                                                  builds/obj/io/serial.o
                                                  builds/obj/io/events.o
                                                  builds/obj/io/PS2Controller.o
                                                  builds/obj/drivers/PS2Mouse.o
                                                  builds/obj/drivers/FATFilesystem.o
                                                  builds/obj/drivers/IDEController.o
                                                  builds/obj/drivers/PS2Keyboard.o
                                                  builds/obj/api/misc.o
                                                  builds/obj/api/lists.o
                                                  builds/obj/kernel.o
tSystem.mouseZ                                    builds/obj/system/globals.o
                                                  builds/obj/video/screen.o
                                                  builds/obj/system/RTC.o
                                                  builds/obj/system/CPU.o
                                                  builds/obj/system/tasks.o
                                                  builds/obj/system/debug.o
                                                  builds/obj/system/numbers.o
                                                  builds/obj/system/memory.o
                                                  builds/obj/system/PCI.o
                                                  builds/obj/system/interrupts.o
                                                  builds/obj/io/storage.o
                                                  builds/obj/io/serial.o
                                                  builds/obj/io/events.o
                                                  builds/obj/io/PS2Controller.o
                                                  builds/obj/drivers/PS2Mouse.o
                                                  builds/obj/drivers/FATFilesystem.o
                                                  builds/obj/drivers/IDEController.o
                                                  builds/obj/drivers/PS2Keyboard.o
                                                  builds/obj/api/misc.o
                                                  builds/obj/api/lists.o
                                                  builds/obj/kernel.o
tSystem.multicoreAvailable                        builds/obj/system/globals.o
                                                  builds/obj/video/screen.o
                                                  builds/obj/system/RTC.o
                                                  builds/obj/system/CPU.o
                                                  builds/obj/system/tasks.o
                                                  builds/obj/system/debug.o
                                                  builds/obj/system/numbers.o
                                                  builds/obj/system/memory.o
                                                  builds/obj/system/PCI.o
                                                  builds/obj/system/interrupts.o
                                                  builds/obj/io/storage.o
                                                  builds/obj/io/serial.o
                                                  builds/obj/io/events.o
                                                  builds/obj/io/PS2Controller.o
                                                  builds/obj/drivers/PS2Mouse.o
                                                  builds/obj/drivers/FATFilesystem.o
                                                  builds/obj/drivers/IDEController.o
                                                  builds/obj/drivers/PS2Keyboard.o
                                                  builds/obj/api/misc.o
                                                  builds/obj/api/lists.o
                                                  builds/obj/kernel.o
tSystem.taskKernelStackSize                       builds/obj/system/globals.o
                                                  builds/obj/video/screen.o
                                                  builds/obj/system/RTC.o
                                                  builds/obj/system/CPU.o
                                                  builds/obj/system/tasks.o
                                                  builds/obj/system/debug.o
                                                  builds/obj/system/numbers.o
                                                  builds/obj/system/memory.o
                                                  builds/obj/system/PCI.o
                                                  builds/obj/system/interrupts.o
                                                  builds/obj/io/storage.o
                                                  builds/obj/io/serial.o
                                                  builds/obj/io/events.o
                                                  builds/obj/io/PS2Controller.o
                                                  builds/obj/drivers/PS2Mouse.o
                                                  builds/obj/drivers/FATFilesystem.o
                                                  builds/obj/drivers/IDEController.o
                                                  builds/obj/drivers/PS2Keyboard.o
                                                  builds/obj/api/misc.o
                                                  builds/obj/api/lists.o
                                                  builds/obj/kernel.o
tSystem.taskStackSize                             builds/obj/system/globals.o
                                                  builds/obj/video/screen.o
                                                  builds/obj/system/RTC.o
                                                  builds/obj/system/CPU.o
                                                  builds/obj/system/tasks.o
                                                  builds/obj/system/debug.o
                                                  builds/obj/system/numbers.o
                                                  builds/obj/system/memory.o
                                                  builds/obj/system/PCI.o
                                                  builds/obj/system/interrupts.o
                                                  builds/obj/io/storage.o
                                                  builds/obj/io/serial.o
                                                  builds/obj/io/events.o
                                                  builds/obj/io/PS2Controller.o
                                                  builds/obj/drivers/PS2Mouse.o
                                                  builds/obj/drivers/FATFilesystem.o
                                                  builds/obj/drivers/IDEController.o
                                                  builds/obj/drivers/PS2Keyboard.o
                                                  builds/obj/api/misc.o
                                                  builds/obj/api/lists.o
                                                  builds/obj/kernel.o
tSystem.taskingEnable                             builds/obj/system/globals.o
                                                  builds/obj/video/screen.o
                                                  builds/obj/system/RTC.o
                                                  builds/obj/system/CPU.o
                                                  builds/obj/system/tasks.o
                                                  builds/obj/system/debug.o
                                                  builds/obj/system/numbers.o
                                                  builds/obj/system/memory.o
                                                  builds/obj/system/PCI.o
                                                  builds/obj/system/interrupts.o
                                                  builds/obj/io/storage.o
                                                  builds/obj/io/serial.o
                                                  builds/obj/io/events.o
                                                  builds/obj/io/PS2Controller.o
                                                  builds/obj/drivers/PS2Mouse.o
                                                  builds/obj/drivers/FATFilesystem.o
                                                  builds/obj/drivers/IDEController.o
                                                  builds/obj/drivers/PS2Keyboard.o
                                                  builds/obj/api/misc.o
                                                  builds/obj/api/lists.o
                                                  builds/obj/kernel.o
tSystem.ticksSinceBoot                            builds/obj/system/globals.o
                                                  builds/obj/video/screen.o
                                                  builds/obj/system/RTC.o
                                                  builds/obj/system/CPU.o
                                                  builds/obj/system/tasks.o
                                                  builds/obj/system/debug.o
                                                  builds/obj/system/numbers.o
                                                  builds/obj/system/memory.o
                                                  builds/obj/system/PCI.o
                                                  builds/obj/system/interrupts.o
                                                  builds/obj/io/storage.o
                                                  builds/obj/io/serial.o
                                                  builds/obj/io/events.o
                                                  builds/obj/io/PS2Controller.o
                                                  builds/obj/drivers/PS2Mouse.o
                                                  builds/obj/drivers/FATFilesystem.o
                                                  builds/obj/drivers/IDEController.o
                                                  builds/obj/drivers/PS2Keyboard.o
                                                  builds/obj/api/misc.o
                                                  builds/obj/api/lists.o
                                                  builds/obj/kernel.o
tSystem.versionBuild                              builds/obj/system/globals.o
                                                  builds/obj/video/screen.o
                                                  builds/obj/system/RTC.o
                                                  builds/obj/system/CPU.o
                                                  builds/obj/system/tasks.o
                                                  builds/obj/system/debug.o
                                                  builds/obj/system/numbers.o
                                                  builds/obj/system/memory.o
                                                  builds/obj/system/PCI.o
                                                  builds/obj/system/interrupts.o
                                                  builds/obj/io/storage.o
                                                  builds/obj/io/serial.o
                                                  builds/obj/io/events.o
                                                  builds/obj/io/PS2Controller.o
                                                  builds/obj/drivers/PS2Mouse.o
                                                  builds/obj/drivers/FATFilesystem.o
                                                  builds/obj/drivers/IDEController.o
                                                  builds/obj/drivers/PS2Keyboard.o
                                                  builds/obj/api/misc.o
                                                  builds/obj/api/lists.o
                                                  builds/obj/kernel.o
tSystem.versionMajor                              builds/obj/system/globals.o
                                                  builds/obj/video/screen.o
                                                  builds/obj/system/RTC.o
                                                  builds/obj/system/CPU.o
                                                  builds/obj/system/tasks.o
                                                  builds/obj/system/debug.o
                                                  builds/obj/system/numbers.o
                                                  builds/obj/system/memory.o
                                                  builds/obj/system/PCI.o
                                                  builds/obj/system/interrupts.o
                                                  builds/obj/io/storage.o
                                                  builds/obj/io/serial.o
                                                  builds/obj/io/events.o
                                                  builds/obj/io/PS2Controller.o
                                                  builds/obj/drivers/PS2Mouse.o
                                                  builds/obj/drivers/FATFilesystem.o
                                                  builds/obj/drivers/IDEController.o
                                                  builds/obj/drivers/PS2Keyboard.o
                                                  builds/obj/api/misc.o
                                                  builds/obj/api/lists.o
                                                  builds/obj/kernel.o
tSystem.versionMinor                              builds/obj/system/globals.o
                                                  builds/obj/video/screen.o
                                                  builds/obj/system/RTC.o
                                                  builds/obj/system/CPU.o
                                                  builds/obj/system/tasks.o
                                                  builds/obj/system/debug.o
                                                  builds/obj/system/numbers.o
                                                  builds/obj/system/memory.o
                                                  builds/obj/system/PCI.o
                                                  builds/obj/system/interrupts.o
                                                  builds/obj/io/storage.o
                                                  builds/obj/io/serial.o
                                                  builds/obj/io/events.o
                                                  builds/obj/io/PS2Controller.o
                                                  builds/obj/drivers/PS2Mouse.o
                                                  builds/obj/drivers/FATFilesystem.o
                                                  builds/obj/drivers/IDEController.o
                                                  builds/obj/drivers/PS2Keyboard.o
                                                  builds/obj/api/misc.o
                                                  builds/obj/api/lists.o
                                                  builds/obj/kernel.o
tss.back_link                                     builds/obj/kernel.o
                                                  builds/obj/system/tasks.o
tss.cr3                                           builds/obj/kernel.o
                                                  builds/obj/system/tasks.o
tss.cs                                            builds/obj/kernel.o
                                                  builds/obj/system/tasks.o
tss.ds                                            builds/obj/kernel.o
                                                  builds/obj/system/tasks.o
tss.eax                                           builds/obj/kernel.o
                                                  builds/obj/system/tasks.o
tss.ebp                                           builds/obj/kernel.o
                                                  builds/obj/system/tasks.o
tss.ebx                                           builds/obj/kernel.o
                                                  builds/obj/system/tasks.o
tss.ecx                                           builds/obj/kernel.o
                                                  builds/obj/system/tasks.o
tss.edi                                           builds/obj/kernel.o
                                                  builds/obj/system/tasks.o
tss.edx                                           builds/obj/kernel.o
                                                  builds/obj/system/tasks.o
tss.eflags                                        builds/obj/kernel.o
                                                  builds/obj/system/tasks.o
tss.eip                                           builds/obj/kernel.o
                                                  builds/obj/system/tasks.o
tss.end                                           builds/obj/kernel.o
                                                  builds/obj/system/tasks.o
tss.es                                            builds/obj/kernel.o
                                                  builds/obj/system/tasks.o
tss.esi                                           builds/obj/kernel.o
                                                  builds/obj/system/tasks.o
tss.esp                                           builds/obj/kernel.o
                                                  builds/obj/system/tasks.o
tss.esp0                                          builds/obj/kernel.o
                                                  builds/obj/system/tasks.o
tss.esp1                                          builds/obj/kernel.o
                                                  builds/obj/system/tasks.o
tss.esp2                                          builds/obj/kernel.o
                                                  builds/obj/system/tasks.o
tss.fs                                            builds/obj/kernel.o
                                                  builds/obj/system/tasks.o
tss.gs                                            builds/obj/kernel.o
                                                  builds/obj/system/tasks.o
tss.iomap_base                                    builds/obj/kernel.o
                                                  builds/obj/system/tasks.o
tss.ldt                                           builds/obj/kernel.o
                                                  builds/obj/system/tasks.o
tss.ss                                            builds/obj/kernel.o
                                                  builds/obj/system/tasks.o
tss.ss0                                           builds/obj/kernel.o
                                                  builds/obj/system/tasks.o
tss.ss1                                           builds/obj/kernel.o
                                                  builds/obj/system/tasks.o
tss.ss2                                           builds/obj/kernel.o
                                                  builds/obj/system/tasks.o
tss.trap                                          builds/obj/kernel.o
                                                  builds/obj/system/tasks.o
