
Memory Configuration

Name             Origin             Length             Attributes
*default*        0x0000000000000000 0xffffffffffffffff

Linker script and memory map

                0x0000000000000600                phys = 0x600

.text           0x0000000000000600     0x927a
                0x0000000000000600                code = .
 *(.text)
 .text          0x0000000000000600      0x698 builds/obj/kernel.o
                0x0000000000000600                main
 .text          0x0000000000000c98      0xadc builds/obj/api/lists.o
                0x0000000000000c98                LMBitfieldInit
                0x0000000000000cd7                LMBitfieldScanClear
                0x0000000000000d3c                LMBitfieldScanSet
                0x0000000000000d9f                LMBitfieldSpaceCalc
                0x0000000000000dbc                LMBitfieldValidate
                0x0000000000000ddb                LMBitfieldValidateElement
                0x0000000000000df9                LMBitClear
                0x0000000000000e4c                LMBitClearRange
                0x0000000000000f3f                LMBitFlip
                0x0000000000000f96                LMBitFlipRange
                0x000000000000109a                LMBitGet
                0x00000000000010d3                LMBitSet
                0x0000000000001126                LMBitSetRange
                0x0000000000001221                LMCountBitsSet
                0x000000000000125f                LMElementAddressGet
                0x0000000000001295                LMElementCountGet
                0x00000000000012b8                LMElementCountSet
                0x00000000000012de                LMElementDelete
                0x0000000000001314                LMElementDuplicate
                0x000000000000134a                LMElementSizeGet
                0x000000000000136f                LMElementValidate
                0x000000000000138d                LMItemAddAtSlot
                0x00000000000013c9                LMListCompact
                0x00000000000013da                LMListInit
                0x0000000000001414                LMListSearch
                0x0000000000001425                LMListSpaceCalc
                0x000000000000143e                LMListValidate
                0x000000000000145d                LMSlotFindFirstFree
                0x0000000000001480                LMSlotFreeTest
 .text          0x0000000000001774      0x106 builds/obj/api/misc.o
                0x0000000000001774                SetSystemAPM
                0x0000000000001794                Fail
                0x00000000000017bc                PrintCopyright
                0x00000000000017e2                PrintVerison
                0x000000000000185f                TimerWait
 .text          0x000000000000187a      0xdbc builds/obj/api/strings.o
                0x000000000000187a                ConvertByteToHexString16
                0x00000000000018ae                ConvertWordToHexString16
                0x000000000000190f                ConvertNumberBinaryToString
                0x0000000000001947                ConvertNumberDecimalToString
                0x000000000000197f                ConvertNumberHexToString
                0x0000000000001a33                ConvertNumberHexQuadToString
                0x0000000000001b8f                ConvertNumberOctalToString
                0x0000000000001bc7                ConvertStringBinaryToNumber
                0x0000000000001c32                ConvertStringDecimalToNumber
                0x0000000000001ca7                ConvertStringHexToNumber
                0x0000000000001d2b                ConvertStringOctalToNumber
                0x0000000000001d97                StringCaseLower
                0x0000000000001db8                StringCaseUpper
                0x0000000000001dd9                StringCharAppend
                0x0000000000001df6                StringCharDelete
                0x0000000000001e1c                StringCharGet
                0x0000000000001e57                StringCharPrepend
                0x0000000000001e7e                StringCharReplace
                0x0000000000001e9f                StringCharReplaceRange
                0x0000000000001ecf                StringFill
                0x0000000000001ee9                StringInsert
                0x0000000000001f4c                StringLength
                0x0000000000001f68                StringPadLeft
                0x0000000000001faf                StringPadRight
                0x0000000000001fec                StringSearchCharLeft
                0x000000000000201f                StringSearchCharRight
                0x0000000000002056                StringSearchCharList
                0x00000000000020bf                StringTokenBinary
                0x0000000000002161                StringTokenDecimal
                0x0000000000002203                StringTokenHexadecimal
                0x00000000000022a5                StringTokenHexadecimalQuad
                0x000000000000234a                StringTokenOctal
                0x00000000000023ec                StringTokenString
                0x0000000000002445                StringTrimLeft
                0x0000000000002473                StringTrimRight
                0x00000000000024a2                StringTruncateLeft
                0x00000000000024d5                StringTruncateRight
                0x0000000000002501                StringWordCount
                0x0000000000002586                StringWordGet
 .text          0x0000000000002636      0x763 builds/obj/drivers/IDEController.o
                0x0000000000002636                IDEATAPISectorReadPIO
                0x000000000000276d                IDEATASectorReadLBA28PIO
                0x0000000000002821                IDEATASectorWriteLBA28PIO
                0x00000000000029dd                IDEDriveIdentify
                0x0000000000002b3b                IDEInit
                0x0000000000002c9e                IDEInterruptHandlerPrimary
                0x0000000000002cae                IDEInterruptHandlerSecondary
                0x0000000000002cbe                IDEServiceHandler
                0x0000000000002d5e                IDEWaitForReady
 .text          0x0000000000002d99     0x1601 builds/obj/drivers/FATFilesystem.o
                0x0000000000002d99                FAT16CalcLBAClusterToSector
                0x0000000000002dae                FAT16CalcSpaceNeeded
                0x0000000000002de4                FAT16CalcTableElementFromCluster
                0x0000000000002dff                FAT16ChainDelete
                0x0000000000002eaf                FAT16ChainGrow
                0x0000000000002fe7                FAT16ChainLength
                0x0000000000003092                FAT16ChainRead
                0x0000000000003188                FAT16ChainResize
                0x00000000000031c4                FAT16ChainShrink
                0x00000000000032b9                FAT16ChainWrite
                0x000000000000338b                FAT16ClusterFreeFirstGet
                0x0000000000003439                FAT16ClusterFreeTotalGet
                0x00000000000034d6                FAT16ClusterNextGet
                0x0000000000003536                FAT16ClusterNextSet
                0x00000000000035a8                FAT16EntryBuild
                0x000000000000363f                FAT16FATBackup
                0x00000000000036c1                FAT16FileWrite
                0x00000000000036c8                FAT16ItemCount
                0x0000000000003721                FAT16ItemDelete
                0x00000000000037f2                FAT16ItemExists
                0x0000000000003842                FAT16ItemInfoAccessedGet
                0x00000000000038a3                FAT16ItemInfoCreatedGet
                0x0000000000003927                FAT16ItemInfoModifiedGet
                0x00000000000039a2                FAT16ItemInfoSizeGet
                0x00000000000039f7                FAT16ItemLoad
                0x0000000000003af2                FAT16ItemMatch
                0x0000000000003b58                FAT16ItemNew
                0x0000000000003d6c                FAT16ItemStore
                0x0000000000003e87                FAT16PartitionCacheData
                0x0000000000003f60                FAT16PartitionInfo
                0x0000000000003f8d                FAT16PathCanonicalize
                0x0000000000003faa                FAT16ServiceHandler
                0x000000000000416c                FAT32ServiceHandler
                0x00000000000041a1                FATDecodeDate
                0x00000000000041e4                FATDecodeTime
                0x0000000000004223                FATEncodeDate
                0x00000000000042a1                FATEncodeFilename
                0x0000000000004326                FATEncodeTime
 .text          0x000000000000439a      0xabc builds/obj/io/PS2Controller.o
                0x000000000000439a                PS2ControllerCommand
                0x00000000000043b2                PS2ControllerInit
                0x00000000000045c0                PS2ControllerPortTest
                0x00000000000045ed                PS2ControllerWaitDataRead
                0x000000000000461e                PS2ControllerWaitDataWrite
                0x000000000000464f                PS2DeviceIdentify
                0x0000000000004937                PS2InputHandlerDispatch
                0x0000000000004b6b                PS2NewConnect
                0x0000000000004c0f                PS2Port1InterruptHandler
                0x0000000000004c6b                PS2Port2InterruptHandler
                0x0000000000004cc7                PS2PortInitDevice
                0x0000000000004d40                PS2PortSendTo2
 .text          0x0000000000004e56        0x7 builds/obj/io/events.o
 .text          0x0000000000004e5d      0x5f3 builds/obj/io/serial.o
 .text          0x0000000000005450      0x6f8 builds/obj/io/storage.o
                0x0000000000005450                SMDiskRead
                0x0000000000005485                SMItemCount
                0x00000000000054d6                SMItemDelete
                0x0000000000005526                SMItemExists
                0x0000000000005576                SMItemInfoAccessedGet
                0x00000000000055c6                SMItemInfoCreatedGet
                0x0000000000005616                SMItemInfoModifiedGet
                0x0000000000005666                SMItemInfoSizeGet
                0x00000000000056b6                SMItemLoad
                0x0000000000005706                SMItemNew
                0x0000000000005757                SMItemStore
                0x00000000000057a9                SMPartitionEnumerate
                0x0000000000005906                SMPartitionMap
                0x0000000000005961                SMPartitionRead
                0x00000000000059b5                SMPartitionWrite
                0x0000000000005a09                SMPartitionInfo
                0x0000000000005a58                SMPathParentGet
                0x0000000000005a75                SMPathPartitionGet
                0x0000000000005b12                SMPathPartitionStripDrive
                0x0000000000005b3f                SMPathValidate
 .text          0x0000000000005b48        0x7 builds/obj/system/exec.o
 .text          0x0000000000005b4f       0x72 builds/obj/system/hardware.o
                0x0000000000005b4f                KeyGet
                0x0000000000005b87                KeyWait
                0x0000000000005b97                PITInit
                0x0000000000005bac                Reboot
 .text          0x0000000000005bc1       0xe8 builds/obj/system/PIC.o
                0x0000000000005bc1                PICInit
                0x0000000000005c18                PICIntCompleteMaster
                0x0000000000005c24                PICIntCompleteSlave
                0x0000000000005c35                PICIRQDisable
                0x0000000000005c5e                PICIRQDisableAll
                0x0000000000005c6d                PICIRQEnable
                0x0000000000005c96                PICIRQEnableAll
 .text          0x0000000000005ca9      0xd1b builds/obj/system/interrupts.o
                0x0000000000005ca9                CriticalError
                0x0000000000005f89                IDTInit
                0x0000000000005fd1                InterruptHandlerGetAddress
                0x0000000000006000                InterruptHandlerGetFlags
                0x0000000000006025                InterruptHandlerGetSelector
                0x000000000000604b                InterruptHandlerSet
                0x000000000000608f                InterruptUnimplemented
                0x00000000000060a7                ISRInitAll
                0x000000000000643e                ISR00
                0x000000000000644e                ISR01
                0x0000000000006460                ISR02
                0x0000000000006476                ISR03
                0x0000000000006488                ISR04
                0x000000000000649e                ISR05
                0x00000000000064b4                ISR06
                0x00000000000064ca                ISR07
                0x00000000000064e0                ISR08
                0x00000000000064f7                ISR09
                0x000000000000650d                ISR0A
                0x0000000000006524                ISR0B
                0x000000000000653b                ISR0C
                0x0000000000006552                ISR0D
                0x000000000000656c                ISR0E
                0x0000000000006583                ISR0F
                0x0000000000006599                ISR10
                0x00000000000065af                ISR11
                0x00000000000065c6                ISR12
                0x00000000000065dc                ISR13
                0x00000000000065f2                ISR14
                0x0000000000006608                ISR15
                0x000000000000661e                ISR16
                0x0000000000006634                ISR17
                0x000000000000664a                ISR18
                0x0000000000006660                ISR19
                0x0000000000006676                ISR1A
                0x000000000000668c                ISR1B
                0x00000000000066a2                ISR1C
                0x00000000000066b8                ISR1D
                0x00000000000066ce                ISR1E
                0x00000000000066e5                ISR1F
                0x00000000000066fb                ISR20
                0x000000000000670e                ISR21
                0x000000000000674a                ISR22
                0x0000000000006786                ISR23
                0x00000000000067c2                ISR24
                0x00000000000067c8                ISR25
                0x0000000000006804                ISR26
                0x000000000000680a                ISR27
                0x0000000000006810                ISR28
                0x0000000000006820                ISR29
                0x000000000000685c                ISR2A
                0x0000000000006898                ISR2B
                0x00000000000068d4                ISR2C
                0x0000000000006910                ISR2D
                0x000000000000694c                ISR2E
                0x0000000000006988                ISR2F
 .text          0x00000000000069c4      0x4ce builds/obj/system/PCI.o
                0x00000000000069c4                PCIProbe
                0x00000000000069e2                PCICalculateNext
                0x0000000000006a21                PCIDeviceInitAll
                0x0000000000006b84                PCIFunctionCheck
                0x0000000000006bad                PCIFunctionCountGet
                0x0000000000006c13                PCIFunctionNextGet
                0x0000000000006c61                PCIHandlerCommand
                0x0000000000006cc5                PCIHandlerGet
                0x0000000000006ce9                PCIHandlerSet
                0x0000000000006d10                PCIInfoClassGet
                0x0000000000006d2c                PCIInfoDeviceGet
                0x0000000000006d48                PCIInfoProgIfGet
                0x0000000000006d69                PCIInfoRevisionGet
                0x0000000000006d87                PCIInfoSubclassGet
                0x0000000000006da8                PCIInfoVendorGet
                0x0000000000006dc6                PCIRegisterRead
                0x0000000000006e12                PCIRegisterReadAll
                0x0000000000006e43                PCIRegisterWrite
 .text          0x0000000000006e92       0x33 builds/obj/system/CMOS.o
 .text          0x0000000000006ec5       0x32 builds/obj/system/power.o
 .text          0x0000000000006ef7        0x0 builds/obj/system/globals.o
 .text          0x0000000000006ef7      0x86f builds/obj/system/memory.o
                0x0000000000006ef7                A20Check
                0x0000000000006f5e                A20Enable
                0x0000000000006fc4                A20EnableBIOS
                0x0000000000006fd0                A20EnableFastA20
                0x0000000000006fdd                A20EnableKeyboardController
                0x000000000000702b                A20EnablePortEE
                0x0000000000007034                MemMapCopy
                0x0000000000007095                MemAddressAlign
                0x00000000000070b7                MemAllocate
                0x000000000000711a                MemAllocatePages
                0x0000000000007153                MemCompare
                0x0000000000007178                MemCopy
                0x0000000000007230                MemDispose
                0x0000000000007267                MemFill
                0x000000000000729d                MemInit
                0x0000000000007599                MemMapPrint
                0x0000000000007648                MemPagesNeeded
                0x0000000000007666                MemSearchWord
                0x000000000000768c                MemSearchDWord
                0x00000000000076b0                MemSearchString
                0x0000000000007708                MemStats
                0x000000000000772d                MemSwapWordBytes
                0x000000000000774b                MemSwapDwordWords
 .text          0x0000000000007766      0x2b4 builds/obj/system/numbers.o
                0x0000000000007766                BCDToDecimal
                0x00000000000077af                PopulationCount
                0x0000000000007819                PopulationCountRange
                0x0000000000007913                RangeCheck
                0x000000000000792d                QuadAdd
                0x0000000000007956                QuadShiftLeft
                0x000000000000799f                QuadShiftRight
                0x00000000000079e6                Random
 .text          0x0000000000007a1a       0x32 builds/obj/system/NKAPM.o
 .text          0x0000000000007a4c     0x1205 builds/obj/system/debug.o
                0x0000000000007a4c                DebugCPUFeaturesEnable
                0x0000000000007a64                DebugTraceDisable
                0x0000000000007a74                DebugTraceEnable
                0x0000000000007a84                Debugger
                0x0000000000007d97                DebugInstacrash
                0x0000000000007da3                DebugMemoryDetails
                0x0000000000007deb                DebugMenu
                0x0000000000007f5c                DebugPCIDevices
                0x000000000000830f                DebugRAMBrowser
                0x00000000000084c0                DebugStackTrace
                0x0000000000008515                DebugSystemInfo
                0x0000000000008864                DebugTaskBrowser
                0x0000000000008b75                DebugVBoxLogRegs
                0x0000000000008c15                DebugVBoxLogWrite
                0x0000000000008c41                DebugWaitForEscape
 .text          0x0000000000008c51      0x2b9 builds/obj/system/tasks.o
                0x0000000000008c51                TaskInit
                0x0000000000008ca3                TaskKill
                0x0000000000008d15                TaskNameSet
                0x0000000000008d62                TaskNew
                0x0000000000008e38                TaskSwitch
 .text          0x0000000000008f0a      0x106 builds/obj/system/CPU.o
                0x0000000000008f0a                CPUInit
                0x0000000000008f40                CPUProbe
 .text          0x0000000000009010      0x175 builds/obj/system/RTC.o
                0x0000000000009010                RTCAdjustBCD
                0x0000000000009082                RTCInit
                0x00000000000090d0                RTCInterruptHandler
 .text          0x0000000000009185      0x133 builds/obj/system/paging.o
                0x0000000000009185                PagingInit
                0x000000000000918c                PagingMap
                0x00000000000091d4                PagingDirNew
 .text          0x00000000000092b8      0x123 builds/obj/system/GDT.o
 .text          0x00000000000093db      0x49f builds/obj/video/screen.o
                0x00000000000093db                Print16
                0x000000000000946c                PrintIfConfigBits16
                0x0000000000009484                PrintRegs16
                0x00000000000094f2                ScreenClear16
                0x0000000000009523                ScreenScroll16
                0x0000000000009572                CursorHome
                0x0000000000009587                Print32
                0x0000000000009647                PrintIfConfigBits32
                0x0000000000009682                PrintRAM32
                0x000000000000974b                PrintRegs32
                0x0000000000009821                ScreenClear32
                0x0000000000009851                ScreenScroll32
 *(.rodata)

.data           0x000000000000987c     0x19aa
                0x000000000000987c                data = .
 *(.data)
 .data          0x000000000000987c      0x473 builds/obj/kernel.o
                0x0000000000009c87                tss.back_link
                0x0000000000009c8b                tss.esp0
                0x0000000000009c8f                tss.ss0
                0x0000000000009c93                tss.esp1
                0x0000000000009c97                tss.ss1
                0x0000000000009c9b                tss.esp2
                0x0000000000009c9f                tss.ss2
                0x0000000000009ca3                tss.cr3
                0x0000000000009ca7                tss.eip
                0x0000000000009cab                tss.eflags
                0x0000000000009caf                tss.eax
                0x0000000000009cb3                tss.ecx
                0x0000000000009cb7                tss.edx
                0x0000000000009cbb                tss.ebx
                0x0000000000009cbf                tss.esp
                0x0000000000009cc3                tss.ebp
                0x0000000000009cc7                tss.esi
                0x0000000000009ccb                tss.edi
                0x0000000000009ccf                tss.es
                0x0000000000009cd3                tss.cs
                0x0000000000009cd7                tss.ss
                0x0000000000009cdb                tss.ds
                0x0000000000009cdf                tss.fs
                0x0000000000009ce3                tss.gs
                0x0000000000009ce7                tss.ldt
                0x0000000000009ceb                tss.trap
                0x0000000000009ced                tss.iomap_base
                0x0000000000009cef                tss.end
 .data          0x0000000000009cef       0x15 builds/obj/api/misc.o
 .data          0x0000000000009d04       0x10 builds/obj/api/strings.o
 .data          0x0000000000009d14       0x32 builds/obj/drivers/IDEController.o
 .data          0x0000000000009d46        0xc builds/obj/drivers/FATFilesystem.o
 .data          0x0000000000009d52      0x390 builds/obj/io/PS2Controller.o
 .data          0x000000000000a0e2        0x2 builds/obj/io/storage.o
 .data          0x000000000000a0e4        0x2 builds/obj/system/hardware.o
                0x000000000000a0e4                kKeyBufferWrite
                0x000000000000a0e5                kKeyBufferRead
 .data          0x000000000000a0e6      0x4da builds/obj/system/interrupts.o
                0x000000000000a0e6                kIDTPtr
 .data          0x000000000000a5c0       0x4b builds/obj/system/PCI.o
 .data          0x000000000000a60b       0xba builds/obj/system/globals.o
                0x000000000000a60b                tSystem.configBitsHint$
                0x000000000000a615                tSystem.configBits
                0x000000000000a619                tSystem.copyright$
                0x000000000000a63d                tSystem.versionMajor
                0x000000000000a63e                tSystem.versionMinor
                0x000000000000a63f                tSystem.versionBuild
                0x000000000000a643                tSystem.ticksSinceBoot
                0x000000000000a647                tSystem.currentTask
                0x000000000000a64b                tSystem.currentTaskSlotAddress
                0x000000000000a64f                tSystem.taskingEnable
                0x000000000000a650                tSystem.taskStackSize
                0x000000000000a654                tSystem.taskKernelStackSize
                0x000000000000a658                tSystem.APMVersionMajor
                0x000000000000a659                tSystem.APMVersionMinor
                0x000000000000a65a                tSystem.APMFeatures
                0x000000000000a65c                tSystem.CPUIDVendor$
                0x000000000000a66c                tSystem.CPUIDBrand$
                0x000000000000a6ac                tSystem.mouseButtonCount
                0x000000000000a6ad                tSystem.mouseButtons
                0x000000000000a6ae                tSystem.mousePacketByte0
                0x000000000000a6af                tSystem.mousePacketByte1
                0x000000000000a6b0                tSystem.mousePacketByte2
                0x000000000000a6b1                tSystem.mousePacketByte3
                0x000000000000a6b2                tSystem.mousePacketByteSize
                0x000000000000a6b3                tSystem.mousePacketByteCount
                0x000000000000a6b4                tSystem.mouseWheelPresent
                0x000000000000a6b5                tSystem.mouseX
                0x000000000000a6b7                tSystem.mouseXLimit
                0x000000000000a6b9                tSystem.mouseY
                0x000000000000a6bb                tSystem.mouseYLimit
                0x000000000000a6bd                tSystem.mouseZ
                0x000000000000a6bf                tSystem.multicoreAvailable
                0x000000000000a6c0                tSystem.PS2Config
                0x000000000000a6c1                tSystem.PS2Port1DeviceID
                0x000000000000a6c3                tSystem.PS2Port2DeviceID
 .data          0x000000000000a6c5      0x162 builds/obj/system/memory.o
 .data          0x000000000000a827        0x4 builds/obj/system/numbers.o
 .data          0x000000000000a82b        0x2 builds/obj/system/NKAPM.o
 .data          0x000000000000a82d      0x899 builds/obj/system/debug.o
 .data          0x000000000000b0c6       0x5b builds/obj/system/RTC.o
 .data          0x000000000000b121      0x105 builds/obj/video/screen.o
                0x000000000000b121                gCursorX
                0x000000000000b122                gCursorY
                0x000000000000b123                gTextColor
                0x000000000000b124                gBackColor
                0x000000000000b125                kMaxLines
                0x000000000000b126                kBytesPerScreen

.bss            0x000000000000b228      0x52e
                0x000000000000b228                bss = .
 *(.bss)
 .bss           0x000000000000b228       0xb6 builds/obj/kernel.o
 .bss           0x000000000000b2de       0x50 builds/obj/api/misc.o
 .bss           0x000000000000b32e        0x4 builds/obj/system/hardware.o
                0x000000000000b32e                kKeyBufferAddress
 .bss           0x000000000000b332       0x50 builds/obj/system/interrupts.o
 .bss           0x000000000000b382       0x50 builds/obj/system/PCI.o
 .bss           0x000000000000b3d2       0xa3 builds/obj/system/globals.o
                0x000000000000b3d2                tSystem.CPUFeatures
                0x000000000000b412                tSystem.CPUIDLargestBasicQuery
                0x000000000000b416                tSystem.CPUIDLargestExtendedQuery
                0x000000000000b41a                tSystem.memoryBIOSMapEntryCount
                0x000000000000b41e                tSystem.memoryBIOSMapKiBInstalled
                0x000000000000b422                tSystem.memoryBIOSMapKiBUsable
                0x000000000000b426                tSystem.memoryBIOSMapPtr
                0x000000000000b42a                tSystem.memoryBIOSMapSize
                0x000000000000b42e                tSystem.memoryBitfieldAllocatedPtr
                0x000000000000b432                tSystem.memoryBitfieldReservedPtr
                0x000000000000b436                tSystem.memoryBitfieldSize
                0x000000000000b43a                tSystem.memoryBitsInitial
                0x000000000000b43e                tSystem.memoryManagementSpace
                0x000000000000b442                tSystem.listPtrDrives
                0x000000000000b446                tSystem.listPtrDriveLetters
                0x000000000000b44a                tSystem.listPtrFSHandlers
                0x000000000000b44e                tSystem.listPtrPartitions
                0x000000000000b452                tSystem.listPtrPCIHandlers
                0x000000000000b456                tSystem.listPtrPS2Handlers
                0x000000000000b45a                tSystem.listPtrTasks
                0x000000000000b45e                tSystem.PCIDeviceCount
                0x000000000000b462                tSystem.PCIVersion
                0x000000000000b466                tSystem.PCICapabilities
                0x000000000000b46a                tSystem.RTCUpdateHandlerAddress
                0x000000000000b46e                tSystem.RTCStatusRegisterB
                0x000000000000b46f                tSystem.RTCHours
                0x000000000000b470                tSystem.RTCMinutes
                0x000000000000b471                tSystem.RTCSeconds
                0x000000000000b472                tSystem.RTCYear
                0x000000000000b473                tSystem.RTCMonth
                0x000000000000b474                tSystem.RTCDay
 .bss           0x000000000000b475       0x50 builds/obj/system/memory.o
 .bss           0x000000000000b4c5      0x230 builds/obj/system/debug.o
 .bss           0x000000000000b6f5       0x61 builds/obj/video/screen.o
                0x000000000000b756                end = .
LOAD builds/obj/kernel.o
LOAD builds/obj/api/lists.o
LOAD builds/obj/api/misc.o
LOAD builds/obj/api/strings.o
LOAD builds/obj/drivers/IDEController.o
LOAD builds/obj/drivers/FATFilesystem.o
LOAD builds/obj/io/PS2Controller.o
LOAD builds/obj/io/events.o
LOAD builds/obj/io/serial.o
LOAD builds/obj/io/storage.o
LOAD builds/obj/system/exec.o
LOAD builds/obj/system/hardware.o
LOAD builds/obj/system/PIC.o
LOAD builds/obj/system/interrupts.o
LOAD builds/obj/system/PCI.o
LOAD builds/obj/system/CMOS.o
LOAD builds/obj/system/power.o
LOAD builds/obj/system/globals.o
LOAD builds/obj/system/memory.o
LOAD builds/obj/system/numbers.o
LOAD builds/obj/system/NKAPM.o
LOAD builds/obj/system/debug.o
LOAD builds/obj/system/tasks.o
LOAD builds/obj/system/CPU.o
LOAD builds/obj/system/RTC.o
LOAD builds/obj/system/paging.o
LOAD builds/obj/system/GDT.o
LOAD builds/obj/video/screen.o
OUTPUT(builds/KERNEL.SYS binary)

Cross Reference Table

Symbol                                            File
A20Check                                          builds/obj/system/memory.o
                                                  builds/obj/video/screen.o
                                                  builds/obj/system/paging.o
                                                  builds/obj/system/CPU.o
                                                  builds/obj/system/tasks.o
                                                  builds/obj/system/debug.o
                                                  builds/obj/system/PCI.o
                                                  builds/obj/system/interrupts.o
                                                  builds/obj/io/storage.o
                                                  builds/obj/io/events.o
                                                  builds/obj/io/PS2Controller.o
                                                  builds/obj/drivers/FATFilesystem.o
                                                  builds/obj/drivers/IDEController.o
                                                  builds/obj/api/strings.o
                                                  builds/obj/api/misc.o
                                                  builds/obj/api/lists.o
                                                  builds/obj/kernel.o
A20Enable                                         builds/obj/system/memory.o
                                                  builds/obj/video/screen.o
                                                  builds/obj/system/paging.o
                                                  builds/obj/system/CPU.o
                                                  builds/obj/system/tasks.o
                                                  builds/obj/system/debug.o
                                                  builds/obj/system/PCI.o
                                                  builds/obj/system/interrupts.o
                                                  builds/obj/io/storage.o
                                                  builds/obj/io/events.o
                                                  builds/obj/io/PS2Controller.o
                                                  builds/obj/drivers/FATFilesystem.o
                                                  builds/obj/drivers/IDEController.o
                                                  builds/obj/api/strings.o
                                                  builds/obj/api/misc.o
                                                  builds/obj/api/lists.o
                                                  builds/obj/kernel.o
A20EnableBIOS                                     builds/obj/system/memory.o
                                                  builds/obj/video/screen.o
                                                  builds/obj/system/paging.o
                                                  builds/obj/system/CPU.o
                                                  builds/obj/system/tasks.o
                                                  builds/obj/system/debug.o
                                                  builds/obj/system/PCI.o
                                                  builds/obj/system/interrupts.o
                                                  builds/obj/io/storage.o
                                                  builds/obj/io/events.o
                                                  builds/obj/io/PS2Controller.o
                                                  builds/obj/drivers/FATFilesystem.o
                                                  builds/obj/drivers/IDEController.o
                                                  builds/obj/api/strings.o
                                                  builds/obj/api/misc.o
                                                  builds/obj/api/lists.o
                                                  builds/obj/kernel.o
A20EnableFastA20                                  builds/obj/system/memory.o
                                                  builds/obj/video/screen.o
                                                  builds/obj/system/paging.o
                                                  builds/obj/system/CPU.o
                                                  builds/obj/system/tasks.o
                                                  builds/obj/system/debug.o
                                                  builds/obj/system/PCI.o
                                                  builds/obj/system/interrupts.o
                                                  builds/obj/io/storage.o
                                                  builds/obj/io/events.o
                                                  builds/obj/io/PS2Controller.o
                                                  builds/obj/drivers/FATFilesystem.o
                                                  builds/obj/drivers/IDEController.o
                                                  builds/obj/api/strings.o
                                                  builds/obj/api/misc.o
                                                  builds/obj/api/lists.o
                                                  builds/obj/kernel.o
A20EnableKeyboardController                       builds/obj/system/memory.o
                                                  builds/obj/video/screen.o
                                                  builds/obj/system/paging.o
                                                  builds/obj/system/CPU.o
                                                  builds/obj/system/tasks.o
                                                  builds/obj/system/debug.o
                                                  builds/obj/system/PCI.o
                                                  builds/obj/system/interrupts.o
                                                  builds/obj/io/storage.o
                                                  builds/obj/io/events.o
                                                  builds/obj/io/PS2Controller.o
                                                  builds/obj/drivers/FATFilesystem.o
                                                  builds/obj/drivers/IDEController.o
                                                  builds/obj/api/strings.o
                                                  builds/obj/api/misc.o
                                                  builds/obj/api/lists.o
                                                  builds/obj/kernel.o
A20EnablePortEE                                   builds/obj/system/memory.o
                                                  builds/obj/video/screen.o
                                                  builds/obj/system/paging.o
                                                  builds/obj/system/CPU.o
                                                  builds/obj/system/tasks.o
                                                  builds/obj/system/debug.o
                                                  builds/obj/system/PCI.o
                                                  builds/obj/system/interrupts.o
                                                  builds/obj/io/storage.o
                                                  builds/obj/io/events.o
                                                  builds/obj/io/PS2Controller.o
                                                  builds/obj/drivers/FATFilesystem.o
                                                  builds/obj/drivers/IDEController.o
                                                  builds/obj/api/strings.o
                                                  builds/obj/api/misc.o
                                                  builds/obj/api/lists.o
                                                  builds/obj/kernel.o
BCDToDecimal                                      builds/obj/system/numbers.o
                                                  builds/obj/system/RTC.o
                                                  builds/obj/system/debug.o
                                                  builds/obj/system/memory.o
                                                  builds/obj/io/storage.o
                                                  builds/obj/drivers/FATFilesystem.o
                                                  builds/obj/api/strings.o
                                                  builds/obj/api/lists.o
                                                  builds/obj/kernel.o
CPUInit                                           builds/obj/system/CPU.o
                                                  builds/obj/system/numbers.o
                                                  builds/obj/system/memory.o
                                                  builds/obj/api/lists.o
                                                  builds/obj/kernel.o
CPUProbe                                          builds/obj/system/CPU.o
                                                  builds/obj/system/numbers.o
                                                  builds/obj/system/memory.o
                                                  builds/obj/api/lists.o
                                                  builds/obj/kernel.o
ConvertByteToHexString16                          builds/obj/api/strings.o
                                                  builds/obj/video/screen.o
                                                  builds/obj/system/tasks.o
                                                  builds/obj/system/debug.o
                                                  builds/obj/system/memory.o
                                                  builds/obj/system/PCI.o
                                                  builds/obj/system/interrupts.o
                                                  builds/obj/io/storage.o
                                                  builds/obj/drivers/FATFilesystem.o
                                                  builds/obj/api/misc.o
                                                  builds/obj/kernel.o
ConvertNumberBinaryToString                       builds/obj/api/strings.o
                                                  builds/obj/video/screen.o
                                                  builds/obj/system/tasks.o
                                                  builds/obj/system/debug.o
                                                  builds/obj/system/memory.o
                                                  builds/obj/system/PCI.o
                                                  builds/obj/system/interrupts.o
                                                  builds/obj/io/storage.o
                                                  builds/obj/drivers/FATFilesystem.o
                                                  builds/obj/api/misc.o
                                                  builds/obj/kernel.o
ConvertNumberDecimalToString                      builds/obj/api/strings.o
                                                  builds/obj/video/screen.o
                                                  builds/obj/system/tasks.o
                                                  builds/obj/system/debug.o
                                                  builds/obj/system/memory.o
                                                  builds/obj/system/PCI.o
                                                  builds/obj/system/interrupts.o
                                                  builds/obj/io/storage.o
                                                  builds/obj/drivers/FATFilesystem.o
                                                  builds/obj/api/misc.o
                                                  builds/obj/kernel.o
ConvertNumberHexQuadToString                      builds/obj/api/strings.o
                                                  builds/obj/video/screen.o
                                                  builds/obj/system/tasks.o
                                                  builds/obj/system/debug.o
                                                  builds/obj/system/memory.o
                                                  builds/obj/system/PCI.o
                                                  builds/obj/system/interrupts.o
                                                  builds/obj/io/storage.o
                                                  builds/obj/drivers/FATFilesystem.o
                                                  builds/obj/api/misc.o
                                                  builds/obj/kernel.o
ConvertNumberHexToString                          builds/obj/api/strings.o
                                                  builds/obj/video/screen.o
                                                  builds/obj/system/tasks.o
                                                  builds/obj/system/debug.o
                                                  builds/obj/system/memory.o
                                                  builds/obj/system/PCI.o
                                                  builds/obj/system/interrupts.o
                                                  builds/obj/io/storage.o
                                                  builds/obj/drivers/FATFilesystem.o
                                                  builds/obj/api/misc.o
                                                  builds/obj/kernel.o
ConvertNumberOctalToString                        builds/obj/api/strings.o
                                                  builds/obj/video/screen.o
                                                  builds/obj/system/tasks.o
                                                  builds/obj/system/debug.o
                                                  builds/obj/system/memory.o
                                                  builds/obj/system/PCI.o
                                                  builds/obj/system/interrupts.o
                                                  builds/obj/io/storage.o
                                                  builds/obj/drivers/FATFilesystem.o
                                                  builds/obj/api/misc.o
                                                  builds/obj/kernel.o
ConvertStringBinaryToNumber                       builds/obj/api/strings.o
                                                  builds/obj/video/screen.o
                                                  builds/obj/system/tasks.o
                                                  builds/obj/system/debug.o
                                                  builds/obj/system/memory.o
                                                  builds/obj/system/PCI.o
                                                  builds/obj/system/interrupts.o
                                                  builds/obj/io/storage.o
                                                  builds/obj/drivers/FATFilesystem.o
                                                  builds/obj/api/misc.o
                                                  builds/obj/kernel.o
ConvertStringDecimalToNumber                      builds/obj/api/strings.o
                                                  builds/obj/video/screen.o
                                                  builds/obj/system/tasks.o
                                                  builds/obj/system/debug.o
                                                  builds/obj/system/memory.o
                                                  builds/obj/system/PCI.o
                                                  builds/obj/system/interrupts.o
                                                  builds/obj/io/storage.o
                                                  builds/obj/drivers/FATFilesystem.o
                                                  builds/obj/api/misc.o
                                                  builds/obj/kernel.o
ConvertStringHexToNumber                          builds/obj/api/strings.o
                                                  builds/obj/video/screen.o
                                                  builds/obj/system/tasks.o
                                                  builds/obj/system/debug.o
                                                  builds/obj/system/memory.o
                                                  builds/obj/system/PCI.o
                                                  builds/obj/system/interrupts.o
                                                  builds/obj/io/storage.o
                                                  builds/obj/drivers/FATFilesystem.o
                                                  builds/obj/api/misc.o
                                                  builds/obj/kernel.o
ConvertStringOctalToNumber                        builds/obj/api/strings.o
                                                  builds/obj/video/screen.o
                                                  builds/obj/system/tasks.o
                                                  builds/obj/system/debug.o
                                                  builds/obj/system/memory.o
                                                  builds/obj/system/PCI.o
                                                  builds/obj/system/interrupts.o
                                                  builds/obj/io/storage.o
                                                  builds/obj/drivers/FATFilesystem.o
                                                  builds/obj/api/misc.o
                                                  builds/obj/kernel.o
ConvertWordToHexString16                          builds/obj/api/strings.o
                                                  builds/obj/video/screen.o
                                                  builds/obj/system/tasks.o
                                                  builds/obj/system/debug.o
                                                  builds/obj/system/memory.o
                                                  builds/obj/system/PCI.o
                                                  builds/obj/system/interrupts.o
                                                  builds/obj/io/storage.o
                                                  builds/obj/drivers/FATFilesystem.o
                                                  builds/obj/api/misc.o
                                                  builds/obj/kernel.o
CriticalError                                     builds/obj/system/interrupts.o
                                                  builds/obj/io/events.o
                                                  builds/obj/io/PS2Controller.o
                                                  builds/obj/drivers/IDEController.o
                                                  builds/obj/kernel.o
CursorHome                                        builds/obj/video/screen.o
                                                  builds/obj/system/RTC.o
                                                  builds/obj/system/debug.o
                                                  builds/obj/system/memory.o
                                                  builds/obj/system/PCI.o
                                                  builds/obj/system/interrupts.o
                                                  builds/obj/io/events.o
                                                  builds/obj/io/PS2Controller.o
                                                  builds/obj/drivers/IDEController.o
                                                  builds/obj/api/misc.o
                                                  builds/obj/api/lists.o
                                                  builds/obj/kernel.o
DebugCPUFeaturesEnable                            builds/obj/system/debug.o
                                                  builds/obj/system/interrupts.o
                                                  builds/obj/io/events.o
                                                  builds/obj/io/PS2Controller.o
                                                  builds/obj/kernel.o
DebugInstacrash                                   builds/obj/system/debug.o
                                                  builds/obj/system/interrupts.o
                                                  builds/obj/io/events.o
                                                  builds/obj/io/PS2Controller.o
                                                  builds/obj/kernel.o
DebugMemoryDetails                                builds/obj/system/debug.o
                                                  builds/obj/system/interrupts.o
                                                  builds/obj/io/events.o
                                                  builds/obj/io/PS2Controller.o
                                                  builds/obj/kernel.o
DebugMenu                                         builds/obj/system/debug.o
                                                  builds/obj/system/interrupts.o
                                                  builds/obj/io/events.o
                                                  builds/obj/io/PS2Controller.o
                                                  builds/obj/kernel.o
DebugPCIDevices                                   builds/obj/system/debug.o
                                                  builds/obj/system/interrupts.o
                                                  builds/obj/io/events.o
                                                  builds/obj/io/PS2Controller.o
                                                  builds/obj/kernel.o
DebugRAMBrowser                                   builds/obj/system/debug.o
                                                  builds/obj/system/interrupts.o
                                                  builds/obj/io/events.o
                                                  builds/obj/io/PS2Controller.o
                                                  builds/obj/kernel.o
DebugStackTrace                                   builds/obj/system/debug.o
                                                  builds/obj/system/interrupts.o
                                                  builds/obj/io/events.o
                                                  builds/obj/io/PS2Controller.o
                                                  builds/obj/kernel.o
DebugSystemInfo                                   builds/obj/system/debug.o
                                                  builds/obj/system/interrupts.o
                                                  builds/obj/io/events.o
                                                  builds/obj/io/PS2Controller.o
                                                  builds/obj/kernel.o
DebugTaskBrowser                                  builds/obj/system/debug.o
                                                  builds/obj/system/interrupts.o
                                                  builds/obj/io/events.o
                                                  builds/obj/io/PS2Controller.o
                                                  builds/obj/kernel.o
DebugTraceDisable                                 builds/obj/system/debug.o
                                                  builds/obj/system/interrupts.o
                                                  builds/obj/io/events.o
                                                  builds/obj/io/PS2Controller.o
                                                  builds/obj/kernel.o
DebugTraceEnable                                  builds/obj/system/debug.o
                                                  builds/obj/system/interrupts.o
                                                  builds/obj/io/events.o
                                                  builds/obj/io/PS2Controller.o
                                                  builds/obj/kernel.o
DebugVBoxLogRegs                                  builds/obj/system/debug.o
                                                  builds/obj/system/interrupts.o
                                                  builds/obj/io/events.o
                                                  builds/obj/io/PS2Controller.o
                                                  builds/obj/kernel.o
DebugVBoxLogWrite                                 builds/obj/system/debug.o
                                                  builds/obj/system/interrupts.o
                                                  builds/obj/io/events.o
                                                  builds/obj/io/PS2Controller.o
                                                  builds/obj/kernel.o
DebugWaitForEscape                                builds/obj/system/debug.o
                                                  builds/obj/system/interrupts.o
                                                  builds/obj/io/events.o
                                                  builds/obj/io/PS2Controller.o
                                                  builds/obj/kernel.o
Debugger                                          builds/obj/system/debug.o
                                                  builds/obj/system/interrupts.o
                                                  builds/obj/io/events.o
                                                  builds/obj/io/PS2Controller.o
                                                  builds/obj/kernel.o
FAT16CalcLBAClusterToSector                       builds/obj/drivers/FATFilesystem.o
                                                  builds/obj/kernel.o
FAT16CalcSpaceNeeded                              builds/obj/drivers/FATFilesystem.o
                                                  builds/obj/kernel.o
FAT16CalcTableElementFromCluster                  builds/obj/drivers/FATFilesystem.o
                                                  builds/obj/kernel.o
FAT16ChainDelete                                  builds/obj/drivers/FATFilesystem.o
                                                  builds/obj/kernel.o
FAT16ChainGrow                                    builds/obj/drivers/FATFilesystem.o
                                                  builds/obj/kernel.o
FAT16ChainLength                                  builds/obj/drivers/FATFilesystem.o
                                                  builds/obj/kernel.o
FAT16ChainRead                                    builds/obj/drivers/FATFilesystem.o
                                                  builds/obj/kernel.o
FAT16ChainResize                                  builds/obj/drivers/FATFilesystem.o
                                                  builds/obj/kernel.o
FAT16ChainShrink                                  builds/obj/drivers/FATFilesystem.o
                                                  builds/obj/kernel.o
FAT16ChainWrite                                   builds/obj/drivers/FATFilesystem.o
                                                  builds/obj/kernel.o
FAT16ClusterFreeFirstGet                          builds/obj/drivers/FATFilesystem.o
                                                  builds/obj/kernel.o
FAT16ClusterFreeTotalGet                          builds/obj/drivers/FATFilesystem.o
                                                  builds/obj/kernel.o
FAT16ClusterNextGet                               builds/obj/drivers/FATFilesystem.o
                                                  builds/obj/kernel.o
FAT16ClusterNextSet                               builds/obj/drivers/FATFilesystem.o
                                                  builds/obj/kernel.o
FAT16EntryBuild                                   builds/obj/drivers/FATFilesystem.o
                                                  builds/obj/kernel.o
FAT16FATBackup                                    builds/obj/drivers/FATFilesystem.o
                                                  builds/obj/kernel.o
FAT16FileWrite                                    builds/obj/drivers/FATFilesystem.o
                                                  builds/obj/kernel.o
FAT16ItemCount                                    builds/obj/drivers/FATFilesystem.o
                                                  builds/obj/kernel.o
FAT16ItemDelete                                   builds/obj/drivers/FATFilesystem.o
                                                  builds/obj/kernel.o
FAT16ItemExists                                   builds/obj/drivers/FATFilesystem.o
                                                  builds/obj/kernel.o
FAT16ItemInfoAccessedGet                          builds/obj/drivers/FATFilesystem.o
                                                  builds/obj/kernel.o
FAT16ItemInfoCreatedGet                           builds/obj/drivers/FATFilesystem.o
                                                  builds/obj/kernel.o
FAT16ItemInfoModifiedGet                          builds/obj/drivers/FATFilesystem.o
                                                  builds/obj/kernel.o
FAT16ItemInfoSizeGet                              builds/obj/drivers/FATFilesystem.o
                                                  builds/obj/kernel.o
FAT16ItemLoad                                     builds/obj/drivers/FATFilesystem.o
                                                  builds/obj/kernel.o
FAT16ItemMatch                                    builds/obj/drivers/FATFilesystem.o
                                                  builds/obj/kernel.o
FAT16ItemNew                                      builds/obj/drivers/FATFilesystem.o
                                                  builds/obj/kernel.o
FAT16ItemStore                                    builds/obj/drivers/FATFilesystem.o
                                                  builds/obj/kernel.o
FAT16PartitionCacheData                           builds/obj/drivers/FATFilesystem.o
                                                  builds/obj/kernel.o
FAT16PartitionInfo                                builds/obj/drivers/FATFilesystem.o
                                                  builds/obj/kernel.o
FAT16PathCanonicalize                             builds/obj/drivers/FATFilesystem.o
                                                  builds/obj/kernel.o
FAT16ServiceHandler                               builds/obj/drivers/FATFilesystem.o
                                                  builds/obj/kernel.o
FAT32ServiceHandler                               builds/obj/drivers/FATFilesystem.o
                                                  builds/obj/kernel.o
FATDecodeDate                                     builds/obj/drivers/FATFilesystem.o
                                                  builds/obj/kernel.o
FATDecodeTime                                     builds/obj/drivers/FATFilesystem.o
                                                  builds/obj/kernel.o
FATEncodeDate                                     builds/obj/drivers/FATFilesystem.o
                                                  builds/obj/kernel.o
FATEncodeFilename                                 builds/obj/drivers/FATFilesystem.o
                                                  builds/obj/kernel.o
FATEncodeTime                                     builds/obj/drivers/FATFilesystem.o
                                                  builds/obj/kernel.o
Fail                                              builds/obj/api/misc.o
                                                  builds/obj/system/interrupts.o
                                                  builds/obj/io/events.o
                                                  builds/obj/io/PS2Controller.o
                                                  builds/obj/kernel.o
IDEATAPISectorReadPIO                             builds/obj/drivers/IDEController.o
                                                  builds/obj/kernel.o
IDEATASectorReadLBA28PIO                          builds/obj/drivers/IDEController.o
                                                  builds/obj/kernel.o
IDEATASectorWriteLBA28PIO                         builds/obj/drivers/IDEController.o
                                                  builds/obj/kernel.o
IDEDetectChannelDevices                           builds/obj/kernel.o
IDEDriveIdentify                                  builds/obj/drivers/IDEController.o
                                                  builds/obj/kernel.o
IDEInit                                           builds/obj/drivers/IDEController.o
                                                  builds/obj/kernel.o
IDEInterruptHandlerPrimary                        builds/obj/drivers/IDEController.o
                                                  builds/obj/kernel.o
IDEInterruptHandlerSecondary                      builds/obj/drivers/IDEController.o
                                                  builds/obj/kernel.o
IDEServiceHandler                                 builds/obj/drivers/IDEController.o
                                                  builds/obj/kernel.o
IDEWaitForReady                                   builds/obj/drivers/IDEController.o
                                                  builds/obj/kernel.o
IDTInit                                           builds/obj/system/interrupts.o
                                                  builds/obj/io/events.o
                                                  builds/obj/io/PS2Controller.o
                                                  builds/obj/drivers/IDEController.o
                                                  builds/obj/kernel.o
ISR00                                             builds/obj/system/interrupts.o
                                                  builds/obj/io/events.o
                                                  builds/obj/io/PS2Controller.o
                                                  builds/obj/drivers/IDEController.o
                                                  builds/obj/kernel.o
ISR01                                             builds/obj/system/interrupts.o
                                                  builds/obj/io/events.o
                                                  builds/obj/io/PS2Controller.o
                                                  builds/obj/drivers/IDEController.o
                                                  builds/obj/kernel.o
ISR02                                             builds/obj/system/interrupts.o
                                                  builds/obj/io/events.o
                                                  builds/obj/io/PS2Controller.o
                                                  builds/obj/drivers/IDEController.o
                                                  builds/obj/kernel.o
ISR03                                             builds/obj/system/interrupts.o
                                                  builds/obj/io/events.o
                                                  builds/obj/io/PS2Controller.o
                                                  builds/obj/drivers/IDEController.o
                                                  builds/obj/kernel.o
ISR04                                             builds/obj/system/interrupts.o
                                                  builds/obj/io/events.o
                                                  builds/obj/io/PS2Controller.o
                                                  builds/obj/drivers/IDEController.o
                                                  builds/obj/kernel.o
ISR05                                             builds/obj/system/interrupts.o
                                                  builds/obj/io/events.o
                                                  builds/obj/io/PS2Controller.o
                                                  builds/obj/drivers/IDEController.o
                                                  builds/obj/kernel.o
ISR06                                             builds/obj/system/interrupts.o
                                                  builds/obj/io/events.o
                                                  builds/obj/io/PS2Controller.o
                                                  builds/obj/drivers/IDEController.o
                                                  builds/obj/kernel.o
ISR07                                             builds/obj/system/interrupts.o
                                                  builds/obj/io/events.o
                                                  builds/obj/io/PS2Controller.o
                                                  builds/obj/drivers/IDEController.o
                                                  builds/obj/kernel.o
ISR08                                             builds/obj/system/interrupts.o
                                                  builds/obj/io/events.o
                                                  builds/obj/io/PS2Controller.o
                                                  builds/obj/drivers/IDEController.o
                                                  builds/obj/kernel.o
ISR09                                             builds/obj/system/interrupts.o
                                                  builds/obj/io/events.o
                                                  builds/obj/io/PS2Controller.o
                                                  builds/obj/drivers/IDEController.o
                                                  builds/obj/kernel.o
ISR0A                                             builds/obj/system/interrupts.o
                                                  builds/obj/io/events.o
                                                  builds/obj/io/PS2Controller.o
                                                  builds/obj/drivers/IDEController.o
                                                  builds/obj/kernel.o
ISR0B                                             builds/obj/system/interrupts.o
                                                  builds/obj/io/events.o
                                                  builds/obj/io/PS2Controller.o
                                                  builds/obj/drivers/IDEController.o
                                                  builds/obj/kernel.o
ISR0C                                             builds/obj/system/interrupts.o
                                                  builds/obj/io/events.o
                                                  builds/obj/io/PS2Controller.o
                                                  builds/obj/drivers/IDEController.o
                                                  builds/obj/kernel.o
ISR0D                                             builds/obj/system/interrupts.o
                                                  builds/obj/io/events.o
                                                  builds/obj/io/PS2Controller.o
                                                  builds/obj/drivers/IDEController.o
                                                  builds/obj/kernel.o
ISR0E                                             builds/obj/system/interrupts.o
                                                  builds/obj/io/events.o
                                                  builds/obj/io/PS2Controller.o
                                                  builds/obj/drivers/IDEController.o
                                                  builds/obj/kernel.o
ISR0F                                             builds/obj/system/interrupts.o
                                                  builds/obj/io/events.o
                                                  builds/obj/io/PS2Controller.o
                                                  builds/obj/drivers/IDEController.o
                                                  builds/obj/kernel.o
ISR10                                             builds/obj/system/interrupts.o
                                                  builds/obj/io/events.o
                                                  builds/obj/io/PS2Controller.o
                                                  builds/obj/drivers/IDEController.o
                                                  builds/obj/kernel.o
ISR11                                             builds/obj/system/interrupts.o
                                                  builds/obj/io/events.o
                                                  builds/obj/io/PS2Controller.o
                                                  builds/obj/drivers/IDEController.o
                                                  builds/obj/kernel.o
ISR12                                             builds/obj/system/interrupts.o
                                                  builds/obj/io/events.o
                                                  builds/obj/io/PS2Controller.o
                                                  builds/obj/drivers/IDEController.o
                                                  builds/obj/kernel.o
ISR13                                             builds/obj/system/interrupts.o
                                                  builds/obj/io/events.o
                                                  builds/obj/io/PS2Controller.o
                                                  builds/obj/drivers/IDEController.o
                                                  builds/obj/kernel.o
ISR14                                             builds/obj/system/interrupts.o
                                                  builds/obj/io/events.o
                                                  builds/obj/io/PS2Controller.o
                                                  builds/obj/drivers/IDEController.o
                                                  builds/obj/kernel.o
ISR15                                             builds/obj/system/interrupts.o
                                                  builds/obj/io/events.o
                                                  builds/obj/io/PS2Controller.o
                                                  builds/obj/drivers/IDEController.o
                                                  builds/obj/kernel.o
ISR16                                             builds/obj/system/interrupts.o
                                                  builds/obj/io/events.o
                                                  builds/obj/io/PS2Controller.o
                                                  builds/obj/drivers/IDEController.o
                                                  builds/obj/kernel.o
ISR17                                             builds/obj/system/interrupts.o
                                                  builds/obj/io/events.o
                                                  builds/obj/io/PS2Controller.o
                                                  builds/obj/drivers/IDEController.o
                                                  builds/obj/kernel.o
ISR18                                             builds/obj/system/interrupts.o
                                                  builds/obj/io/events.o
                                                  builds/obj/io/PS2Controller.o
                                                  builds/obj/drivers/IDEController.o
                                                  builds/obj/kernel.o
ISR19                                             builds/obj/system/interrupts.o
                                                  builds/obj/io/events.o
                                                  builds/obj/io/PS2Controller.o
                                                  builds/obj/drivers/IDEController.o
                                                  builds/obj/kernel.o
ISR1A                                             builds/obj/system/interrupts.o
                                                  builds/obj/io/events.o
                                                  builds/obj/io/PS2Controller.o
                                                  builds/obj/drivers/IDEController.o
                                                  builds/obj/kernel.o
ISR1B                                             builds/obj/system/interrupts.o
                                                  builds/obj/io/events.o
                                                  builds/obj/io/PS2Controller.o
                                                  builds/obj/drivers/IDEController.o
                                                  builds/obj/kernel.o
ISR1C                                             builds/obj/system/interrupts.o
                                                  builds/obj/io/events.o
                                                  builds/obj/io/PS2Controller.o
                                                  builds/obj/drivers/IDEController.o
                                                  builds/obj/kernel.o
ISR1D                                             builds/obj/system/interrupts.o
                                                  builds/obj/io/events.o
                                                  builds/obj/io/PS2Controller.o
                                                  builds/obj/drivers/IDEController.o
                                                  builds/obj/kernel.o
ISR1E                                             builds/obj/system/interrupts.o
                                                  builds/obj/io/events.o
                                                  builds/obj/io/PS2Controller.o
                                                  builds/obj/drivers/IDEController.o
                                                  builds/obj/kernel.o
ISR1F                                             builds/obj/system/interrupts.o
                                                  builds/obj/io/events.o
                                                  builds/obj/io/PS2Controller.o
                                                  builds/obj/drivers/IDEController.o
                                                  builds/obj/kernel.o
ISR20                                             builds/obj/system/interrupts.o
                                                  builds/obj/io/events.o
                                                  builds/obj/io/PS2Controller.o
                                                  builds/obj/drivers/IDEController.o
                                                  builds/obj/kernel.o
ISR21                                             builds/obj/system/interrupts.o
                                                  builds/obj/io/events.o
                                                  builds/obj/io/PS2Controller.o
                                                  builds/obj/drivers/IDEController.o
                                                  builds/obj/kernel.o
ISR22                                             builds/obj/system/interrupts.o
                                                  builds/obj/io/events.o
                                                  builds/obj/io/PS2Controller.o
                                                  builds/obj/drivers/IDEController.o
                                                  builds/obj/kernel.o
ISR23                                             builds/obj/system/interrupts.o
[...]
                                                  builds/obj/video/screen.o
                                                  builds/obj/system/RTC.o
                                                  builds/obj/system/CPU.o
                                                  builds/obj/system/tasks.o
                                                  builds/obj/system/debug.o
                                                  builds/obj/system/numbers.o
                                                  builds/obj/system/memory.o
                                                  builds/obj/system/PCI.o
                                                  builds/obj/system/interrupts.o
                                                  builds/obj/io/storage.o
                                                  builds/obj/io/serial.o
                                                  builds/obj/io/events.o
                                                  builds/obj/io/PS2Controller.o
                                                  builds/obj/drivers/FATFilesystem.o
                                                  builds/obj/drivers/IDEController.o
                                                  builds/obj/api/misc.o
                                                  builds/obj/api/lists.o
                                                  builds/obj/kernel.o
tSystem.mouseYLimit                               builds/obj/system/globals.o
                                                  builds/obj/video/screen.o
                                                  builds/obj/system/RTC.o
                                                  builds/obj/system/CPU.o
                                                  builds/obj/system/tasks.o
                                                  builds/obj/system/debug.o
                                                  builds/obj/system/numbers.o
                                                  builds/obj/system/memory.o
                                                  builds/obj/system/PCI.o
                                                  builds/obj/system/interrupts.o
                                                  builds/obj/io/storage.o
                                                  builds/obj/io/serial.o
                                                  builds/obj/io/events.o
                                                  builds/obj/io/PS2Controller.o
                                                  builds/obj/drivers/FATFilesystem.o
                                                  builds/obj/drivers/IDEController.o
                                                  builds/obj/api/misc.o
                                                  builds/obj/api/lists.o
                                                  builds/obj/kernel.o
tSystem.mouseZ                                    builds/obj/system/globals.o
                                                  builds/obj/video/screen.o
                                                  builds/obj/system/RTC.o
                                                  builds/obj/system/CPU.o
                                                  builds/obj/system/tasks.o
                                                  builds/obj/system/debug.o
                                                  builds/obj/system/numbers.o
                                                  builds/obj/system/memory.o
                                                  builds/obj/system/PCI.o
                                                  builds/obj/system/interrupts.o
                                                  builds/obj/io/storage.o
                                                  builds/obj/io/serial.o
                                                  builds/obj/io/events.o
                                                  builds/obj/io/PS2Controller.o
                                                  builds/obj/drivers/FATFilesystem.o
                                                  builds/obj/drivers/IDEController.o
                                                  builds/obj/api/misc.o
                                                  builds/obj/api/lists.o
                                                  builds/obj/kernel.o
tSystem.multicoreAvailable                        builds/obj/system/globals.o
                                                  builds/obj/video/screen.o
                                                  builds/obj/system/RTC.o
                                                  builds/obj/system/CPU.o
                                                  builds/obj/system/tasks.o
                                                  builds/obj/system/debug.o
                                                  builds/obj/system/numbers.o
                                                  builds/obj/system/memory.o
                                                  builds/obj/system/PCI.o
                                                  builds/obj/system/interrupts.o
                                                  builds/obj/io/storage.o
                                                  builds/obj/io/serial.o
                                                  builds/obj/io/events.o
                                                  builds/obj/io/PS2Controller.o
                                                  builds/obj/drivers/FATFilesystem.o
                                                  builds/obj/drivers/IDEController.o
                                                  builds/obj/api/misc.o
                                                  builds/obj/api/lists.o
                                                  builds/obj/kernel.o
tSystem.taskKernelStackSize                       builds/obj/system/globals.o
                                                  builds/obj/video/screen.o
                                                  builds/obj/system/RTC.o
                                                  builds/obj/system/CPU.o
                                                  builds/obj/system/tasks.o
                                                  builds/obj/system/debug.o
                                                  builds/obj/system/numbers.o
                                                  builds/obj/system/memory.o
                                                  builds/obj/system/PCI.o
                                                  builds/obj/system/interrupts.o
                                                  builds/obj/io/storage.o
                                                  builds/obj/io/serial.o
                                                  builds/obj/io/events.o
                                                  builds/obj/io/PS2Controller.o
                                                  builds/obj/drivers/FATFilesystem.o
                                                  builds/obj/drivers/IDEController.o
                                                  builds/obj/api/misc.o
                                                  builds/obj/api/lists.o
                                                  builds/obj/kernel.o
tSystem.taskStackSize                             builds/obj/system/globals.o
                                                  builds/obj/video/screen.o
                                                  builds/obj/system/RTC.o
                                                  builds/obj/system/CPU.o
                                                  builds/obj/system/tasks.o
                                                  builds/obj/system/debug.o
                                                  builds/obj/system/numbers.o
                                                  builds/obj/system/memory.o
                                                  builds/obj/system/PCI.o
                                                  builds/obj/system/interrupts.o
                                                  builds/obj/io/storage.o
                                                  builds/obj/io/serial.o
                                                  builds/obj/io/events.o
                                                  builds/obj/io/PS2Controller.o
                                                  builds/obj/drivers/FATFilesystem.o
                                                  builds/obj/drivers/IDEController.o
                                                  builds/obj/api/misc.o
                                                  builds/obj/api/lists.o
                                                  builds/obj/kernel.o
tSystem.taskingEnable                             builds/obj/system/globals.o
                                                  builds/obj/video/screen.o
                                                  builds/obj/system/RTC.o
                                                  builds/obj/system/CPU.o
                                                  builds/obj/system/tasks.o
                                                  builds/obj/system/debug.o
                                                  builds/obj/system/numbers.o
                                                  builds/obj/system/memory.o
                                                  builds/obj/system/PCI.o
                                                  builds/obj/system/interrupts.o
                                                  builds/obj/io/storage.o
                                                  builds/obj/io/serial.o
                                                  builds/obj/io/events.o
                                                  builds/obj/io/PS2Controller.o
                                                  builds/obj/drivers/FATFilesystem.o
                                                  builds/obj/drivers/IDEController.o
                                                  builds/obj/api/misc.o
                                                  builds/obj/api/lists.o
                                                  builds/obj/kernel.o
tSystem.ticksSinceBoot                            builds/obj/system/globals.o
                                                  builds/obj/video/screen.o
                                                  builds/obj/system/RTC.o
                                                  builds/obj/system/CPU.o
                                                  builds/obj/system/tasks.o
                                                  builds/obj/system/debug.o
                                                  builds/obj/system/numbers.o
                                                  builds/obj/system/memory.o
                                                  builds/obj/system/PCI.o
                                                  builds/obj/system/interrupts.o
                                                  builds/obj/io/storage.o
                                                  builds/obj/io/serial.o
                                                  builds/obj/io/events.o
                                                  builds/obj/io/PS2Controller.o
                                                  builds/obj/drivers/FATFilesystem.o
                                                  builds/obj/drivers/IDEController.o
                                                  builds/obj/api/misc.o
                                                  builds/obj/api/lists.o
                                                  builds/obj/kernel.o
tSystem.versionBuild                              builds/obj/system/globals.o
                                                  builds/obj/video/screen.o
                                                  builds/obj/system/RTC.o
                                                  builds/obj/system/CPU.o
                                                  builds/obj/system/tasks.o
                                                  builds/obj/system/debug.o
                                                  builds/obj/system/numbers.o
                                                  builds/obj/system/memory.o
                                                  builds/obj/system/PCI.o
                                                  builds/obj/system/interrupts.o
                                                  builds/obj/io/storage.o
                                                  builds/obj/io/serial.o
                                                  builds/obj/io/events.o
                                                  builds/obj/io/PS2Controller.o
                                                  builds/obj/drivers/FATFilesystem.o
                                                  builds/obj/drivers/IDEController.o
                                                  builds/obj/api/misc.o
                                                  builds/obj/api/lists.o
                                                  builds/obj/kernel.o
tSystem.versionMajor                              builds/obj/system/globals.o
                                                  builds/obj/video/screen.o
                                                  builds/obj/system/RTC.o
                                                  builds/obj/system/CPU.o
                                                  builds/obj/system/tasks.o
                                                  builds/obj/system/debug.o
                                                  builds/obj/system/numbers.o
                                                  builds/obj/system/memory.o
                                                  builds/obj/system/PCI.o
                                                  builds/obj/system/interrupts.o
                                                  builds/obj/io/storage.o
                                                  builds/obj/io/serial.o
                                                  builds/obj/io/events.o
                                                  builds/obj/io/PS2Controller.o
                                                  builds/obj/drivers/FATFilesystem.o
                                                  builds/obj/drivers/IDEController.o
                                                  builds/obj/api/misc.o
                                                  builds/obj/api/lists.o
                                                  builds/obj/kernel.o
tSystem.versionMinor                              builds/obj/system/globals.o
                                                  builds/obj/video/screen.o
                                                  builds/obj/system/RTC.o
                                                  builds/obj/system/CPU.o
                                                  builds/obj/system/tasks.o
                                                  builds/obj/system/debug.o
                                                  builds/obj/system/numbers.o
                                                  builds/obj/system/memory.o
                                                  builds/obj/system/PCI.o
                                                  builds/obj/system/interrupts.o
                                                  builds/obj/io/storage.o
                                                  builds/obj/io/serial.o
                                                  builds/obj/io/events.o
                                                  builds/obj/io/PS2Controller.o
                                                  builds/obj/drivers/FATFilesystem.o
                                                  builds/obj/drivers/IDEController.o
                                                  builds/obj/api/misc.o
                                                  builds/obj/api/lists.o
                                                  builds/obj/kernel.o
tss.back_link                                     builds/obj/kernel.o
                                                  builds/obj/system/tasks.o
tss.cr3                                           builds/obj/kernel.o
                                                  builds/obj/system/tasks.o
tss.cs                                            builds/obj/kernel.o
                                                  builds/obj/system/tasks.o
tss.ds                                            builds/obj/kernel.o
                                                  builds/obj/system/tasks.o
tss.eax                                           builds/obj/kernel.o
                                                  builds/obj/system/tasks.o
tss.ebp                                           builds/obj/kernel.o
                                                  builds/obj/system/tasks.o
tss.ebx                                           builds/obj/kernel.o
                                                  builds/obj/system/tasks.o
tss.ecx                                           builds/obj/kernel.o
                                                  builds/obj/system/tasks.o
tss.edi                                           builds/obj/kernel.o
                                                  builds/obj/system/tasks.o
tss.edx                                           builds/obj/kernel.o
                                                  builds/obj/system/tasks.o
tss.eflags                                        builds/obj/kernel.o
                                                  builds/obj/system/tasks.o
tss.eip                                           builds/obj/kernel.o
                                                  builds/obj/system/tasks.o
tss.end                                           builds/obj/kernel.o
                                                  builds/obj/system/tasks.o
tss.es                                            builds/obj/kernel.o
                                                  builds/obj/system/tasks.o
tss.esi                                           builds/obj/kernel.o
                                                  builds/obj/system/tasks.o
tss.esp                                           builds/obj/kernel.o
                                                  builds/obj/system/tasks.o
tss.esp0                                          builds/obj/kernel.o
                                                  builds/obj/system/tasks.o
tss.esp1                                          builds/obj/kernel.o
                                                  builds/obj/system/tasks.o
tss.esp2                                          builds/obj/kernel.o
                                                  builds/obj/system/tasks.o
tss.fs                                            builds/obj/kernel.o
                                                  builds/obj/system/tasks.o
tss.gs                                            builds/obj/kernel.o
                                                  builds/obj/system/tasks.o
tss.iomap_base                                    builds/obj/kernel.o
                                                  builds/obj/system/tasks.o
tss.ldt                                           builds/obj/kernel.o
                                                  builds/obj/system/tasks.o
tss.ss                                            builds/obj/kernel.o
                                                  builds/obj/system/tasks.o
tss.ss0                                           builds/obj/kernel.o
                                                  builds/obj/system/tasks.o
tss.ss1                                           builds/obj/kernel.o
                                                  builds/obj/system/tasks.o
tss.ss2                                           builds/obj/kernel.o
                                                  builds/obj/system/tasks.o
tss.trap                                          builds/obj/kernel.o
                                                  builds/obj/system/tasks.o
