
Memory Configuration

Name             Origin             Length             Attributes
*default*        0x0000000000000000 0xffffffffffffffff

Linker script and memory map

                0x0000000000000600                phys = 0x600

.text           0x0000000000000600     0x93a4
                0x0000000000000600                code = .
 *(.text)
 .text          0x0000000000000600      0x696 builds/obj/kernel.o
                0x0000000000000600                main
 .text          0x0000000000000c96      0xb6e builds/obj/api/lists.o
                0x0000000000000c96                LMBitfieldInit
                0x0000000000000ce0                LMBitfieldScanClear
                0x0000000000000d45                LMBitfieldScanSet
                0x0000000000000da8                LMBitfieldSpaceCalc
                0x0000000000000dc5                LMBitfieldValidate
                0x0000000000000de4                LMBitfieldValidateElement
                0x0000000000000e02                LMBitClear
                0x0000000000000e77                LMBitClearRange
                0x0000000000000f6a                LMBitFlip
                0x0000000000000fdf                LMBitFlipRange
                0x00000000000010f0                LMBitGet
                0x0000000000001129                LMBitSet
                0x000000000000119e                LMBitSetRange
                0x0000000000001299                LMCountBitsSet
                0x00000000000012d7                LMElementAddressGet
                0x000000000000130d                LMElementCountGet
                0x0000000000001330                LMElementCountSet
                0x0000000000001356                LMElementDelete
                0x000000000000138c                LMElementDuplicate
                0x00000000000013c2                LMElementSizeGet
                0x00000000000013e7                LMElementValidate
                0x0000000000001405                LMItemAddAtSlot
                0x0000000000001441                LMListCompact
                0x0000000000001452                LMListInit
                0x0000000000001497                LMListSearch
                0x00000000000014a8                LMListSpaceCalc
                0x00000000000014c1                LMListValidate
                0x00000000000014e0                LMSlotFindFirstFree
                0x0000000000001503                LMSlotFreeTest
 .text          0x0000000000001804      0x106 builds/obj/api/misc.o
                0x0000000000001804                SetSystemAPM
                0x0000000000001824                Fail
                0x000000000000184c                PrintCopyright
                0x0000000000001872                PrintVerison
                0x00000000000018ef                TimerWait
 .text          0x000000000000190a      0xdbc builds/obj/api/strings.o
                0x000000000000190a                ConvertByteToHexString16
                0x000000000000193e                ConvertWordToHexString16
                0x000000000000199f                ConvertNumberBinaryToString
                0x00000000000019d7                ConvertNumberDecimalToString
                0x0000000000001a0f                ConvertNumberHexToString
                0x0000000000001ac3                ConvertNumberHexQuadToString
                0x0000000000001c1f                ConvertNumberOctalToString
                0x0000000000001c57                ConvertStringBinaryToNumber
                0x0000000000001cc2                ConvertStringDecimalToNumber
                0x0000000000001d37                ConvertStringHexToNumber
                0x0000000000001dbb                ConvertStringOctalToNumber
                0x0000000000001e27                StringCaseLower
                0x0000000000001e48                StringCaseUpper
                0x0000000000001e69                StringCharAppend
                0x0000000000001e86                StringCharDelete
                0x0000000000001eac                StringCharGet
                0x0000000000001ee7                StringCharPrepend
                0x0000000000001f0e                StringCharReplace
                0x0000000000001f2f                StringCharReplaceRange
                0x0000000000001f5f                StringFill
                0x0000000000001f79                StringInsert
                0x0000000000001fdc                StringLength
                0x0000000000001ff8                StringPadLeft
                0x000000000000203f                StringPadRight
                0x000000000000207c                StringSearchCharLeft
                0x00000000000020af                StringSearchCharRight
                0x00000000000020e6                StringSearchCharList
                0x000000000000214f                StringTokenBinary
                0x00000000000021f1                StringTokenDecimal
                0x0000000000002293                StringTokenHexadecimal
                0x0000000000002335                StringTokenHexadecimalQuad
                0x00000000000023da                StringTokenOctal
                0x000000000000247c                StringTokenString
                0x00000000000024d5                StringTrimLeft
                0x0000000000002503                StringTrimRight
                0x0000000000002532                StringTruncateLeft
                0x0000000000002565                StringTruncateRight
                0x0000000000002591                StringWordCount
                0x0000000000002616                StringWordGet
 .text          0x00000000000026c6      0x14a builds/obj/drivers/PS2Keyboard.o
                0x00000000000026c6                PS2KeyboardInit
                0x000000000000270c                PS2KeyboardInputHandler
 .text          0x0000000000002810      0x766 builds/obj/drivers/IDEController.o
                0x0000000000002810                IDEATAPISectorReadPIO
                0x0000000000002947                IDEATASectorReadLBA28PIO
                0x00000000000029fb                IDEATASectorWriteLBA28PIO
                0x0000000000002bb7                IDEDriveIdentify
                0x0000000000002d18                IDEInit
                0x0000000000002e7b                IDEInterruptHandlerPrimary
                0x0000000000002e8b                IDEInterruptHandlerSecondary
                0x0000000000002e9b                IDEServiceHandler
                0x0000000000002f3b                IDEWaitForReady
 .text          0x0000000000002f76     0x1601 builds/obj/drivers/FATFilesystem.o
                0x0000000000002f76                FAT16CalcLBAClusterToSector
                0x0000000000002f8b                FAT16CalcSpaceNeeded
                0x0000000000002fc1                FAT16CalcTableElementFromCluster
                0x0000000000002fdc                FAT16ChainDelete
                0x000000000000308c                FAT16ChainGrow
                0x00000000000031c4                FAT16ChainLength
                0x000000000000326f                FAT16ChainRead
                0x0000000000003365                FAT16ChainResize
                0x00000000000033a1                FAT16ChainShrink
                0x0000000000003496                FAT16ChainWrite
                0x0000000000003568                FAT16ClusterFreeFirstGet
                0x0000000000003616                FAT16ClusterFreeTotalGet
                0x00000000000036b3                FAT16ClusterNextGet
                0x0000000000003713                FAT16ClusterNextSet
                0x0000000000003785                FAT16EntryBuild
                0x000000000000381c                FAT16FATBackup
                0x000000000000389e                FAT16FileWrite
                0x00000000000038a5                FAT16ItemCount
                0x00000000000038fe                FAT16ItemDelete
                0x00000000000039cf                FAT16ItemExists
                0x0000000000003a1f                FAT16ItemInfoAccessedGet
                0x0000000000003a80                FAT16ItemInfoCreatedGet
                0x0000000000003b04                FAT16ItemInfoModifiedGet
                0x0000000000003b7f                FAT16ItemInfoSizeGet
                0x0000000000003bd4                FAT16ItemLoad
                0x0000000000003ccf                FAT16ItemMatch
                0x0000000000003d35                FAT16ItemNew
                0x0000000000003f49                FAT16ItemStore
                0x0000000000004064                FAT16PartitionCacheData
                0x000000000000413d                FAT16PartitionInfo
                0x000000000000416a                FAT16PathCanonicalize
                0x0000000000004187                FAT16ServiceHandler
                0x0000000000004349                FAT32ServiceHandler
                0x000000000000437e                FATDecodeDate
                0x00000000000043c1                FATDecodeTime
                0x0000000000004400                FATEncodeDate
                0x000000000000447e                FATEncodeFilename
                0x0000000000004503                FATEncodeTime
 .text          0x0000000000004577      0x39d builds/obj/drivers/PS2Mouse.o
                0x0000000000004577                PS2MouseInit
                0x0000000000004797                PS2MouseInputHandler
 .text          0x0000000000004914      0x6bf builds/obj/io/PS2Controller.o
                0x0000000000004914                PS2BufferClear
                0x000000000000493e                PS2ControllerCommand
                0x0000000000004956                PS2ControllerInit
                0x0000000000004ad5                PS2ControllerPortTest
                0x0000000000004b02                PS2ControllerRead
                0x0000000000004b0f                PS2ControllerReadWait
                0x0000000000004b3d                PS2ControllerWrite
                0x0000000000004b55                PS2ControllerWriteWait
                0x0000000000004b83                PS2DeviceAnnounce
                0x0000000000004bf4                PS2DeviceIdentify
                0x0000000000004c50                PS2DeviceWrite
                0x0000000000004c92                PS2InputHandlerDispatch
                0x0000000000004d0e                PS2NewConnect
                0x0000000000004db2                PS2Port1InterruptHandler
                0x0000000000004e10                PS2Port2InterruptHandler
                0x0000000000004e6e                PS2PortInitDevice
                0x0000000000004ee7                PS2PortsDisable
                0x0000000000004f06                PS2PortsEnable
                0x0000000000004f28                PS2TestPorts
 .text          0x0000000000004fd3        0x7 builds/obj/io/events.o
 .text          0x0000000000004fda      0x5f3 builds/obj/io/serial.o
 .text          0x00000000000055cd      0x6f9 builds/obj/io/storage.o
                0x00000000000055cd                SMDiskRead
                0x0000000000005602                SMItemCount
                0x0000000000005653                SMItemDelete
                0x00000000000056a3                SMItemExists
                0x00000000000056f3                SMItemInfoAccessedGet
                0x0000000000005743                SMItemInfoCreatedGet
                0x0000000000005793                SMItemInfoModifiedGet
                0x00000000000057e3                SMItemInfoSizeGet
                0x0000000000005833                SMItemLoad
                0x0000000000005883                SMItemNew
                0x00000000000058d4                SMItemStore
                0x0000000000005926                SMPartitionEnumerate
                0x0000000000005a83                SMPartitionMap
                0x0000000000005ade                SMPartitionRead
                0x0000000000005b32                SMPartitionWrite
                0x0000000000005b86                SMPartitionInfo
                0x0000000000005bd5                SMPathParentGet
                0x0000000000005bf2                SMPathPartitionGet
                0x0000000000005c90                SMPathPartitionStripDrive
                0x0000000000005cbd                SMPathValidate
 .text          0x0000000000005cc6        0x7 builds/obj/system/exec.o
 .text          0x0000000000005ccd       0x72 builds/obj/system/hardware.o
                0x0000000000005ccd                KeyGet
                0x0000000000005d05                KeyWait
                0x0000000000005d15                PITInit
                0x0000000000005d2a                Reboot
 .text          0x0000000000005d3f       0xe8 builds/obj/system/PIC.o
                0x0000000000005d3f                PICInit
                0x0000000000005d96                PICIntCompleteMaster
                0x0000000000005da2                PICIntCompleteSlave
                0x0000000000005db3                PICIRQDisable
                0x0000000000005ddc                PICIRQDisableAll
                0x0000000000005deb                PICIRQEnable
                0x0000000000005e14                PICIRQEnableAll
 .text          0x0000000000005e27      0xd1b builds/obj/system/interrupts.o
                0x0000000000005e27                CriticalError
                0x0000000000006107                IDTInit
                0x000000000000614f                InterruptHandlerGetAddress
                0x000000000000617e                InterruptHandlerGetFlags
                0x00000000000061a3                InterruptHandlerGetSelector
                0x00000000000061c9                InterruptHandlerSet
                0x000000000000620d                InterruptUnimplemented
                0x0000000000006225                ISRInitAll
                0x00000000000065bc                ISR00
                0x00000000000065cc                ISR01
                0x00000000000065de                ISR02
                0x00000000000065f4                ISR03
                0x0000000000006606                ISR04
                0x000000000000661c                ISR05
                0x0000000000006632                ISR06
                0x0000000000006648                ISR07
                0x000000000000665e                ISR08
                0x0000000000006675                ISR09
                0x000000000000668b                ISR0A
                0x00000000000066a2                ISR0B
                0x00000000000066b9                ISR0C
                0x00000000000066d0                ISR0D
                0x00000000000066ea                ISR0E
                0x0000000000006701                ISR0F
                0x0000000000006717                ISR10
                0x000000000000672d                ISR11
                0x0000000000006744                ISR12
                0x000000000000675a                ISR13
                0x0000000000006770                ISR14
                0x0000000000006786                ISR15
                0x000000000000679c                ISR16
                0x00000000000067b2                ISR17
                0x00000000000067c8                ISR18
                0x00000000000067de                ISR19
                0x00000000000067f4                ISR1A
                0x000000000000680a                ISR1B
                0x0000000000006820                ISR1C
                0x0000000000006836                ISR1D
                0x000000000000684c                ISR1E
                0x0000000000006863                ISR1F
                0x0000000000006879                ISR20
                0x000000000000688c                ISR21
                0x00000000000068c8                ISR22
                0x0000000000006904                ISR23
                0x0000000000006940                ISR24
                0x0000000000006946                ISR25
                0x0000000000006982                ISR26
                0x0000000000006988                ISR27
                0x000000000000698e                ISR28
                0x000000000000699e                ISR29
                0x00000000000069da                ISR2A
                0x0000000000006a16                ISR2B
                0x0000000000006a52                ISR2C
                0x0000000000006a8e                ISR2D
                0x0000000000006aca                ISR2E
                0x0000000000006b06                ISR2F
 .text          0x0000000000006b42      0x4d8 builds/obj/system/PCI.o
                0x0000000000006b42                PCIProbe
                0x0000000000006b60                PCICalculateNext
                0x0000000000006b9f                PCIDeviceInitAll
                0x0000000000006d0c                PCIFunctionCheck
                0x0000000000006d35                PCIFunctionCountGet
                0x0000000000006d9b                PCIFunctionNextGet
                0x0000000000006de9                PCIHandlerCommand
                0x0000000000006e4d                PCIHandlerGet
                0x0000000000006e71                PCIHandlerSet
                0x0000000000006e98                PCIInfoClassGet
                0x0000000000006eb4                PCIInfoDeviceGet
                0x0000000000006ed0                PCIInfoProgIfGet
                0x0000000000006ef1                PCIInfoRevisionGet
                0x0000000000006f0f                PCIInfoSubclassGet
                0x0000000000006f30                PCIInfoVendorGet
                0x0000000000006f4e                PCIRegisterRead
                0x0000000000006f9a                PCIRegisterReadAll
                0x0000000000006fcb                PCIRegisterWrite
 .text          0x000000000000701a       0x33 builds/obj/system/CMOS.o
 .text          0x000000000000704d       0x32 builds/obj/system/power.o
 .text          0x000000000000707f        0x0 builds/obj/system/globals.o
 .text          0x000000000000707f      0x813 builds/obj/system/memory.o
                0x000000000000707f                A20Check
                0x00000000000070da                A20Enable
                0x00000000000070ff                A20EnableBIOS
                0x0000000000007105                A20EnableFastA20
                0x000000000000710f                A20EnableKeyboardController
                0x000000000000715a                A20EnablePortEE
                0x0000000000007160                MemMapCopy
                0x00000000000071c1                MemAddressAlign
                0x00000000000071e3                MemAllocate
                0x0000000000007246                MemAllocatePages
                0x000000000000727f                MemCompare
                0x00000000000072a4                MemCopy
                0x000000000000735c                MemDispose
                0x0000000000007393                MemFill
                0x00000000000073c9                MemInit
                0x00000000000076c5                MemMapPrint
                0x0000000000007774                MemPagesNeeded
                0x0000000000007792                MemSearchWord
                0x00000000000077b8                MemSearchDWord
                0x00000000000077dc                MemSearchString
                0x0000000000007834                MemStats
                0x0000000000007859                MemSwapWordBytes
                0x0000000000007877                MemSwapDwordWords
 .text          0x0000000000007892      0x2c9 builds/obj/system/numbers.o
                0x0000000000007892                BCDToDecimal
                0x00000000000078db                PopulationCount
                0x000000000000795a                PopulationCountRange
                0x0000000000007a54                RangeCheck
                0x0000000000007a6e                QuadAdd
                0x0000000000007a97                QuadShiftLeft
                0x0000000000007ae0                QuadShiftRight
                0x0000000000007b27                Random
 .text          0x0000000000007b5b       0x32 builds/obj/system/NKAPM.o
 .text          0x0000000000007b8d     0x1205 builds/obj/system/debug.o
                0x0000000000007b8d                DebugCPUFeaturesEnable
                0x0000000000007ba5                DebugTraceDisable
                0x0000000000007bb5                DebugTraceEnable
                0x0000000000007bc5                Debugger
                0x0000000000007ed8                DebugInstacrash
                0x0000000000007ee4                DebugMemoryDetails
                0x0000000000007f2c                DebugMenu
                0x000000000000809d                DebugPCIDevices
                0x0000000000008450                DebugRAMBrowser
                0x0000000000008601                DebugStackTrace
                0x0000000000008656                DebugSystemInfo
                0x00000000000089a5                DebugTaskBrowser
                0x0000000000008cb6                DebugVBoxLogRegs
                0x0000000000008d56                DebugVBoxLogWrite
                0x0000000000008d82                DebugWaitForEscape
 .text          0x0000000000008d92      0x2a2 builds/obj/system/tasks.o
                0x0000000000008d92                TaskInit
                0x0000000000008dd1                TaskKill
                0x0000000000008e3f                TaskNameSet
                0x0000000000008e8c                TaskNew
                0x0000000000008f62                TaskSwitch
 .text          0x0000000000009034      0x106 builds/obj/system/CPU.o
                0x0000000000009034                CPUInit
                0x000000000000906a                CPUProbe
 .text          0x000000000000913a      0x175 builds/obj/system/RTC.o
                0x000000000000913a                RTCAdjustBCD
                0x00000000000091ac                RTCInit
                0x00000000000091fa                RTCInterruptHandler
 .text          0x00000000000092af      0x133 builds/obj/system/paging.o
                0x00000000000092af                PagingInit
                0x00000000000092b6                PagingMap
                0x00000000000092fe                PagingDirNew
 .text          0x00000000000093e2      0x123 builds/obj/system/GDT.o
 .text          0x0000000000009505      0x49f builds/obj/video/screen.o
                0x0000000000009505                Print16
                0x0000000000009596                PrintIfConfigBits16
                0x00000000000095ae                PrintRegs16
                0x000000000000961c                ScreenClear16
                0x000000000000964d                ScreenScroll16
                0x000000000000969c                CursorHome
                0x00000000000096b1                Print32
                0x0000000000009771                PrintIfConfigBits32
                0x00000000000097ac                PrintRAM32
                0x0000000000009875                PrintRegs32
                0x000000000000994b                ScreenClear32
                0x000000000000997b                ScreenScroll32
 *(.rodata)

.data           0x00000000000099a4     0x18cc
                0x00000000000099a4                data = .
 *(.data)
 .data          0x00000000000099a4      0x473 builds/obj/kernel.o
                0x0000000000009daf                tss.back_link
                0x0000000000009db3                tss.esp0
                0x0000000000009db7                tss.ss0
                0x0000000000009dbb                tss.esp1
                0x0000000000009dbf                tss.ss1
                0x0000000000009dc3                tss.esp2
                0x0000000000009dc7                tss.ss2
                0x0000000000009dcb                tss.cr3
                0x0000000000009dcf                tss.eip
                0x0000000000009dd3                tss.eflags
                0x0000000000009dd7                tss.eax
                0x0000000000009ddb                tss.ecx
                0x0000000000009ddf                tss.edx
                0x0000000000009de3                tss.ebx
                0x0000000000009de7                tss.esp
                0x0000000000009deb                tss.ebp
                0x0000000000009def                tss.esi
                0x0000000000009df3                tss.edi
                0x0000000000009df7                tss.es
                0x0000000000009dfb                tss.cs
                0x0000000000009dff                tss.ss
                0x0000000000009e03                tss.ds
                0x0000000000009e07                tss.fs
                0x0000000000009e0b                tss.gs
                0x0000000000009e0f                tss.ldt
                0x0000000000009e13                tss.trap
                0x0000000000009e15                tss.iomap_base
                0x0000000000009e17                tss.end
 .data          0x0000000000009e17       0x15 builds/obj/api/misc.o
 .data          0x0000000000009e2c       0x10 builds/obj/api/strings.o
 .data          0x0000000000009e3c       0x47 builds/obj/drivers/PS2Keyboard.o
 .data          0x0000000000009e83       0x32 builds/obj/drivers/IDEController.o
 .data          0x0000000000009eb5        0xc builds/obj/drivers/FATFilesystem.o
 .data          0x0000000000009ec1      0x26b builds/obj/io/PS2Controller.o
 .data          0x000000000000a12c        0x2 builds/obj/io/storage.o
 .data          0x000000000000a12e        0x2 builds/obj/system/hardware.o
                0x000000000000a12e                kKeyBufferWrite
                0x000000000000a12f                kKeyBufferRead
 .data          0x000000000000a130      0x4da builds/obj/system/interrupts.o
                0x000000000000a130                kIDTPtr
 .data          0x000000000000a60a       0x4b builds/obj/system/PCI.o
 .data          0x000000000000a655       0xba builds/obj/system/globals.o
                0x000000000000a655                tSystem.configBitsHint$
                0x000000000000a65f                tSystem.configBits
                0x000000000000a663                tSystem.copyright$
                0x000000000000a687                tSystem.versionMajor
                0x000000000000a688                tSystem.versionMinor
                0x000000000000a689                tSystem.versionBuild
                0x000000000000a68d                tSystem.ticksSinceBoot
                0x000000000000a691                tSystem.currentTask
                0x000000000000a695                tSystem.currentTaskSlotAddress
                0x000000000000a699                tSystem.taskingEnable
                0x000000000000a69a                tSystem.taskStackSize
                0x000000000000a69e                tSystem.taskKernelStackSize
                0x000000000000a6a2                tSystem.APMVersionMajor
                0x000000000000a6a3                tSystem.APMVersionMinor
                0x000000000000a6a4                tSystem.APMFeatures
                0x000000000000a6a6                tSystem.CPUIDVendor$
                0x000000000000a6b6                tSystem.CPUIDBrand$
                0x000000000000a6f6                tSystem.mouseButtonCount
                0x000000000000a6f7                tSystem.mouseButtons
                0x000000000000a6f8                tSystem.mousePacketByte0
                0x000000000000a6f9                tSystem.mousePacketByte1
                0x000000000000a6fa                tSystem.mousePacketByte2
                0x000000000000a6fb                tSystem.mousePacketByte3
                0x000000000000a6fc                tSystem.mousePacketByteSize
                0x000000000000a6fd                tSystem.mousePacketByteCount
                0x000000000000a6fe                tSystem.mouseWheelPresent
                0x000000000000a6ff                tSystem.mouseX
                0x000000000000a701                tSystem.mouseXLimit
                0x000000000000a703                tSystem.mouseY
                0x000000000000a705                tSystem.mouseYLimit
                0x000000000000a707                tSystem.mouseZ
                0x000000000000a709                tSystem.multicoreAvailable
                0x000000000000a70a                tSystem.PS2Config
                0x000000000000a70b                tSystem.PS2Port1DeviceID
                0x000000000000a70d                tSystem.PS2Port2DeviceID
 .data          0x000000000000a70f      0x162 builds/obj/system/memory.o
 .data          0x000000000000a871        0x4 builds/obj/system/numbers.o
 .data          0x000000000000a875        0x2 builds/obj/system/NKAPM.o
 .data          0x000000000000a877      0x899 builds/obj/system/debug.o
 .data          0x000000000000b110       0x5b builds/obj/system/RTC.o
 .data          0x000000000000b16b      0x105 builds/obj/video/screen.o
                0x000000000000b16b                gCursorX
                0x000000000000b16c                gCursorY
                0x000000000000b16d                gTextColor
                0x000000000000b16e                gBackColor
                0x000000000000b16f                kMaxLines
                0x000000000000b170                kBytesPerScreen

.bss            0x000000000000b270      0x52e
                0x000000000000b270                bss = .
 *(.bss)
 .bss           0x000000000000b270       0xb6 builds/obj/kernel.o
 .bss           0x000000000000b326       0x50 builds/obj/api/misc.o
 .bss           0x000000000000b376        0x4 builds/obj/system/hardware.o
                0x000000000000b376                kKeyBufferAddress
 .bss           0x000000000000b37a       0x50 builds/obj/system/interrupts.o
 .bss           0x000000000000b3ca       0x50 builds/obj/system/PCI.o
 .bss           0x000000000000b41a       0xa3 builds/obj/system/globals.o
                0x000000000000b41a                tSystem.CPUFeatures
                0x000000000000b45a                tSystem.CPUIDLargestBasicQuery
                0x000000000000b45e                tSystem.CPUIDLargestExtendedQuery
                0x000000000000b462                tSystem.memoryBIOSMapEntryCount
                0x000000000000b466                tSystem.memoryBIOSMapKiBInstalled
                0x000000000000b46a                tSystem.memoryBIOSMapKiBUsable
                0x000000000000b46e                tSystem.memoryBIOSMapPtr
                0x000000000000b472                tSystem.memoryBIOSMapSize
                0x000000000000b476                tSystem.memoryBitfieldAllocatedPtr
                0x000000000000b47a                tSystem.memoryBitfieldReservedPtr
                0x000000000000b47e                tSystem.memoryBitfieldSize
                0x000000000000b482                tSystem.memoryBitsInitial
                0x000000000000b486                tSystem.memoryManagementSpace
                0x000000000000b48a                tSystem.listPtrDrives
                0x000000000000b48e                tSystem.listPtrDriveLetters
                0x000000000000b492                tSystem.listPtrFSHandlers
                0x000000000000b496                tSystem.listPtrPartitions
                0x000000000000b49a                tSystem.listPtrPCIHandlers
                0x000000000000b49e                tSystem.listPtrPS2Handlers
                0x000000000000b4a2                tSystem.listPtrTasks
                0x000000000000b4a6                tSystem.PCIDeviceCount
                0x000000000000b4aa                tSystem.PCIVersion
                0x000000000000b4ae                tSystem.PCICapabilities
                0x000000000000b4b2                tSystem.RTCUpdateHandlerAddress
                0x000000000000b4b6                tSystem.RTCStatusRegisterB
                0x000000000000b4b7                tSystem.RTCHours
                0x000000000000b4b8                tSystem.RTCMinutes
                0x000000000000b4b9                tSystem.RTCSeconds
                0x000000000000b4ba                tSystem.RTCYear
                0x000000000000b4bb                tSystem.RTCMonth
                0x000000000000b4bc                tSystem.RTCDay
 .bss           0x000000000000b4bd       0x50 builds/obj/system/memory.o
 .bss           0x000000000000b50d      0x230 builds/obj/system/debug.o
 .bss           0x000000000000b73d       0x61 builds/obj/video/screen.o
                0x000000000000b79e                end = .
LOAD builds/obj/kernel.o
LOAD builds/obj/api/lists.o
LOAD builds/obj/api/misc.o
LOAD builds/obj/api/strings.o
LOAD builds/obj/drivers/PS2Keyboard.o
LOAD builds/obj/drivers/IDEController.o
LOAD builds/obj/drivers/FATFilesystem.o
LOAD builds/obj/drivers/PS2Mouse.o
LOAD builds/obj/io/PS2Controller.o
LOAD builds/obj/io/events.o
LOAD builds/obj/io/serial.o
LOAD builds/obj/io/storage.o
LOAD builds/obj/system/exec.o
LOAD builds/obj/system/hardware.o
LOAD builds/obj/system/PIC.o
LOAD builds/obj/system/interrupts.o
LOAD builds/obj/system/PCI.o
LOAD builds/obj/system/CMOS.o
LOAD builds/obj/system/power.o
LOAD builds/obj/system/globals.o
LOAD builds/obj/system/memory.o
LOAD builds/obj/system/numbers.o
LOAD builds/obj/system/NKAPM.o
LOAD builds/obj/system/debug.o
LOAD builds/obj/system/tasks.o
LOAD builds/obj/system/CPU.o
LOAD builds/obj/system/RTC.o
LOAD builds/obj/system/paging.o
LOAD builds/obj/system/GDT.o
LOAD builds/obj/video/screen.o
OUTPUT(builds/KERNEL.SYS binary)

Cross Reference Table

Symbol                                            File
A20Check                                          builds/obj/system/memory.o
                                                  builds/obj/video/screen.o
                                                  builds/obj/system/paging.o
                                                  builds/obj/system/CPU.o
                                                  builds/obj/system/tasks.o
                                                  builds/obj/system/debug.o
                                                  builds/obj/system/PCI.o
                                                  builds/obj/system/interrupts.o
                                                  builds/obj/io/storage.o
                                                  builds/obj/io/events.o
                                                  builds/obj/io/PS2Controller.o
                                                  builds/obj/drivers/PS2Mouse.o
                                                  builds/obj/drivers/FATFilesystem.o
                                                  builds/obj/drivers/IDEController.o
                                                  builds/obj/drivers/PS2Keyboard.o
                                                  builds/obj/api/strings.o
                                                  builds/obj/api/misc.o
                                                  builds/obj/api/lists.o
                                                  builds/obj/kernel.o
A20Enable                                         builds/obj/system/memory.o
                                                  builds/obj/video/screen.o
                                                  builds/obj/system/paging.o
                                                  builds/obj/system/CPU.o
                                                  builds/obj/system/tasks.o
                                                  builds/obj/system/debug.o
                                                  builds/obj/system/PCI.o
                                                  builds/obj/system/interrupts.o
                                                  builds/obj/io/storage.o
                                                  builds/obj/io/events.o
                                                  builds/obj/io/PS2Controller.o
                                                  builds/obj/drivers/PS2Mouse.o
                                                  builds/obj/drivers/FATFilesystem.o
                                                  builds/obj/drivers/IDEController.o
                                                  builds/obj/drivers/PS2Keyboard.o
                                                  builds/obj/api/strings.o
                                                  builds/obj/api/misc.o
                                                  builds/obj/api/lists.o
                                                  builds/obj/kernel.o
A20EnableBIOS                                     builds/obj/system/memory.o
                                                  builds/obj/video/screen.o
                                                  builds/obj/system/paging.o
                                                  builds/obj/system/CPU.o
                                                  builds/obj/system/tasks.o
                                                  builds/obj/system/debug.o
                                                  builds/obj/system/PCI.o
                                                  builds/obj/system/interrupts.o
                                                  builds/obj/io/storage.o
                                                  builds/obj/io/events.o
                                                  builds/obj/io/PS2Controller.o
                                                  builds/obj/drivers/PS2Mouse.o
                                                  builds/obj/drivers/FATFilesystem.o
                                                  builds/obj/drivers/IDEController.o
                                                  builds/obj/drivers/PS2Keyboard.o
                                                  builds/obj/api/strings.o
                                                  builds/obj/api/misc.o
                                                  builds/obj/api/lists.o
                                                  builds/obj/kernel.o
A20EnableFastA20                                  builds/obj/system/memory.o
                                                  builds/obj/video/screen.o
                                                  builds/obj/system/paging.o
                                                  builds/obj/system/CPU.o
                                                  builds/obj/system/tasks.o
                                                  builds/obj/system/debug.o
                                                  builds/obj/system/PCI.o
                                                  builds/obj/system/interrupts.o
                                                  builds/obj/io/storage.o
                                                  builds/obj/io/events.o
                                                  builds/obj/io/PS2Controller.o
                                                  builds/obj/drivers/PS2Mouse.o
                                                  builds/obj/drivers/FATFilesystem.o
                                                  builds/obj/drivers/IDEController.o
                                                  builds/obj/drivers/PS2Keyboard.o
                                                  builds/obj/api/strings.o
                                                  builds/obj/api/misc.o
                                                  builds/obj/api/lists.o
                                                  builds/obj/kernel.o
A20EnableKeyboardController                       builds/obj/system/memory.o
                                                  builds/obj/video/screen.o
                                                  builds/obj/system/paging.o
                                                  builds/obj/system/CPU.o
                                                  builds/obj/system/tasks.o
                                                  builds/obj/system/debug.o
                                                  builds/obj/system/PCI.o
                                                  builds/obj/system/interrupts.o
                                                  builds/obj/io/storage.o
                                                  builds/obj/io/events.o
                                                  builds/obj/io/PS2Controller.o
                                                  builds/obj/drivers/PS2Mouse.o
                                                  builds/obj/drivers/FATFilesystem.o
                                                  builds/obj/drivers/IDEController.o
                                                  builds/obj/drivers/PS2Keyboard.o
                                                  builds/obj/api/strings.o
                                                  builds/obj/api/misc.o
                                                  builds/obj/api/lists.o
                                                  builds/obj/kernel.o
A20EnablePortEE                                   builds/obj/system/memory.o
                                                  builds/obj/video/screen.o
                                                  builds/obj/system/paging.o
                                                  builds/obj/system/CPU.o
                                                  builds/obj/system/tasks.o
                                                  builds/obj/system/debug.o
                                                  builds/obj/system/PCI.o
                                                  builds/obj/system/interrupts.o
                                                  builds/obj/io/storage.o
                                                  builds/obj/io/events.o
                                                  builds/obj/io/PS2Controller.o
                                                  builds/obj/drivers/PS2Mouse.o
                                                  builds/obj/drivers/FATFilesystem.o
                                                  builds/obj/drivers/IDEController.o
                                                  builds/obj/drivers/PS2Keyboard.o
                                                  builds/obj/api/strings.o
                                                  builds/obj/api/misc.o
                                                  builds/obj/api/lists.o
                                                  builds/obj/kernel.o
BCDToDecimal                                      builds/obj/system/numbers.o
                                                  builds/obj/system/RTC.o
                                                  builds/obj/system/debug.o
                                                  builds/obj/system/memory.o
                                                  builds/obj/io/storage.o
                                                  builds/obj/drivers/FATFilesystem.o
                                                  builds/obj/api/strings.o
                                                  builds/obj/api/lists.o
                                                  builds/obj/kernel.o
CPUInit                                           builds/obj/system/CPU.o
                                                  builds/obj/system/numbers.o
                                                  builds/obj/system/memory.o
                                                  builds/obj/api/lists.o
                                                  builds/obj/kernel.o
CPUProbe                                          builds/obj/system/CPU.o
                                                  builds/obj/system/numbers.o
                                                  builds/obj/system/memory.o
                                                  builds/obj/api/lists.o
                                                  builds/obj/kernel.o
ConvertByteToHexString16                          builds/obj/api/strings.o
                                                  builds/obj/video/screen.o
                                                  builds/obj/system/tasks.o
                                                  builds/obj/system/debug.o
                                                  builds/obj/system/memory.o
                                                  builds/obj/system/PCI.o
                                                  builds/obj/system/interrupts.o
                                                  builds/obj/io/storage.o
                                                  builds/obj/drivers/FATFilesystem.o
                                                  builds/obj/api/misc.o
                                                  builds/obj/kernel.o
ConvertNumberBinaryToString                       builds/obj/api/strings.o
                                                  builds/obj/video/screen.o
                                                  builds/obj/system/tasks.o
                                                  builds/obj/system/debug.o
                                                  builds/obj/system/memory.o
                                                  builds/obj/system/PCI.o
                                                  builds/obj/system/interrupts.o
                                                  builds/obj/io/storage.o
                                                  builds/obj/drivers/FATFilesystem.o
                                                  builds/obj/api/misc.o
                                                  builds/obj/kernel.o
ConvertNumberDecimalToString                      builds/obj/api/strings.o
                                                  builds/obj/video/screen.o
                                                  builds/obj/system/tasks.o
                                                  builds/obj/system/debug.o
                                                  builds/obj/system/memory.o
                                                  builds/obj/system/PCI.o
                                                  builds/obj/system/interrupts.o
                                                  builds/obj/io/storage.o
                                                  builds/obj/drivers/FATFilesystem.o
                                                  builds/obj/api/misc.o
                                                  builds/obj/kernel.o
ConvertNumberHexQuadToString                      builds/obj/api/strings.o
                                                  builds/obj/video/screen.o
                                                  builds/obj/system/tasks.o
                                                  builds/obj/system/debug.o
                                                  builds/obj/system/memory.o
                                                  builds/obj/system/PCI.o
                                                  builds/obj/system/interrupts.o
                                                  builds/obj/io/storage.o
                                                  builds/obj/drivers/FATFilesystem.o
                                                  builds/obj/api/misc.o
                                                  builds/obj/kernel.o
ConvertNumberHexToString                          builds/obj/api/strings.o
                                                  builds/obj/video/screen.o
                                                  builds/obj/system/tasks.o
                                                  builds/obj/system/debug.o
                                                  builds/obj/system/memory.o
                                                  builds/obj/system/PCI.o
                                                  builds/obj/system/interrupts.o
                                                  builds/obj/io/storage.o
                                                  builds/obj/drivers/FATFilesystem.o
                                                  builds/obj/api/misc.o
                                                  builds/obj/kernel.o
ConvertNumberOctalToString                        builds/obj/api/strings.o
                                                  builds/obj/video/screen.o
                                                  builds/obj/system/tasks.o
                                                  builds/obj/system/debug.o
                                                  builds/obj/system/memory.o
                                                  builds/obj/system/PCI.o
                                                  builds/obj/system/interrupts.o
                                                  builds/obj/io/storage.o
                                                  builds/obj/drivers/FATFilesystem.o
                                                  builds/obj/api/misc.o
                                                  builds/obj/kernel.o
ConvertStringBinaryToNumber                       builds/obj/api/strings.o
                                                  builds/obj/video/screen.o
                                                  builds/obj/system/tasks.o
                                                  builds/obj/system/debug.o
                                                  builds/obj/system/memory.o
                                                  builds/obj/system/PCI.o
                                                  builds/obj/system/interrupts.o
                                                  builds/obj/io/storage.o
                                                  builds/obj/drivers/FATFilesystem.o
                                                  builds/obj/api/misc.o
                                                  builds/obj/kernel.o
ConvertStringDecimalToNumber                      builds/obj/api/strings.o
                                                  builds/obj/video/screen.o
                                                  builds/obj/system/tasks.o
                                                  builds/obj/system/debug.o
                                                  builds/obj/system/memory.o
                                                  builds/obj/system/PCI.o
                                                  builds/obj/system/interrupts.o
                                                  builds/obj/io/storage.o
                                                  builds/obj/drivers/FATFilesystem.o
                                                  builds/obj/api/misc.o
                                                  builds/obj/kernel.o
ConvertStringHexToNumber                          builds/obj/api/strings.o
                                                  builds/obj/video/screen.o
                                                  builds/obj/system/tasks.o
                                                  builds/obj/system/debug.o
                                                  builds/obj/system/memory.o
                                                  builds/obj/system/PCI.o
                                                  builds/obj/system/interrupts.o
                                                  builds/obj/io/storage.o
                                                  builds/obj/drivers/FATFilesystem.o
                                                  builds/obj/api/misc.o
                                                  builds/obj/kernel.o
ConvertStringOctalToNumber                        builds/obj/api/strings.o
                                                  builds/obj/video/screen.o
                                                  builds/obj/system/tasks.o
                                                  builds/obj/system/debug.o
                                                  builds/obj/system/memory.o
                                                  builds/obj/system/PCI.o
                                                  builds/obj/system/interrupts.o
                                                  builds/obj/io/storage.o
                                                  builds/obj/drivers/FATFilesystem.o
                                                  builds/obj/api/misc.o
                                                  builds/obj/kernel.o
ConvertWordToHexString16                          builds/obj/api/strings.o
                                                  builds/obj/video/screen.o
                                                  builds/obj/system/tasks.o
                                                  builds/obj/system/debug.o
                                                  builds/obj/system/memory.o
                                                  builds/obj/system/PCI.o
                                                  builds/obj/system/interrupts.o
                                                  builds/obj/io/storage.o
                                                  builds/obj/drivers/FATFilesystem.o
                                                  builds/obj/api/misc.o
                                                  builds/obj/kernel.o
CriticalError                                     builds/obj/system/interrupts.o
                                                  builds/obj/io/events.o
                                                  builds/obj/io/PS2Controller.o
                                                  builds/obj/drivers/PS2Mouse.o
                                                  builds/obj/drivers/IDEController.o
                                                  builds/obj/drivers/PS2Keyboard.o
                                                  builds/obj/kernel.o
CursorHome                                        builds/obj/video/screen.o
                                                  builds/obj/system/RTC.o
                                                  builds/obj/system/tasks.o
                                                  builds/obj/system/debug.o
                                                  builds/obj/system/memory.o
                                                  builds/obj/system/PCI.o
                                                  builds/obj/system/interrupts.o
                                                  builds/obj/io/events.o
                                                  builds/obj/io/PS2Controller.o
                                                  builds/obj/drivers/PS2Mouse.o
                                                  builds/obj/drivers/IDEController.o
                                                  builds/obj/drivers/PS2Keyboard.o
                                                  builds/obj/api/misc.o
                                                  builds/obj/api/lists.o
                                                  builds/obj/kernel.o
DebugCPUFeaturesEnable                            builds/obj/system/debug.o
                                                  builds/obj/system/tasks.o
                                                  builds/obj/system/interrupts.o
                                                  builds/obj/io/events.o
                                                  builds/obj/io/PS2Controller.o
                                                  builds/obj/kernel.o
DebugInstacrash                                   builds/obj/system/debug.o
                                                  builds/obj/system/tasks.o
                                                  builds/obj/system/interrupts.o
                                                  builds/obj/io/events.o
                                                  builds/obj/io/PS2Controller.o
                                                  builds/obj/kernel.o
DebugMemoryDetails                                builds/obj/system/debug.o
                                                  builds/obj/system/tasks.o
                                                  builds/obj/system/interrupts.o
                                                  builds/obj/io/events.o
                                                  builds/obj/io/PS2Controller.o
                                                  builds/obj/kernel.o
DebugMenu                                         builds/obj/system/debug.o
                                                  builds/obj/system/tasks.o
                                                  builds/obj/system/interrupts.o
                                                  builds/obj/io/events.o
                                                  builds/obj/io/PS2Controller.o
                                                  builds/obj/kernel.o
DebugPCIDevices                                   builds/obj/system/debug.o
                                                  builds/obj/system/tasks.o
                                                  builds/obj/system/interrupts.o
                                                  builds/obj/io/events.o
                                                  builds/obj/io/PS2Controller.o
                                                  builds/obj/kernel.o
DebugRAMBrowser                                   builds/obj/system/debug.o
                                                  builds/obj/system/tasks.o
                                                  builds/obj/system/interrupts.o
                                                  builds/obj/io/events.o
                                                  builds/obj/io/PS2Controller.o
                                                  builds/obj/kernel.o
DebugStackTrace                                   builds/obj/system/debug.o
                                                  builds/obj/system/tasks.o
                                                  builds/obj/system/interrupts.o
                                                  builds/obj/io/events.o
                                                  builds/obj/io/PS2Controller.o
                                                  builds/obj/kernel.o
DebugSystemInfo                                   builds/obj/system/debug.o
                                                  builds/obj/system/tasks.o
                                                  builds/obj/system/interrupts.o
                                                  builds/obj/io/events.o
                                                  builds/obj/io/PS2Controller.o
                                                  builds/obj/kernel.o
DebugTaskBrowser                                  builds/obj/system/debug.o
                                                  builds/obj/system/tasks.o
                                                  builds/obj/system/interrupts.o
                                                  builds/obj/io/events.o
                                                  builds/obj/io/PS2Controller.o
                                                  builds/obj/kernel.o
DebugTraceDisable                                 builds/obj/system/debug.o
                                                  builds/obj/system/tasks.o
                                                  builds/obj/system/interrupts.o
                                                  builds/obj/io/events.o
                                                  builds/obj/io/PS2Controller.o
                                                  builds/obj/kernel.o
DebugTraceEnable                                  builds/obj/system/debug.o
                                                  builds/obj/system/tasks.o
                                                  builds/obj/system/interrupts.o
                                                  builds/obj/io/events.o
                                                  builds/obj/io/PS2Controller.o
                                                  builds/obj/kernel.o
DebugVBoxLogRegs                                  builds/obj/system/debug.o
                                                  builds/obj/system/tasks.o
                                                  builds/obj/system/interrupts.o
                                                  builds/obj/io/events.o
                                                  builds/obj/io/PS2Controller.o
                                                  builds/obj/kernel.o
DebugVBoxLogWrite                                 builds/obj/system/debug.o
                                                  builds/obj/system/tasks.o
                                                  builds/obj/system/interrupts.o
                                                  builds/obj/io/events.o
                                                  builds/obj/io/PS2Controller.o
                                                  builds/obj/kernel.o
DebugWaitForEscape                                builds/obj/system/debug.o
                                                  builds/obj/system/tasks.o
                                                  builds/obj/system/interrupts.o
                                                  builds/obj/io/events.o
                                                  builds/obj/io/PS2Controller.o
                                                  builds/obj/kernel.o
Debugger                                          builds/obj/system/debug.o
                                                  builds/obj/system/tasks.o
                                                  builds/obj/system/interrupts.o
                                                  builds/obj/io/events.o
                                                  builds/obj/io/PS2Controller.o
                                                  builds/obj/kernel.o
FAT16CalcLBAClusterToSector                       builds/obj/drivers/FATFilesystem.o
                                                  builds/obj/kernel.o
FAT16CalcSpaceNeeded                              builds/obj/drivers/FATFilesystem.o
                                                  builds/obj/kernel.o
FAT16CalcTableElementFromCluster                  builds/obj/drivers/FATFilesystem.o
                                                  builds/obj/kernel.o
FAT16ChainDelete                                  builds/obj/drivers/FATFilesystem.o
                                                  builds/obj/kernel.o
FAT16ChainGrow                                    builds/obj/drivers/FATFilesystem.o
                                                  builds/obj/kernel.o
FAT16ChainLength                                  builds/obj/drivers/FATFilesystem.o
                                                  builds/obj/kernel.o
FAT16ChainRead                                    builds/obj/drivers/FATFilesystem.o
                                                  builds/obj/kernel.o
FAT16ChainResize                                  builds/obj/drivers/FATFilesystem.o
                                                  builds/obj/kernel.o
FAT16ChainShrink                                  builds/obj/drivers/FATFilesystem.o
                                                  builds/obj/kernel.o
FAT16ChainWrite                                   builds/obj/drivers/FATFilesystem.o
                                                  builds/obj/kernel.o
FAT16ClusterFreeFirstGet                          builds/obj/drivers/FATFilesystem.o
                                                  builds/obj/kernel.o
FAT16ClusterFreeTotalGet                          builds/obj/drivers/FATFilesystem.o
                                                  builds/obj/kernel.o
FAT16ClusterNextGet                               builds/obj/drivers/FATFilesystem.o
                                                  builds/obj/kernel.o
FAT16ClusterNextSet                               builds/obj/drivers/FATFilesystem.o
                                                  builds/obj/kernel.o
FAT16EntryBuild                                   builds/obj/drivers/FATFilesystem.o
                                                  builds/obj/kernel.o
FAT16FATBackup                                    builds/obj/drivers/FATFilesystem.o
                                                  builds/obj/kernel.o
FAT16FileWrite                                    builds/obj/drivers/FATFilesystem.o
                                                  builds/obj/kernel.o
FAT16ItemCount                                    builds/obj/drivers/FATFilesystem.o
                                                  builds/obj/kernel.o
FAT16ItemDelete                                   builds/obj/drivers/FATFilesystem.o
                                                  builds/obj/kernel.o
FAT16ItemExists                                   builds/obj/drivers/FATFilesystem.o
                                                  builds/obj/kernel.o
FAT16ItemInfoAccessedGet                          builds/obj/drivers/FATFilesystem.o
                                                  builds/obj/kernel.o
FAT16ItemInfoCreatedGet                           builds/obj/drivers/FATFilesystem.o
                                                  builds/obj/kernel.o
FAT16ItemInfoModifiedGet                          builds/obj/drivers/FATFilesystem.o
                                                  builds/obj/kernel.o
FAT16ItemInfoSizeGet                              builds/obj/drivers/FATFilesystem.o
                                                  builds/obj/kernel.o
FAT16ItemLoad                                     builds/obj/drivers/FATFilesystem.o
                                                  builds/obj/kernel.o
FAT16ItemMatch                                    builds/obj/drivers/FATFilesystem.o
                                                  builds/obj/kernel.o
FAT16ItemNew                                      builds/obj/drivers/FATFilesystem.o
                                                  builds/obj/kernel.o
FAT16ItemStore                                    builds/obj/drivers/FATFilesystem.o
                                                  builds/obj/kernel.o
FAT16PartitionCacheData                           builds/obj/drivers/FATFilesystem.o
                                                  builds/obj/kernel.o
FAT16PartitionInfo                                builds/obj/drivers/FATFilesystem.o
                                                  builds/obj/kernel.o
FAT16PathCanonicalize                             builds/obj/drivers/FATFilesystem.o
                                                  builds/obj/kernel.o
FAT16ServiceHandler                               builds/obj/drivers/FATFilesystem.o
                                                  builds/obj/kernel.o
FAT32ServiceHandler                               builds/obj/drivers/FATFilesystem.o
                                                  builds/obj/kernel.o
FATDecodeDate                                     builds/obj/drivers/FATFilesystem.o
                                                  builds/obj/kernel.o
FATDecodeTime                                     builds/obj/drivers/FATFilesystem.o
                                                  builds/obj/kernel.o
FATEncodeDate                                     builds/obj/drivers/FATFilesystem.o
                                                  builds/obj/kernel.o
FATEncodeFilename                                 builds/obj/drivers/FATFilesystem.o
                                                  builds/obj/kernel.o
FATEncodeTime                                     builds/obj/drivers/FATFilesystem.o
                                                  builds/obj/kernel.o
Fail                                              builds/obj/api/misc.o
                                                  builds/obj/system/interrupts.o
                                                  builds/obj/io/events.o
                                                  builds/obj/io/PS2Controller.o
                                                  builds/obj/drivers/PS2Mouse.o
                                                  builds/obj/drivers/PS2Keyboard.o
                                                  builds/obj/kernel.o
IDEATAPISectorReadPIO                             builds/obj/drivers/IDEController.o
                                                  builds/obj/kernel.o
IDEATASectorReadLBA28PIO                          builds/obj/drivers/IDEController.o
                                                  builds/obj/kernel.o
IDEATASectorWriteLBA28PIO                         builds/obj/drivers/IDEController.o
                                                  builds/obj/kernel.o
IDEDetectChannelDevices                           builds/obj/kernel.o
IDEDriveIdentify                                  builds/obj/drivers/IDEController.o
                                                  builds/obj/kernel.o
IDEInit                                           builds/obj/drivers/IDEController.o
                                                  builds/obj/kernel.o
IDEInterruptHandlerPrimary                        builds/obj/drivers/IDEController.o
                                                  builds/obj/kernel.o
IDEInterruptHandlerSecondary                      builds/obj/drivers/IDEController.o
                                                  builds/obj/kernel.o
IDEServiceHandler                                 builds/obj/drivers/IDEController.o
                                                  builds/obj/kernel.o
IDEWaitForReady                                   builds/obj/drivers/IDEController.o
                                                  builds/obj/kernel.o
IDTInit                                           builds/obj/system/interrupts.o
                                                  builds/obj/io/events.o
                                                  builds/obj/io/PS2Controller.o
                                                  builds/obj/drivers/PS2Mouse.o
                                                  builds/obj/drivers/IDEController.o
                                                  builds/obj/drivers/PS2Keyboard.o
                                                  builds/obj/kernel.o
ISR00                                             builds/obj/system/interrupts.o
                                                  builds/obj/io/events.o
                                                  builds/obj/io/PS2Controller.o
                                                  builds/obj/drivers/PS2Mouse.o
                                                  builds/obj/drivers/IDEController.o
                                                  builds/obj/drivers/PS2Keyboard.o
                                                  builds/obj/kernel.o
ISR01                                             builds/obj/system/interrupts.o
                                                  builds/obj/io/events.o
                                                  builds/obj/io/PS2Controller.o
                                                  builds/obj/drivers/PS2Mouse.o
                                                  builds/obj/drivers/IDEController.o
                                                  builds/obj/drivers/PS2Keyboard.o
                                                  builds/obj/kernel.o
ISR02                                             builds/obj/system/interrupts.o
                                                  builds/obj/io/events.o
                                                  builds/obj/io/PS2Controller.o
                                                  builds/obj/drivers/PS2Mouse.o
                                                  builds/obj/drivers/IDEController.o
                                                  builds/obj/drivers/PS2Keyboard.o
                                                  builds/obj/kernel.o
ISR03                                             builds/obj/system/interrupts.o
                                                  builds/obj/io/events.o
                                                  builds/obj/io/PS2Controller.o
                                                  builds/obj/drivers/PS2Mouse.o
                                                  builds/obj/drivers/IDEController.o
                                                  builds/obj/drivers/PS2Keyboard.o
                                                  builds/obj/kernel.o
ISR04                                             builds/obj/system/interrupts.o
                                                  builds/obj/io/events.o
                                                  builds/obj/io/PS2Controller.o
                                                  builds/obj/drivers/PS2Mouse.o
                                                  builds/obj/drivers/IDEController.o
                                                  builds/obj/drivers/PS2Keyboard.o
                                                  builds/obj/kernel.o
ISR05                                             builds/obj/system/interrupts.o
                                                  builds/obj/io/events.o
                                                  builds/obj/io/PS2Controller.o
                                                  builds/obj/drivers/PS2Mouse.o
                                                  builds/obj/drivers/IDEController.o
                                                  builds/obj/drivers/PS2Keyboard.o
                                                  builds/obj/kernel.o
ISR06                                             builds/obj/system/interrupts.o
                                                  builds/obj/io/events.o
                                                  builds/obj/io/PS2Controller.o
                                                  builds/obj/drivers/PS2Mouse.o
                                                  builds/obj/drivers/IDEController.o
                                                  builds/obj/drivers/PS2Keyboard.o
                                                  builds/obj/kernel.o
ISR07                                             builds/obj/system/interrupts.o
                                                  builds/obj/io/events.o
                                                  builds/obj/io/PS2Controller.o
                                                  builds/obj/drivers/PS2Mouse.o
                                                  builds/obj/drivers/IDEController.o
                                                  builds/obj/drivers/PS2Keyboard.o
                                                  builds/obj/kernel.o
ISR08                                             builds/obj/system/interrupts.o
                                                  builds/obj/io/events.o
                                                  builds/obj/io/PS2Controller.o
                                                  builds/obj/drivers/PS2Mouse.o
                                                  builds/obj/drivers/IDEController.o
                                                  builds/obj/drivers/PS2Keyboard.o
                                                  builds/obj/kernel.o
ISR09                                             builds/obj/system/interrupts.o
                                                  builds/obj/io/events.o
                                                  builds/obj/io/PS2Controller.o
                                                  builds/obj/drivers/PS2Mouse.o
                                                  builds/obj/drivers/IDEController.o
                                                  builds/obj/drivers/PS2Keyboard.o
                                                  builds/obj/kernel.o
ISR0A                                             builds/obj/system/interrupts.o
                                                  builds/obj/io/events.o
                                                  builds/obj/io/PS2Controller.o
                                                  builds/obj/drivers/PS2Mouse.o
                                                  builds/obj/drivers/IDEController.o
                                                  builds/obj/drivers/PS2Keyboard.o
                                                  builds/obj/kernel.o
ISR0B                                             builds/obj/system/interrupts.o
                                                  builds/obj/io/events.o
                                                  builds/obj/io/PS2Controller.o
                                                  builds/obj/drivers/PS2Mouse.o
                                                  builds/obj/drivers/IDEController.o
                                                  builds/obj/drivers/PS2Keyboard.o
                                                  builds/obj/kernel.o
ISR0C                                             builds/obj/system/interrupts.o
                                                  builds/obj/io/events.o
                                                  builds/obj/io/PS2Controller.o
                                                  builds/obj/drivers/PS2Mouse.o
                                                  builds/obj/drivers/IDEController.o
                                                  builds/obj/drivers/PS2Keyboard.o
                                                  builds/obj/kernel.o
ISR0D                                             builds/obj/system/interrupts.o
                                                  builds/obj/io/events.o
                                                  builds/obj/io/PS2Controller.o
                                                  builds/obj/drivers/PS2Mouse.o
                                                  builds/obj/drivers/IDEController.o
                                                  builds/obj/drivers/PS2Keyboard.o
                                                  builds/obj/kernel.o
ISR0E                                             builds/obj/system/interrupts.o
                                                  builds/obj/io/events.o
                                                  builds/obj/io/PS2Controller.o
                                                  builds/obj/drivers/PS2Mouse.o
                                                  builds/obj/drivers/IDEController.o
                                                  builds/obj/drivers/PS2Keyboard.o
                                                  builds/obj/kernel.o
ISR0F                                             builds/obj/system/interrupts.o
                                                  builds/obj/io/events.o
                                                  builds/obj/io/PS2Controller.o
                                                  builds/obj/drivers/PS2Mouse.o
                                                  builds/obj/drivers/IDEController.o
                                                  builds/obj/drivers/PS2Keyboard.o
                                                  builds/obj/kernel.o
ISR10                                             builds/obj/system/interrupts.o
                                                  builds/obj/io/events.o
                                                  builds/obj/io/PS2Controller.o
                                                  builds/obj/drivers/PS2Mouse.o
                                                  builds/obj/drivers/IDEController.o
                                                  builds/obj/drivers/PS2Keyboard.o
                                                  builds/obj/kernel.o
ISR11                                             builds/obj/system/interrupts.o
                                                  builds/obj/io/events.o
                                                  builds/obj/io/PS2Controller.o
                                                  builds/obj/drivers/PS2Mouse.o
                                                  builds/obj/drivers/IDEController.o
[...]
                                                  builds/obj/system/CPU.o
                                                  builds/obj/system/tasks.o
                                                  builds/obj/system/debug.o
                                                  builds/obj/system/numbers.o
                                                  builds/obj/system/memory.o
                                                  builds/obj/system/PCI.o
                                                  builds/obj/system/interrupts.o
                                                  builds/obj/io/storage.o
                                                  builds/obj/io/serial.o
                                                  builds/obj/io/events.o
                                                  builds/obj/io/PS2Controller.o
                                                  builds/obj/drivers/PS2Mouse.o
                                                  builds/obj/drivers/FATFilesystem.o
                                                  builds/obj/drivers/IDEController.o
                                                  builds/obj/drivers/PS2Keyboard.o
                                                  builds/obj/api/misc.o
                                                  builds/obj/api/lists.o
                                                  builds/obj/kernel.o
tSystem.mouseZ                                    builds/obj/system/globals.o
                                                  builds/obj/video/screen.o
                                                  builds/obj/system/RTC.o
                                                  builds/obj/system/CPU.o
                                                  builds/obj/system/tasks.o
                                                  builds/obj/system/debug.o
                                                  builds/obj/system/numbers.o
                                                  builds/obj/system/memory.o
                                                  builds/obj/system/PCI.o
                                                  builds/obj/system/interrupts.o
                                                  builds/obj/io/storage.o
                                                  builds/obj/io/serial.o
                                                  builds/obj/io/events.o
                                                  builds/obj/io/PS2Controller.o
                                                  builds/obj/drivers/PS2Mouse.o
                                                  builds/obj/drivers/FATFilesystem.o
                                                  builds/obj/drivers/IDEController.o
                                                  builds/obj/drivers/PS2Keyboard.o
                                                  builds/obj/api/misc.o
                                                  builds/obj/api/lists.o
                                                  builds/obj/kernel.o
tSystem.multicoreAvailable                        builds/obj/system/globals.o
                                                  builds/obj/video/screen.o
                                                  builds/obj/system/RTC.o
                                                  builds/obj/system/CPU.o
                                                  builds/obj/system/tasks.o
                                                  builds/obj/system/debug.o
                                                  builds/obj/system/numbers.o
                                                  builds/obj/system/memory.o
                                                  builds/obj/system/PCI.o
                                                  builds/obj/system/interrupts.o
                                                  builds/obj/io/storage.o
                                                  builds/obj/io/serial.o
                                                  builds/obj/io/events.o
                                                  builds/obj/io/PS2Controller.o
                                                  builds/obj/drivers/PS2Mouse.o
                                                  builds/obj/drivers/FATFilesystem.o
                                                  builds/obj/drivers/IDEController.o
                                                  builds/obj/drivers/PS2Keyboard.o
                                                  builds/obj/api/misc.o
                                                  builds/obj/api/lists.o
                                                  builds/obj/kernel.o
tSystem.taskKernelStackSize                       builds/obj/system/globals.o
                                                  builds/obj/video/screen.o
                                                  builds/obj/system/RTC.o
                                                  builds/obj/system/CPU.o
                                                  builds/obj/system/tasks.o
                                                  builds/obj/system/debug.o
                                                  builds/obj/system/numbers.o
                                                  builds/obj/system/memory.o
                                                  builds/obj/system/PCI.o
                                                  builds/obj/system/interrupts.o
                                                  builds/obj/io/storage.o
                                                  builds/obj/io/serial.o
                                                  builds/obj/io/events.o
                                                  builds/obj/io/PS2Controller.o
                                                  builds/obj/drivers/PS2Mouse.o
                                                  builds/obj/drivers/FATFilesystem.o
                                                  builds/obj/drivers/IDEController.o
                                                  builds/obj/drivers/PS2Keyboard.o
                                                  builds/obj/api/misc.o
                                                  builds/obj/api/lists.o
                                                  builds/obj/kernel.o
tSystem.taskStackSize                             builds/obj/system/globals.o
                                                  builds/obj/video/screen.o
                                                  builds/obj/system/RTC.o
                                                  builds/obj/system/CPU.o
                                                  builds/obj/system/tasks.o
                                                  builds/obj/system/debug.o
                                                  builds/obj/system/numbers.o
                                                  builds/obj/system/memory.o
                                                  builds/obj/system/PCI.o
                                                  builds/obj/system/interrupts.o
                                                  builds/obj/io/storage.o
                                                  builds/obj/io/serial.o
                                                  builds/obj/io/events.o
                                                  builds/obj/io/PS2Controller.o
                                                  builds/obj/drivers/PS2Mouse.o
                                                  builds/obj/drivers/FATFilesystem.o
                                                  builds/obj/drivers/IDEController.o
                                                  builds/obj/drivers/PS2Keyboard.o
                                                  builds/obj/api/misc.o
                                                  builds/obj/api/lists.o
                                                  builds/obj/kernel.o
tSystem.taskingEnable                             builds/obj/system/globals.o
                                                  builds/obj/video/screen.o
                                                  builds/obj/system/RTC.o
                                                  builds/obj/system/CPU.o
                                                  builds/obj/system/tasks.o
                                                  builds/obj/system/debug.o
                                                  builds/obj/system/numbers.o
                                                  builds/obj/system/memory.o
                                                  builds/obj/system/PCI.o
                                                  builds/obj/system/interrupts.o
                                                  builds/obj/io/storage.o
                                                  builds/obj/io/serial.o
                                                  builds/obj/io/events.o
                                                  builds/obj/io/PS2Controller.o
                                                  builds/obj/drivers/PS2Mouse.o
                                                  builds/obj/drivers/FATFilesystem.o
                                                  builds/obj/drivers/IDEController.o
                                                  builds/obj/drivers/PS2Keyboard.o
                                                  builds/obj/api/misc.o
                                                  builds/obj/api/lists.o
                                                  builds/obj/kernel.o
tSystem.ticksSinceBoot                            builds/obj/system/globals.o
                                                  builds/obj/video/screen.o
                                                  builds/obj/system/RTC.o
                                                  builds/obj/system/CPU.o
                                                  builds/obj/system/tasks.o
                                                  builds/obj/system/debug.o
                                                  builds/obj/system/numbers.o
                                                  builds/obj/system/memory.o
                                                  builds/obj/system/PCI.o
                                                  builds/obj/system/interrupts.o
                                                  builds/obj/io/storage.o
                                                  builds/obj/io/serial.o
                                                  builds/obj/io/events.o
                                                  builds/obj/io/PS2Controller.o
                                                  builds/obj/drivers/PS2Mouse.o
                                                  builds/obj/drivers/FATFilesystem.o
                                                  builds/obj/drivers/IDEController.o
                                                  builds/obj/drivers/PS2Keyboard.o
                                                  builds/obj/api/misc.o
                                                  builds/obj/api/lists.o
                                                  builds/obj/kernel.o
tSystem.versionBuild                              builds/obj/system/globals.o
                                                  builds/obj/video/screen.o
                                                  builds/obj/system/RTC.o
                                                  builds/obj/system/CPU.o
                                                  builds/obj/system/tasks.o
                                                  builds/obj/system/debug.o
                                                  builds/obj/system/numbers.o
                                                  builds/obj/system/memory.o
                                                  builds/obj/system/PCI.o
                                                  builds/obj/system/interrupts.o
                                                  builds/obj/io/storage.o
                                                  builds/obj/io/serial.o
                                                  builds/obj/io/events.o
                                                  builds/obj/io/PS2Controller.o
                                                  builds/obj/drivers/PS2Mouse.o
                                                  builds/obj/drivers/FATFilesystem.o
                                                  builds/obj/drivers/IDEController.o
                                                  builds/obj/drivers/PS2Keyboard.o
                                                  builds/obj/api/misc.o
                                                  builds/obj/api/lists.o
                                                  builds/obj/kernel.o
tSystem.versionMajor                              builds/obj/system/globals.o
                                                  builds/obj/video/screen.o
                                                  builds/obj/system/RTC.o
                                                  builds/obj/system/CPU.o
                                                  builds/obj/system/tasks.o
                                                  builds/obj/system/debug.o
                                                  builds/obj/system/numbers.o
                                                  builds/obj/system/memory.o
                                                  builds/obj/system/PCI.o
                                                  builds/obj/system/interrupts.o
                                                  builds/obj/io/storage.o
                                                  builds/obj/io/serial.o
                                                  builds/obj/io/events.o
                                                  builds/obj/io/PS2Controller.o
                                                  builds/obj/drivers/PS2Mouse.o
                                                  builds/obj/drivers/FATFilesystem.o
                                                  builds/obj/drivers/IDEController.o
                                                  builds/obj/drivers/PS2Keyboard.o
                                                  builds/obj/api/misc.o
                                                  builds/obj/api/lists.o
                                                  builds/obj/kernel.o
tSystem.versionMinor                              builds/obj/system/globals.o
                                                  builds/obj/video/screen.o
                                                  builds/obj/system/RTC.o
                                                  builds/obj/system/CPU.o
                                                  builds/obj/system/tasks.o
                                                  builds/obj/system/debug.o
                                                  builds/obj/system/numbers.o
                                                  builds/obj/system/memory.o
                                                  builds/obj/system/PCI.o
                                                  builds/obj/system/interrupts.o
                                                  builds/obj/io/storage.o
                                                  builds/obj/io/serial.o
                                                  builds/obj/io/events.o
                                                  builds/obj/io/PS2Controller.o
                                                  builds/obj/drivers/PS2Mouse.o
                                                  builds/obj/drivers/FATFilesystem.o
                                                  builds/obj/drivers/IDEController.o
                                                  builds/obj/drivers/PS2Keyboard.o
                                                  builds/obj/api/misc.o
                                                  builds/obj/api/lists.o
                                                  builds/obj/kernel.o
tss.back_link                                     builds/obj/kernel.o
                                                  builds/obj/system/tasks.o
tss.cr3                                           builds/obj/kernel.o
                                                  builds/obj/system/tasks.o
tss.cs                                            builds/obj/kernel.o
                                                  builds/obj/system/tasks.o
tss.ds                                            builds/obj/kernel.o
                                                  builds/obj/system/tasks.o
tss.eax                                           builds/obj/kernel.o
                                                  builds/obj/system/tasks.o
tss.ebp                                           builds/obj/kernel.o
                                                  builds/obj/system/tasks.o
tss.ebx                                           builds/obj/kernel.o
                                                  builds/obj/system/tasks.o
tss.ecx                                           builds/obj/kernel.o
                                                  builds/obj/system/tasks.o
tss.edi                                           builds/obj/kernel.o
                                                  builds/obj/system/tasks.o
tss.edx                                           builds/obj/kernel.o
                                                  builds/obj/system/tasks.o
tss.eflags                                        builds/obj/kernel.o
                                                  builds/obj/system/tasks.o
tss.eip                                           builds/obj/kernel.o
                                                  builds/obj/system/tasks.o
tss.end                                           builds/obj/kernel.o
                                                  builds/obj/system/tasks.o
tss.es                                            builds/obj/kernel.o
                                                  builds/obj/system/tasks.o
tss.esi                                           builds/obj/kernel.o
                                                  builds/obj/system/tasks.o
tss.esp                                           builds/obj/kernel.o
                                                  builds/obj/system/tasks.o
tss.esp0                                          builds/obj/kernel.o
                                                  builds/obj/system/tasks.o
tss.esp1                                          builds/obj/kernel.o
                                                  builds/obj/system/tasks.o
tss.esp2                                          builds/obj/kernel.o
                                                  builds/obj/system/tasks.o
tss.fs                                            builds/obj/kernel.o
                                                  builds/obj/system/tasks.o
tss.gs                                            builds/obj/kernel.o
                                                  builds/obj/system/tasks.o
tss.iomap_base                                    builds/obj/kernel.o
                                                  builds/obj/system/tasks.o
tss.ldt                                           builds/obj/kernel.o
                                                  builds/obj/system/tasks.o
tss.ss                                            builds/obj/kernel.o
                                                  builds/obj/system/tasks.o
tss.ss0                                           builds/obj/kernel.o
                                                  builds/obj/system/tasks.o
tss.ss1                                           builds/obj/kernel.o
                                                  builds/obj/system/tasks.o
tss.ss2                                           builds/obj/kernel.o
                                                  builds/obj/system/tasks.o
tss.trap                                          builds/obj/kernel.o
                                                  builds/obj/system/tasks.o
