
Memory Configuration

Name             Origin             Length             Attributes
*default*        0x0000000000000000 0xffffffffffffffff

Linker script and memory map

                0x0000000000000600                phys = 0x600

.text           0x0000000000000600     0x8df2
                0x0000000000000600                code = .
 *(.text)
 .text          0x0000000000000600      0x65e builds/obj/kernel.o
                0x0000000000000600                main
 .text          0x0000000000000c5e      0x808 builds/obj/api/lists.o
                0x0000000000000c5e                LMBitfieldInit
                0x0000000000000c9e                LMBitfieldValidate
                0x0000000000000cbd                LMBitfieldElementValidate
                0x0000000000000cdb                LMBitClear
                0x0000000000000d14                LMBitClearRange
                0x0000000000000dc7                LMBitFlip
                0x0000000000000e00                LMBitFlipRange
                0x0000000000000eb3                LMBitGet
                0x0000000000000eec                LMBitSet
                0x0000000000000f25                LMBitSetRange
                0x0000000000000fdb                LMElementAddressGet
                0x0000000000001011                LMElementCountGet
                0x0000000000001034                LMElementCountSet
                0x000000000000105a                LMElementDelete
                0x0000000000001090                LMElementDuplicate
                0x00000000000010c6                LMElementSizeGet
                0x00000000000010eb                LMElementValidate
                0x0000000000001109                LMItemAddAtSlot
                0x0000000000001145                LMListCompact
                0x0000000000001156                LMListInit
                0x0000000000001190                LMListSearch
                0x00000000000011a1                LMListValidate
                0x00000000000011c0                LMSlotFindFirstFree
                0x00000000000011e3                LMSlotFreeTest
                0x0000000000001289                LM_Internal_ElementAddressGet
                0x000000000000129f                LM_Internal_ElementCountGet
                0x00000000000012ae                LM_Internal_ElementCountSet
                0x00000000000012c0                LM_Internal_ElementDelete
                0x0000000000001330                LM_Internal_ElementDuplicate
                0x00000000000013a3                LM_Internal_ElementSizeGet
                0x00000000000013b2                LM_Internal_ItemAddAtSlot
                0x00000000000013f3                LM_Internal_ListCompact
                0x00000000000013fc                LM_Internal_ListSearch
                0x0000000000001405                LM_Internal_SlotFindFirstFree
                0x0000000000001434                LM_Internal_SlotFreeTest
 .text          0x0000000000001466       0x63 builds/obj/api/misc.o
                0x0000000000001466                SetSystemAPM
                0x0000000000001486                Fail
                0x00000000000014ae                TimerWait
 .text          0x00000000000014c9      0xbbb builds/obj/api/strings.o
                0x00000000000014c9                ConvertByteToHexString16
                0x00000000000014fd                ConvertWordToHexString16
                0x000000000000155e                ConvertNumberBinaryToString
                0x0000000000001596                ConvertNumberDecimalToString
                0x00000000000015ce                ConvertNumberHexToString
                0x0000000000001682                ConvertNumberOctalToString
                0x00000000000016ba                ConvertStringBinaryToNumber
                0x0000000000001725                ConvertStringDecimalToNumber
                0x000000000000179a                ConvertStringHexToNumber
                0x000000000000181e                ConvertStringOctalToNumber
                0x000000000000188a                StringCaseLower
                0x00000000000018ab                StringCaseUpper
                0x00000000000018cc                StringCharAppend
                0x00000000000018e9                StringCharDelete
                0x000000000000190f                StringCharGet
                0x000000000000194a                StringCharPrepend
                0x0000000000001971                StringCharReplace
                0x0000000000001992                StringCharReplaceRange
                0x00000000000019c2                StringFill
                0x00000000000019dc                StringInsert
                0x0000000000001a3f                StringLength
                0x0000000000001a5b                StringPadLeft
                0x0000000000001aa2                StringPadRight
                0x0000000000001adf                StringSearchCharLeft
                0x0000000000001b12                StringSearchCharRight
                0x0000000000001b49                StringSearchCharList
                0x0000000000001bb2                StringTokenBinary
                0x0000000000001c54                StringTokenDecimal
                0x0000000000001cf6                StringTokenHexadecimal
                0x0000000000001d98                StringTokenOctal
                0x0000000000001e3a                StringTokenString
                0x0000000000001e93                StringTrimLeft
                0x0000000000001ec1                StringTrimRight
                0x0000000000001ef0                StringTruncateLeft
                0x0000000000001f23                StringTruncateRight
                0x0000000000001f4f                StringWordCount
                0x0000000000001fd4                StringWordGet
 .text          0x0000000000002084      0xac9 builds/obj/drivers/PS2Controller.o
                0x0000000000002084                PS2ControllerCommand
                0x0000000000002109                PS2ControllerInit
                0x0000000000002308                PS2ControllerPortTest
                0x0000000000002332                PS2ControllerWaitDataRead
                0x0000000000002360                PS2ControllerWaitDataWrite
                0x000000000000238e                PS2DeviceCommand
                0x000000000000250e                PS2DeviceIdentify
                0x0000000000002579                PS2InitKeyboard
                0x00000000000025e1                PS2InitMouse
                0x00000000000027bc                PS2InputHandlerDispatch
                0x0000000000002824                PS2InputHandlerKeyboard
                0x0000000000002871                PS2InputHandlerMouse
                0x00000000000029dd                PS2NewConnect
                0x0000000000002a23                PS2Port1InterruptHandler
                0x0000000000002a66                PS2Port2InterruptHandler
                0x0000000000002aa9                PS2PortInitDevice
                0x0000000000002b32                PS2PortSendTo2
 .text          0x0000000000002b4d      0x771 builds/obj/drivers/IDEController.o
                0x0000000000002b4d                IDEATAPISectorReadPIO
                0x0000000000002c84                IDEATASectorReadLBA28PIO
                0x0000000000002d38                IDEATASectorWriteLBA28PIO
                0x0000000000002f02                IDEDriveIdentify
                0x0000000000003060                IDEInit
                0x00000000000031c3                IDEInterruptHandlerPrimary
                0x00000000000031d3                IDEInterruptHandlerSecondary
                0x00000000000031e3                IDEServiceHandler
                0x0000000000003283                IDEWaitForReady
 .text          0x00000000000032be     0x1641 builds/obj/drivers/FATFilesystem.o
                0x00000000000032be                FAT16CalcLBAClusterToSector
                0x00000000000032d3                FAT16CalcSpaceNeeded
                0x0000000000003309                FAT16CalcTableElementFromCluster
                0x0000000000003324                FAT16ChainDelete
                0x00000000000033db                FAT16ChainGrow
                0x0000000000003513                FAT16ChainLength
                0x00000000000035be                FAT16ChainRead
                0x00000000000036bc                FAT16ChainResize
                0x00000000000036f8                FAT16ChainShrink
                0x00000000000037f4                FAT16ChainWrite
                0x00000000000038c6                FAT16ClusterFreeFirstGet
                0x000000000000397b                FAT16ClusterFreeTotalGet
                0x0000000000003a1f                FAT16ClusterNextGet
                0x0000000000003a86                FAT16ClusterNextSet
                0x0000000000003aff                FAT16EntryBuild
                0x0000000000003b96                FAT16FATBackup
                0x0000000000003c1f                FAT16FileWrite
                0x0000000000003c26                FAT16ItemCount
                0x0000000000003c7f                FAT16ItemDelete
                0x0000000000003d50                FAT16ItemExists
                0x0000000000003da0                FAT16ItemInfoAccessedGet
                0x0000000000003e01                FAT16ItemInfoCreatedGet
                0x0000000000003e85                FAT16ItemInfoModifiedGet
                0x0000000000003f00                FAT16ItemInfoSizeGet
                0x0000000000003f55                FAT16ItemLoad
                0x0000000000004050                FAT16ItemMatch
                0x00000000000040b6                FAT16ItemNew
                0x00000000000042ca                FAT16ItemStore
                0x00000000000043e5                FAT16PartitionCacheData
                0x00000000000044c5                FAT16PartitionInfo
                0x00000000000044f2                FAT16PathCanonicalize
                0x000000000000450f                FAT16ServiceHandler
                0x00000000000046d1                FAT32ServiceHandler
                0x0000000000004706                FATDecodeDate
                0x0000000000004749                FATDecodeTime
                0x0000000000004788                FATEncodeDate
                0x0000000000004806                FATEncodeFilename
                0x000000000000488b                FATEncodeTime
 .text          0x00000000000048ff      0x5f3 builds/obj/io/serial.o
 .text          0x0000000000004ef2      0x6ff builds/obj/io/storage.o
                0x0000000000004ef2                SMDiskRead
                0x0000000000004f27                SMItemCount
                0x0000000000004f78                SMItemDelete
                0x0000000000004fc8                SMItemExists
                0x0000000000005018                SMItemInfoAccessedGet
                0x0000000000005068                SMItemInfoCreatedGet
                0x00000000000050b8                SMItemInfoModifiedGet
                0x0000000000005108                SMItemInfoSizeGet
                0x0000000000005158                SMItemLoad
                0x00000000000051a8                SMItemNew
                0x00000000000051f9                SMItemStore
                0x000000000000524b                SMPartitionEnumerate
                0x00000000000053af                SMPartitionMap
                0x000000000000540a                SMPartitionRead
                0x000000000000545e                SMPartitionWrite
                0x00000000000054b2                SMPartitionInfo
                0x0000000000005501                SMPathParentGet
                0x000000000000551e                SMPathPartitionGet
                0x00000000000055bb                SMPathPartitionStripDrive
                0x00000000000055e8                SMPathValidate
 .text          0x00000000000055f1        0x7 builds/obj/system/exec.o
 .text          0x00000000000055f8       0x72 builds/obj/system/hardware.o
                0x00000000000055f8                KeyGet
                0x0000000000005630                KeyWait
                0x0000000000005640                PITInit
                0x0000000000005655                Reboot
 .text          0x000000000000566a       0xe0 builds/obj/system/PIC.o
                0x000000000000566a                PICInit
                0x00000000000056c1                PICIntComplete
                0x00000000000056d2                PICIRQDisable
                0x00000000000056fb                PICIRQDisableAll
                0x000000000000570e                PICIRQEnable
                0x0000000000005737                PICIRQEnableAll
 .text          0x000000000000574a      0xbf4 builds/obj/system/interrupts.o
                0x000000000000574a                CriticalError
                0x0000000000005a2a                IDTInit
                0x0000000000005a74                InterruptHandlerGetAddress
                0x0000000000005aa3                InterruptHandlerGetFlags
                0x0000000000005ac8                InterruptHandlerGetSelector
                0x0000000000005aee                InterruptHandlerSet
                0x0000000000005b32                InterruptUnimplemented
                0x0000000000005b4f                ISRInitAll
                0x0000000000005ee6                ISR00
                0x0000000000005efb                ISR01
                0x0000000000005f12                ISR02
                0x0000000000005f2d                ISR03
                0x0000000000005f44                ISR04
                0x0000000000005f5f                ISR05
                0x0000000000005f7a                ISR06
                0x0000000000005f95                ISR07
                0x0000000000005fb0                ISR08
                0x0000000000005fcc                ISR09
                0x0000000000005fe7                ISR0A
                0x0000000000006003                ISR0B
                0x000000000000601f                ISR0C
                0x000000000000603b                ISR0D
                0x000000000000605a                ISR0E
                0x0000000000006076                ISR0F
                0x0000000000006091                ISR10
                0x00000000000060ac                ISR11
                0x00000000000060c8                ISR12
                0x00000000000060e3                ISR13
                0x00000000000060fe                ISR14
                0x0000000000006119                ISR15
                0x0000000000006134                ISR16
                0x000000000000614f                ISR17
                0x000000000000616a                ISR18
                0x0000000000006185                ISR19
                0x00000000000061a0                ISR1A
                0x00000000000061bb                ISR1B
                0x00000000000061d6                ISR1C
                0x00000000000061f1                ISR1D
                0x000000000000620c                ISR1E
                0x0000000000006228                ISR1F
                0x0000000000006243                ISR20
                0x0000000000006256                ISR21
                0x0000000000006268                ISR22
                0x000000000000627a                ISR23
                0x000000000000628c                ISR24
                0x0000000000006292                ISR25
                0x00000000000062a4                ISR26
                0x00000000000062aa                ISR27
                0x00000000000062b0                ISR28
                0x00000000000062c0                ISR29
                0x00000000000062d2                ISR2A
                0x00000000000062e4                ISR2B
                0x00000000000062f6                ISR2C
                0x0000000000006308                ISR2D
                0x000000000000631a                ISR2E
                0x000000000000632c                ISR2F
 .text          0x000000000000633e      0x4d8 builds/obj/system/PCI.o
                0x000000000000633e                PCIProbe
                0x000000000000635c                PCICalculateNext
                0x000000000000639b                PCIDeviceInitAll
                0x0000000000006508                PCIFunctionCheck
                0x0000000000006531                PCIFunctionCountGet
                0x0000000000006597                PCIFunctionNextGet
                0x00000000000065e5                PCIHandlerCommand
                0x0000000000006649                PCIHandlerGet
                0x000000000000666d                PCIHandlerSet
                0x0000000000006694                PCIInfoClassGet
                0x00000000000066b0                PCIInfoDeviceGet
                0x00000000000066cc                PCIInfoProgIfGet
                0x00000000000066ed                PCIInfoRevisionGet
                0x000000000000670b                PCIInfoSubclassGet
                0x000000000000672c                PCIInfoVendorGet
                0x000000000000674a                PCIRegisterRead
                0x0000000000006796                PCIRegisterReadAll
                0x00000000000067c7                PCIRegisterWrite
 .text          0x0000000000006816       0x33 builds/obj/system/CMOS.o
 .text          0x0000000000006849       0x32 builds/obj/system/power.o
 .text          0x000000000000687b        0x0 builds/obj/system/globals.o
 .text          0x000000000000687b      0xc30 builds/obj/system/memory.o
                0x000000000000687b                A20Check
                0x00000000000068c6                A20Enable
                0x0000000000006953                A20EnableBIOS
                0x000000000000695f                A20EnableFastA20
                0x000000000000696c                A20EnableKeyboardController
                0x00000000000069ba                A20EnablePortEE
                0x00000000000069c3                MemMapCopy
                0x0000000000006a17                MemAddressAlign
                0x0000000000006a39                MemAddressToBlock
                0x0000000000006a87                MemAllocate
                0x0000000000006b36                MemAllocateAligned
                0x0000000000006c19                MemCompare
                0x0000000000006c3e                MemCopy
                0x0000000000006c7f                MemDispose
                0x0000000000006cb6                MemFill
                0x0000000000006cd5                MemFindMostSuitable
                0x0000000000006d56                MemInit
                0x0000000000006f6d                MemMergeBlocks
                0x0000000000007045                MemSearchWord
                0x000000000000706b                MemSearchDWord
                0x000000000000708f                MemSearchString
                0x00000000000070e7                MemShrinkFromBeginning
                0x0000000000007197                MemShrinkFromEnd
                0x0000000000007246                MemSwapWordBytes
                0x0000000000007264                MemSwapDwordWords
                0x000000000000727f                Mem_Internal_MemListGrow
                0x00000000000072aa                Mem_Internal_MemListShrink
 .text          0x00000000000074ab      0x150 builds/obj/system/numbers.o
                0x00000000000074ab                BCDToDecimal
                0x00000000000074f4                RangeCheck
                0x000000000000750e                QuadAdd
                0x0000000000007537                QuadShiftLeft
                0x0000000000007580                QuadShiftRight
                0x00000000000075c7                Random
 .text          0x00000000000075fb       0x32 builds/obj/system/NKAPM.o
 .text          0x000000000000762d     0x119f builds/obj/system/debug.o
                0x000000000000762d                DebugCPUFeaturesEnable
                0x0000000000007645                DebugTraceDisable
                0x0000000000007655                DebugTraceEnable
                0x0000000000007665                Debugger
                0x0000000000007978                DebugInstacrash
                0x0000000000007984                DebugMemoryDetails
                0x0000000000007a53                DebugMenu
                0x0000000000007bc4                DebugPCIDevices
                0x0000000000007f7c                DebugRAMBrowser
                0x000000000000812d                DebugStackTrace
                0x0000000000008182                DebugSystemInfo
                0x000000000000847f                DebugTaskBrowser
                0x0000000000008790                DebugVBoxLogWrite
                0x00000000000087bc                DebugWaitForEscape
 .text          0x00000000000087cc      0x306 builds/obj/system/tasks.o
                0x00000000000087cc                TaskInit
                0x0000000000008823                TaskKill
                0x0000000000008884                TaskMemDisposeAll
                0x00000000000088c7                TaskNameSet
                0x0000000000008914                TaskNew
                0x0000000000008a00                TaskSwitch
 .text          0x0000000000008ad2       0x8a builds/obj/system/CPU.o
                0x0000000000008ad2                SetSystemCPUID
 .text          0x0000000000008b5c      0x175 builds/obj/system/RTC.o
                0x0000000000008b5c                RTCAdjustBCD
                0x0000000000008bce                RTCInit
                0x0000000000008c1c                RTCInterruptHandler
 .text          0x0000000000008cd1      0x148 builds/obj/system/paging.o
                0x0000000000008cd1                PagingInit
                0x0000000000008ce1                PagingMap
                0x0000000000008d29                PagingDirNew
 .text          0x0000000000008e19      0x123 builds/obj/system/GDT.o
 .text          0x0000000000008f3c      0x4b6 builds/obj/video/screen.o
                0x0000000000008f3c                Print16
                0x0000000000008fcd                PrintIfConfigBits16
                0x0000000000008fe5                PrintRegs16
                0x0000000000009053                ScreenClear16
                0x0000000000009084                ScreenScroll16
                0x00000000000090d2                CursorHome
                0x00000000000090e7                Print32
                0x00000000000091a7                PrintIfConfigBits32
                0x00000000000091e2                PrintRAM32
                0x00000000000092ab                PrintRegs32
                0x0000000000009381                ScreenClear32
                0x00000000000093b1                ScreenScroll32
 *(.rodata)

.data           0x00000000000093f4     0x165c
                0x00000000000093f4                data = .
 *(.data)
 .data          0x00000000000093f4      0x430 builds/obj/kernel.o
                0x00000000000097bc                tss.back_link
                0x00000000000097c0                tss.esp0
                0x00000000000097c4                tss.ss0
                0x00000000000097c8                tss.esp1
                0x00000000000097cc                tss.ss1
                0x00000000000097d0                tss.esp2
                0x00000000000097d4                tss.ss2
                0x00000000000097d8                tss.cr3
                0x00000000000097dc                tss.eip
                0x00000000000097e0                tss.eflags
                0x00000000000097e4                tss.eax
                0x00000000000097e8                tss.ecx
                0x00000000000097ec                tss.edx
                0x00000000000097f0                tss.ebx
                0x00000000000097f4                tss.esp
                0x00000000000097f8                tss.ebp
                0x00000000000097fc                tss.esi
                0x0000000000009800                tss.edi
                0x0000000000009804                tss.es
                0x0000000000009808                tss.cs
                0x000000000000980c                tss.ss
                0x0000000000009810                tss.ds
                0x0000000000009814                tss.fs
                0x0000000000009818                tss.gs
                0x000000000000981c                tss.ldt
                0x0000000000009820                tss.trap
                0x0000000000009822                tss.iomap_base
                0x0000000000009824                tss.end
 .data          0x0000000000009824       0x10 builds/obj/api/strings.o
 .data          0x0000000000009834      0x198 builds/obj/drivers/PS2Controller.o
 .data          0x00000000000099cc       0x32 builds/obj/drivers/IDEController.o
 .data          0x00000000000099fe        0xc builds/obj/drivers/FATFilesystem.o
 .data          0x0000000000009a0a        0x2 builds/obj/io/storage.o
 .data          0x0000000000009a0c        0x2 builds/obj/system/hardware.o
                0x0000000000009a0c                kKeyBufferWrite
                0x0000000000009a0d                kKeyBufferRead
 .data          0x0000000000009a0e      0x4da builds/obj/system/interrupts.o
                0x0000000000009a0e                kIDTPtr
 .data          0x0000000000009ee8       0x4b builds/obj/system/PCI.o
 .data          0x0000000000009f33       0xbd builds/obj/system/globals.o
                0x0000000000009f33                tSystem.configBitsHint$
                0x0000000000009f3d                tSystem.configBits
                0x0000000000009f41                tSystem.copyright$
                0x0000000000009f65                tSystem.versionMajor
                0x0000000000009f66                tSystem.versionMinor
                0x0000000000009f67                tSystem.versionBuild
                0x0000000000009f6b                tSystem.ticksSinceBoot
                0x0000000000009f6f                tSystem.currentTask
                0x0000000000009f73                tSystem.currentTaskSlotAddress
                0x0000000000009f77                tSystem.taskingEnable
                0x0000000000009f78                tSystem.taskStackSize
                0x0000000000009f7c                tSystem.taskKernelStackSize
                0x0000000000009f80                tSystem.multicoreAvailable
                0x0000000000009f81                tSystem.CPUIDVendor$
                0x0000000000009f91                tSystem.CPUIDBrand$
                0x0000000000009fd1                tSystem.CPUIDLargestBasicQuery
                0x0000000000009fd5                tSystem.CPUIDLargestExtendedQuery
                0x0000000000009fd9                tSystem.APMVersionMajor
                0x0000000000009fda                tSystem.APMVersionMinor
                0x0000000000009fdb                tSystem.APMFeatures
                0x0000000000009fdd                tSystem.mouseButtonCount
                0x0000000000009fde                tSystem.mouseButtons
                0x0000000000009fdf                tSystem.mousePacketByte0
                0x0000000000009fe0                tSystem.mousePacketByte1
                0x0000000000009fe1                tSystem.mousePacketByte2
                0x0000000000009fe2                tSystem.mousePacketByte3
                0x0000000000009fe3                tSystem.mousePacketByteSize
                0x0000000000009fe4                tSystem.mousePacketByteCount
                0x0000000000009fe5                tSystem.mouseWheelPresent
                0x0000000000009fe6                tSystem.mouseX
                0x0000000000009fe8                tSystem.mouseXLimit
                0x0000000000009fea                tSystem.mouseY
                0x0000000000009fec                tSystem.mouseYLimit
                0x0000000000009fee                tSystem.mouseZ
 .data          0x0000000000009ff0      0x152 builds/obj/system/memory.o
 .data          0x000000000000a142        0x4 builds/obj/system/numbers.o
 .data          0x000000000000a146        0x2 builds/obj/system/NKAPM.o
 .data          0x000000000000a148      0x7a8 builds/obj/system/debug.o
 .data          0x000000000000a8f0       0x5b builds/obj/system/RTC.o
 .data          0x000000000000a94b      0x105 builds/obj/video/screen.o
                0x000000000000a94b                gCursorX
                0x000000000000a94c                gCursorY
                0x000000000000a94d                gTextColor
                0x000000000000a94e                gBackColor
                0x000000000000a94f                kMaxLines
                0x000000000000a950                kBytesPerScreen

.bss            0x000000000000aa50      0x451
                0x000000000000aa50                bss = .
 *(.bss)
 .bss           0x000000000000aa50       0xb6 builds/obj/kernel.o
 .bss           0x000000000000ab06        0x4 builds/obj/system/hardware.o
                0x000000000000ab06                kKeyBufferAddress
 .bss           0x000000000000ab0a       0x50 builds/obj/system/interrupts.o
 .bss           0x000000000000ab5a       0x50 builds/obj/system/PCI.o
 .bss           0x000000000000abaa       0x66 builds/obj/system/globals.o
                0x000000000000abaa                tSystem.bitfieldPagesAllocated
                0x000000000000abae                tSystem.bitfieldPagesReserved
                0x000000000000abb2                tSystem.bitfieldSize
                0x000000000000abb6                tSystem.BIOSMemMapShadowPtr
                0x000000000000abba                tSystem.BIOSMemMapShadowEntries
                0x000000000000abbe                tSystem.BIOSMemMapShadowSize
                0x000000000000abc2                tSystem.memoryManagementSpace
                0x000000000000abc6                tSystem.memoryKiBInstalled
                0x000000000000abca                tSystem.memoryKiBUsable
                0x000000000000abce                tSystem.memoryInitialAvailableBytes
                0x000000000000abd2                tSystem.memoryKiBFree
                0x000000000000abd6                tSystem.listDrives
                0x000000000000abda                tSystem.listDriveLetters
                0x000000000000abde                tSystem.listFSHandlers
                0x000000000000abe2                tSystem.listPartitions
                0x000000000000abe6                tSystem.listPCIHandlers
                0x000000000000abea                tSystem.listTasks
                0x000000000000abee                tSystem.PCIDeviceCount
                0x000000000000abf2                tSystem.PCIVersion
                0x000000000000abf6                tSystem.PCICapabilities
                0x000000000000abfa                tSystem.PS2ControllerConfig
                0x000000000000abfb                tSystem.PS2ControllerPort1Status
                0x000000000000abfc                tSystem.PS2ControllerPort2Status
                0x000000000000abfd                tSystem.PS2ControllerDeviceID1
                0x000000000000abff                tSystem.PS2ControllerDeviceID2
                0x000000000000ac01                tSystem.RTCUpdateHandlerAddress
                0x000000000000ac05                tSystem.RTCStatusRegisterB
                0x000000000000ac06                tSystem.RTCHours
                0x000000000000ac07                tSystem.RTCMinutes
                0x000000000000ac08                tSystem.RTCSeconds
                0x000000000000ac09                tSystem.RTCYear
                0x000000000000ac0a                tSystem.RTCMonth
                0x000000000000ac0b                tSystem.RTCDay
                0x000000000000ac0c                tSystem.listMemory
 .bss           0x000000000000ac10      0x230 builds/obj/system/debug.o
 .bss           0x000000000000ae40       0x61 builds/obj/video/screen.o
                0x000000000000aea1                end = .
LOAD builds/obj/kernel.o
LOAD builds/obj/api/lists.o
LOAD builds/obj/api/misc.o
LOAD builds/obj/api/strings.o
LOAD builds/obj/drivers/PS2Controller.o
LOAD builds/obj/drivers/IDEController.o
LOAD builds/obj/drivers/FATFilesystem.o
LOAD builds/obj/io/serial.o
LOAD builds/obj/io/storage.o
LOAD builds/obj/system/exec.o
LOAD builds/obj/system/hardware.o
LOAD builds/obj/system/PIC.o
LOAD builds/obj/system/interrupts.o
LOAD builds/obj/system/PCI.o
LOAD builds/obj/system/CMOS.o
LOAD builds/obj/system/power.o
LOAD builds/obj/system/globals.o
LOAD builds/obj/system/memory.o
LOAD builds/obj/system/numbers.o
LOAD builds/obj/system/NKAPM.o
LOAD builds/obj/system/debug.o
LOAD builds/obj/system/tasks.o
LOAD builds/obj/system/CPU.o
LOAD builds/obj/system/RTC.o
LOAD builds/obj/system/paging.o
LOAD builds/obj/system/GDT.o
LOAD builds/obj/video/screen.o
OUTPUT(builds/KERNEL.SYS binary)

Cross Reference Table

Symbol                                            File
A20Check                                          builds/obj/system/memory.o
                                                  builds/obj/video/screen.o
                                                  builds/obj/system/paging.o
                                                  builds/obj/system/tasks.o
                                                  builds/obj/system/debug.o
                                                  builds/obj/system/PCI.o
                                                  builds/obj/system/interrupts.o
                                                  builds/obj/io/storage.o
                                                  builds/obj/drivers/FATFilesystem.o
                                                  builds/obj/drivers/IDEController.o
                                                  builds/obj/drivers/PS2Controller.o
                                                  builds/obj/api/strings.o
                                                  builds/obj/api/lists.o
                                                  builds/obj/kernel.o
A20Enable                                         builds/obj/system/memory.o
                                                  builds/obj/video/screen.o
                                                  builds/obj/system/paging.o
                                                  builds/obj/system/tasks.o
                                                  builds/obj/system/debug.o
                                                  builds/obj/system/PCI.o
                                                  builds/obj/system/interrupts.o
                                                  builds/obj/io/storage.o
                                                  builds/obj/drivers/FATFilesystem.o
                                                  builds/obj/drivers/IDEController.o
                                                  builds/obj/drivers/PS2Controller.o
                                                  builds/obj/api/strings.o
                                                  builds/obj/api/lists.o
                                                  builds/obj/kernel.o
A20EnableBIOS                                     builds/obj/system/memory.o
                                                  builds/obj/video/screen.o
                                                  builds/obj/system/paging.o
                                                  builds/obj/system/tasks.o
                                                  builds/obj/system/debug.o
                                                  builds/obj/system/PCI.o
                                                  builds/obj/system/interrupts.o
                                                  builds/obj/io/storage.o
                                                  builds/obj/drivers/FATFilesystem.o
                                                  builds/obj/drivers/IDEController.o
                                                  builds/obj/drivers/PS2Controller.o
                                                  builds/obj/api/strings.o
                                                  builds/obj/api/lists.o
                                                  builds/obj/kernel.o
A20EnableFastA20                                  builds/obj/system/memory.o
                                                  builds/obj/video/screen.o
                                                  builds/obj/system/paging.o
                                                  builds/obj/system/tasks.o
                                                  builds/obj/system/debug.o
                                                  builds/obj/system/PCI.o
                                                  builds/obj/system/interrupts.o
                                                  builds/obj/io/storage.o
                                                  builds/obj/drivers/FATFilesystem.o
                                                  builds/obj/drivers/IDEController.o
                                                  builds/obj/drivers/PS2Controller.o
                                                  builds/obj/api/strings.o
                                                  builds/obj/api/lists.o
                                                  builds/obj/kernel.o
A20EnableKeyboardController                       builds/obj/system/memory.o
                                                  builds/obj/video/screen.o
                                                  builds/obj/system/paging.o
                                                  builds/obj/system/tasks.o
                                                  builds/obj/system/debug.o
                                                  builds/obj/system/PCI.o
                                                  builds/obj/system/interrupts.o
                                                  builds/obj/io/storage.o
                                                  builds/obj/drivers/FATFilesystem.o
                                                  builds/obj/drivers/IDEController.o
                                                  builds/obj/drivers/PS2Controller.o
                                                  builds/obj/api/strings.o
                                                  builds/obj/api/lists.o
                                                  builds/obj/kernel.o
A20EnablePortEE                                   builds/obj/system/memory.o
                                                  builds/obj/video/screen.o
                                                  builds/obj/system/paging.o
                                                  builds/obj/system/tasks.o
                                                  builds/obj/system/debug.o
                                                  builds/obj/system/PCI.o
                                                  builds/obj/system/interrupts.o
                                                  builds/obj/io/storage.o
                                                  builds/obj/drivers/FATFilesystem.o
                                                  builds/obj/drivers/IDEController.o
                                                  builds/obj/drivers/PS2Controller.o
                                                  builds/obj/api/strings.o
                                                  builds/obj/api/lists.o
                                                  builds/obj/kernel.o
BCDToDecimal                                      builds/obj/system/numbers.o
                                                  builds/obj/system/RTC.o
                                                  builds/obj/system/debug.o
                                                  builds/obj/system/memory.o
                                                  builds/obj/io/storage.o
                                                  builds/obj/drivers/FATFilesystem.o
                                                  builds/obj/api/strings.o
ConvertByteToHexString16                          builds/obj/api/strings.o
                                                  builds/obj/video/screen.o
                                                  builds/obj/system/tasks.o
                                                  builds/obj/system/debug.o
                                                  builds/obj/system/memory.o
                                                  builds/obj/system/PCI.o
                                                  builds/obj/system/interrupts.o
                                                  builds/obj/io/storage.o
                                                  builds/obj/drivers/FATFilesystem.o
                                                  builds/obj/kernel.o
ConvertNumberBinaryToString                       builds/obj/api/strings.o
                                                  builds/obj/video/screen.o
                                                  builds/obj/system/tasks.o
                                                  builds/obj/system/debug.o
                                                  builds/obj/system/memory.o
                                                  builds/obj/system/PCI.o
                                                  builds/obj/system/interrupts.o
                                                  builds/obj/io/storage.o
                                                  builds/obj/drivers/FATFilesystem.o
                                                  builds/obj/kernel.o
ConvertNumberDecimalToString                      builds/obj/api/strings.o
                                                  builds/obj/video/screen.o
                                                  builds/obj/system/tasks.o
                                                  builds/obj/system/debug.o
                                                  builds/obj/system/memory.o
                                                  builds/obj/system/PCI.o
                                                  builds/obj/system/interrupts.o
                                                  builds/obj/io/storage.o
                                                  builds/obj/drivers/FATFilesystem.o
                                                  builds/obj/kernel.o
ConvertNumberHexToString                          builds/obj/api/strings.o
                                                  builds/obj/video/screen.o
                                                  builds/obj/system/tasks.o
                                                  builds/obj/system/debug.o
                                                  builds/obj/system/memory.o
                                                  builds/obj/system/PCI.o
                                                  builds/obj/system/interrupts.o
                                                  builds/obj/io/storage.o
                                                  builds/obj/drivers/FATFilesystem.o
                                                  builds/obj/kernel.o
ConvertNumberOctalToString                        builds/obj/api/strings.o
                                                  builds/obj/video/screen.o
                                                  builds/obj/system/tasks.o
                                                  builds/obj/system/debug.o
                                                  builds/obj/system/memory.o
                                                  builds/obj/system/PCI.o
                                                  builds/obj/system/interrupts.o
                                                  builds/obj/io/storage.o
                                                  builds/obj/drivers/FATFilesystem.o
                                                  builds/obj/kernel.o
ConvertStringBinaryToNumber                       builds/obj/api/strings.o
                                                  builds/obj/video/screen.o
                                                  builds/obj/system/tasks.o
                                                  builds/obj/system/debug.o
                                                  builds/obj/system/memory.o
                                                  builds/obj/system/PCI.o
                                                  builds/obj/system/interrupts.o
                                                  builds/obj/io/storage.o
                                                  builds/obj/drivers/FATFilesystem.o
                                                  builds/obj/kernel.o
ConvertStringDecimalToNumber                      builds/obj/api/strings.o
                                                  builds/obj/video/screen.o
                                                  builds/obj/system/tasks.o
                                                  builds/obj/system/debug.o
                                                  builds/obj/system/memory.o
                                                  builds/obj/system/PCI.o
                                                  builds/obj/system/interrupts.o
                                                  builds/obj/io/storage.o
                                                  builds/obj/drivers/FATFilesystem.o
                                                  builds/obj/kernel.o
ConvertStringHexToNumber                          builds/obj/api/strings.o
                                                  builds/obj/video/screen.o
                                                  builds/obj/system/tasks.o
                                                  builds/obj/system/debug.o
                                                  builds/obj/system/memory.o
                                                  builds/obj/system/PCI.o
                                                  builds/obj/system/interrupts.o
                                                  builds/obj/io/storage.o
                                                  builds/obj/drivers/FATFilesystem.o
                                                  builds/obj/kernel.o
ConvertStringOctalToNumber                        builds/obj/api/strings.o
                                                  builds/obj/video/screen.o
                                                  builds/obj/system/tasks.o
                                                  builds/obj/system/debug.o
                                                  builds/obj/system/memory.o
                                                  builds/obj/system/PCI.o
                                                  builds/obj/system/interrupts.o
                                                  builds/obj/io/storage.o
                                                  builds/obj/drivers/FATFilesystem.o
                                                  builds/obj/kernel.o
ConvertWordToHexString16                          builds/obj/api/strings.o
                                                  builds/obj/video/screen.o
                                                  builds/obj/system/tasks.o
                                                  builds/obj/system/debug.o
                                                  builds/obj/system/memory.o
                                                  builds/obj/system/PCI.o
                                                  builds/obj/system/interrupts.o
                                                  builds/obj/io/storage.o
                                                  builds/obj/drivers/FATFilesystem.o
                                                  builds/obj/kernel.o
CriticalError                                     builds/obj/system/interrupts.o
                                                  builds/obj/drivers/IDEController.o
                                                  builds/obj/drivers/PS2Controller.o
                                                  builds/obj/kernel.o
CursorHome                                        builds/obj/video/screen.o
                                                  builds/obj/system/RTC.o
                                                  builds/obj/system/debug.o
                                                  builds/obj/system/memory.o
                                                  builds/obj/system/PCI.o
                                                  builds/obj/system/interrupts.o
                                                  builds/obj/drivers/IDEController.o
                                                  builds/obj/drivers/PS2Controller.o
                                                  builds/obj/api/misc.o
                                                  builds/obj/kernel.o
DebugCPUFeaturesEnable                            builds/obj/system/debug.o
                                                  builds/obj/system/interrupts.o
                                                  builds/obj/kernel.o
DebugInstacrash                                   builds/obj/system/debug.o
                                                  builds/obj/system/interrupts.o
                                                  builds/obj/kernel.o
DebugMemoryDetails                                builds/obj/system/debug.o
                                                  builds/obj/system/interrupts.o
                                                  builds/obj/kernel.o
DebugMenu                                         builds/obj/system/debug.o
                                                  builds/obj/system/interrupts.o
                                                  builds/obj/kernel.o
DebugPCIDevices                                   builds/obj/system/debug.o
                                                  builds/obj/system/interrupts.o
                                                  builds/obj/kernel.o
DebugRAMBrowser                                   builds/obj/system/debug.o
                                                  builds/obj/system/interrupts.o
                                                  builds/obj/kernel.o
DebugStackTrace                                   builds/obj/system/debug.o
                                                  builds/obj/system/interrupts.o
                                                  builds/obj/kernel.o
DebugSystemInfo                                   builds/obj/system/debug.o
                                                  builds/obj/system/interrupts.o
                                                  builds/obj/kernel.o
DebugTaskBrowser                                  builds/obj/system/debug.o
                                                  builds/obj/system/interrupts.o
                                                  builds/obj/kernel.o
DebugTraceDisable                                 builds/obj/system/debug.o
                                                  builds/obj/system/interrupts.o
                                                  builds/obj/kernel.o
DebugTraceEnable                                  builds/obj/system/debug.o
                                                  builds/obj/system/interrupts.o
                                                  builds/obj/kernel.o
DebugVBoxLogWrite                                 builds/obj/system/debug.o
                                                  builds/obj/system/interrupts.o
                                                  builds/obj/kernel.o
DebugWaitForEscape                                builds/obj/system/debug.o
                                                  builds/obj/system/interrupts.o
                                                  builds/obj/kernel.o
Debugger                                          builds/obj/system/debug.o
                                                  builds/obj/system/interrupts.o
                                                  builds/obj/kernel.o
FAT16CalcLBAClusterToSector                       builds/obj/drivers/FATFilesystem.o
                                                  builds/obj/kernel.o
FAT16CalcSpaceNeeded                              builds/obj/drivers/FATFilesystem.o
                                                  builds/obj/kernel.o
FAT16CalcTableElementFromCluster                  builds/obj/drivers/FATFilesystem.o
                                                  builds/obj/kernel.o
FAT16ChainDelete                                  builds/obj/drivers/FATFilesystem.o
                                                  builds/obj/kernel.o
FAT16ChainGrow                                    builds/obj/drivers/FATFilesystem.o
                                                  builds/obj/kernel.o
FAT16ChainLength                                  builds/obj/drivers/FATFilesystem.o
                                                  builds/obj/kernel.o
FAT16ChainRead                                    builds/obj/drivers/FATFilesystem.o
                                                  builds/obj/kernel.o
FAT16ChainResize                                  builds/obj/drivers/FATFilesystem.o
                                                  builds/obj/kernel.o
FAT16ChainShrink                                  builds/obj/drivers/FATFilesystem.o
                                                  builds/obj/kernel.o
FAT16ChainWrite                                   builds/obj/drivers/FATFilesystem.o
                                                  builds/obj/kernel.o
FAT16ClusterFreeFirstGet                          builds/obj/drivers/FATFilesystem.o
                                                  builds/obj/kernel.o
FAT16ClusterFreeTotalGet                          builds/obj/drivers/FATFilesystem.o
                                                  builds/obj/kernel.o
FAT16ClusterNextGet                               builds/obj/drivers/FATFilesystem.o
                                                  builds/obj/kernel.o
FAT16ClusterNextSet                               builds/obj/drivers/FATFilesystem.o
                                                  builds/obj/kernel.o
FAT16EntryBuild                                   builds/obj/drivers/FATFilesystem.o
                                                  builds/obj/kernel.o
FAT16FATBackup                                    builds/obj/drivers/FATFilesystem.o
                                                  builds/obj/kernel.o
FAT16FileWrite                                    builds/obj/drivers/FATFilesystem.o
                                                  builds/obj/kernel.o
FAT16ItemCount                                    builds/obj/drivers/FATFilesystem.o
                                                  builds/obj/kernel.o
FAT16ItemDelete                                   builds/obj/drivers/FATFilesystem.o
                                                  builds/obj/kernel.o
FAT16ItemExists                                   builds/obj/drivers/FATFilesystem.o
                                                  builds/obj/kernel.o
FAT16ItemInfoAccessedGet                          builds/obj/drivers/FATFilesystem.o
                                                  builds/obj/kernel.o
FAT16ItemInfoCreatedGet                           builds/obj/drivers/FATFilesystem.o
                                                  builds/obj/kernel.o
FAT16ItemInfoModifiedGet                          builds/obj/drivers/FATFilesystem.o
                                                  builds/obj/kernel.o
FAT16ItemInfoSizeGet                              builds/obj/drivers/FATFilesystem.o
                                                  builds/obj/kernel.o
FAT16ItemLoad                                     builds/obj/drivers/FATFilesystem.o
                                                  builds/obj/kernel.o
FAT16ItemMatch                                    builds/obj/drivers/FATFilesystem.o
                                                  builds/obj/kernel.o
FAT16ItemNew                                      builds/obj/drivers/FATFilesystem.o
                                                  builds/obj/kernel.o
FAT16ItemStore                                    builds/obj/drivers/FATFilesystem.o
                                                  builds/obj/kernel.o
FAT16PartitionCacheData                           builds/obj/drivers/FATFilesystem.o
                                                  builds/obj/kernel.o
FAT16PartitionInfo                                builds/obj/drivers/FATFilesystem.o
                                                  builds/obj/kernel.o
FAT16PathCanonicalize                             builds/obj/drivers/FATFilesystem.o
                                                  builds/obj/kernel.o
FAT16ServiceHandler                               builds/obj/drivers/FATFilesystem.o
                                                  builds/obj/kernel.o
FAT32ServiceHandler                               builds/obj/drivers/FATFilesystem.o
                                                  builds/obj/kernel.o
FATDecodeDate                                     builds/obj/drivers/FATFilesystem.o
                                                  builds/obj/kernel.o
FATDecodeTime                                     builds/obj/drivers/FATFilesystem.o
                                                  builds/obj/kernel.o
FATEncodeDate                                     builds/obj/drivers/FATFilesystem.o
                                                  builds/obj/kernel.o
FATEncodeFilename                                 builds/obj/drivers/FATFilesystem.o
                                                  builds/obj/kernel.o
FATEncodeTime                                     builds/obj/drivers/FATFilesystem.o
                                                  builds/obj/kernel.o
Fail                                              builds/obj/api/misc.o
                                                  builds/obj/system/interrupts.o
                                                  builds/obj/drivers/PS2Controller.o
                                                  builds/obj/kernel.o
IDEATAPISectorReadPIO                             builds/obj/drivers/IDEController.o
                                                  builds/obj/kernel.o
IDEATASectorReadLBA28PIO                          builds/obj/drivers/IDEController.o
                                                  builds/obj/kernel.o
IDEATASectorWriteLBA28PIO                         builds/obj/drivers/IDEController.o
                                                  builds/obj/kernel.o
IDEDetectChannelDevices                           builds/obj/kernel.o
IDEDriveIdentify                                  builds/obj/drivers/IDEController.o
                                                  builds/obj/kernel.o
IDEInit                                           builds/obj/drivers/IDEController.o
                                                  builds/obj/kernel.o
IDEInterruptHandlerPrimary                        builds/obj/drivers/IDEController.o
                                                  builds/obj/kernel.o
IDEInterruptHandlerSecondary                      builds/obj/drivers/IDEController.o
                                                  builds/obj/kernel.o
IDEServiceHandler                                 builds/obj/drivers/IDEController.o
                                                  builds/obj/kernel.o
IDEWaitForReady                                   builds/obj/drivers/IDEController.o
                                                  builds/obj/kernel.o
IDTInit                                           builds/obj/system/interrupts.o
                                                  builds/obj/drivers/IDEController.o
                                                  builds/obj/drivers/PS2Controller.o
                                                  builds/obj/kernel.o
ISR00                                             builds/obj/system/interrupts.o
                                                  builds/obj/drivers/IDEController.o
                                                  builds/obj/drivers/PS2Controller.o
                                                  builds/obj/kernel.o
ISR01                                             builds/obj/system/interrupts.o
                                                  builds/obj/drivers/IDEController.o
                                                  builds/obj/drivers/PS2Controller.o
                                                  builds/obj/kernel.o
ISR02                                             builds/obj/system/interrupts.o
                                                  builds/obj/drivers/IDEController.o
                                                  builds/obj/drivers/PS2Controller.o
                                                  builds/obj/kernel.o
ISR03                                             builds/obj/system/interrupts.o
                                                  builds/obj/drivers/IDEController.o
                                                  builds/obj/drivers/PS2Controller.o
                                                  builds/obj/kernel.o
ISR04                                             builds/obj/system/interrupts.o
                                                  builds/obj/drivers/IDEController.o
                                                  builds/obj/drivers/PS2Controller.o
                                                  builds/obj/kernel.o
ISR05                                             builds/obj/system/interrupts.o
                                                  builds/obj/drivers/IDEController.o
                                                  builds/obj/drivers/PS2Controller.o
                                                  builds/obj/kernel.o
ISR06                                             builds/obj/system/interrupts.o
                                                  builds/obj/drivers/IDEController.o
                                                  builds/obj/drivers/PS2Controller.o
                                                  builds/obj/kernel.o
ISR07                                             builds/obj/system/interrupts.o
                                                  builds/obj/drivers/IDEController.o
                                                  builds/obj/drivers/PS2Controller.o
                                                  builds/obj/kernel.o
ISR08                                             builds/obj/system/interrupts.o
                                                  builds/obj/drivers/IDEController.o
                                                  builds/obj/drivers/PS2Controller.o
                                                  builds/obj/kernel.o
ISR09                                             builds/obj/system/interrupts.o
                                                  builds/obj/drivers/IDEController.o
                                                  builds/obj/drivers/PS2Controller.o
                                                  builds/obj/kernel.o
ISR0A                                             builds/obj/system/interrupts.o
                                                  builds/obj/drivers/IDEController.o
                                                  builds/obj/drivers/PS2Controller.o
                                                  builds/obj/kernel.o
ISR0B                                             builds/obj/system/interrupts.o
                                                  builds/obj/drivers/IDEController.o
                                                  builds/obj/drivers/PS2Controller.o
                                                  builds/obj/kernel.o
ISR0C                                             builds/obj/system/interrupts.o
                                                  builds/obj/drivers/IDEController.o
                                                  builds/obj/drivers/PS2Controller.o
                                                  builds/obj/kernel.o
ISR0D                                             builds/obj/system/interrupts.o
                                                  builds/obj/drivers/IDEController.o
                                                  builds/obj/drivers/PS2Controller.o
                                                  builds/obj/kernel.o
ISR0E                                             builds/obj/system/interrupts.o
                                                  builds/obj/drivers/IDEController.o
                                                  builds/obj/drivers/PS2Controller.o
                                                  builds/obj/kernel.o
ISR0F                                             builds/obj/system/interrupts.o
                                                  builds/obj/drivers/IDEController.o
                                                  builds/obj/drivers/PS2Controller.o
                                                  builds/obj/kernel.o
ISR10                                             builds/obj/system/interrupts.o
                                                  builds/obj/drivers/IDEController.o
                                                  builds/obj/drivers/PS2Controller.o
                                                  builds/obj/kernel.o
ISR11                                             builds/obj/system/interrupts.o
                                                  builds/obj/drivers/IDEController.o
                                                  builds/obj/drivers/PS2Controller.o
                                                  builds/obj/kernel.o
ISR12                                             builds/obj/system/interrupts.o
                                                  builds/obj/drivers/IDEController.o
                                                  builds/obj/drivers/PS2Controller.o
                                                  builds/obj/kernel.o
ISR13                                             builds/obj/system/interrupts.o
                                                  builds/obj/drivers/IDEController.o
                                                  builds/obj/drivers/PS2Controller.o
                                                  builds/obj/kernel.o
ISR14                                             builds/obj/system/interrupts.o
                                                  builds/obj/drivers/IDEController.o
                                                  builds/obj/drivers/PS2Controller.o
                                                  builds/obj/kernel.o
ISR15                                             builds/obj/system/interrupts.o
                                                  builds/obj/drivers/IDEController.o
                                                  builds/obj/drivers/PS2Controller.o
                                                  builds/obj/kernel.o
ISR16                                             builds/obj/system/interrupts.o
                                                  builds/obj/drivers/IDEController.o
                                                  builds/obj/drivers/PS2Controller.o
                                                  builds/obj/kernel.o
ISR17                                             builds/obj/system/interrupts.o
                                                  builds/obj/drivers/IDEController.o
                                                  builds/obj/drivers/PS2Controller.o
                                                  builds/obj/kernel.o
ISR18                                             builds/obj/system/interrupts.o
                                                  builds/obj/drivers/IDEController.o
                                                  builds/obj/drivers/PS2Controller.o
                                                  builds/obj/kernel.o
ISR19                                             builds/obj/system/interrupts.o
                                                  builds/obj/drivers/IDEController.o
                                                  builds/obj/drivers/PS2Controller.o
                                                  builds/obj/kernel.o
ISR1A                                             builds/obj/system/interrupts.o
                                                  builds/obj/drivers/IDEController.o
                                                  builds/obj/drivers/PS2Controller.o
                                                  builds/obj/kernel.o
ISR1B                                             builds/obj/system/interrupts.o
                                                  builds/obj/drivers/IDEController.o
                                                  builds/obj/drivers/PS2Controller.o
                                                  builds/obj/kernel.o
ISR1C                                             builds/obj/system/interrupts.o
                                                  builds/obj/drivers/IDEController.o
                                                  builds/obj/drivers/PS2Controller.o
                                                  builds/obj/kernel.o
ISR1D                                             builds/obj/system/interrupts.o
                                                  builds/obj/drivers/IDEController.o
                                                  builds/obj/drivers/PS2Controller.o
                                                  builds/obj/kernel.o
ISR1E                                             builds/obj/system/interrupts.o
                                                  builds/obj/drivers/IDEController.o
                                                  builds/obj/drivers/PS2Controller.o
                                                  builds/obj/kernel.o
ISR1F                                             builds/obj/system/interrupts.o
                                                  builds/obj/drivers/IDEController.o
                                                  builds/obj/drivers/PS2Controller.o
                                                  builds/obj/kernel.o
ISR20                                             builds/obj/system/interrupts.o
                                                  builds/obj/drivers/IDEController.o
                                                  builds/obj/drivers/PS2Controller.o
                                                  builds/obj/kernel.o
ISR21                                             builds/obj/system/interrupts.o
                                                  builds/obj/drivers/IDEController.o
                                                  builds/obj/drivers/PS2Controller.o
                                                  builds/obj/kernel.o
ISR22                                             builds/obj/system/interrupts.o
                                                  builds/obj/drivers/IDEController.o
                                                  builds/obj/drivers/PS2Controller.o
                                                  builds/obj/kernel.o
ISR23                                             builds/obj/system/interrupts.o
                                                  builds/obj/drivers/IDEController.o
                                                  builds/obj/drivers/PS2Controller.o
                                                  builds/obj/kernel.o
ISR24                                             builds/obj/system/interrupts.o
                                                  builds/obj/drivers/IDEController.o
                                                  builds/obj/drivers/PS2Controller.o
                                                  builds/obj/kernel.o
ISR25                                             builds/obj/system/interrupts.o
                                                  builds/obj/drivers/IDEController.o
                                                  builds/obj/drivers/PS2Controller.o
                                                  builds/obj/kernel.o
ISR26                                             builds/obj/system/interrupts.o
                                                  builds/obj/drivers/IDEController.o
                                                  builds/obj/drivers/PS2Controller.o
                                                  builds/obj/kernel.o
ISR27                                             builds/obj/system/interrupts.o
                                                  builds/obj/drivers/IDEController.o
                                                  builds/obj/drivers/PS2Controller.o
                                                  builds/obj/kernel.o
ISR28                                             builds/obj/system/interrupts.o
                                                  builds/obj/drivers/IDEController.o
                                                  builds/obj/drivers/PS2Controller.o
                                                  builds/obj/kernel.o
ISR29                                             builds/obj/system/interrupts.o
                                                  builds/obj/drivers/IDEController.o
                                                  builds/obj/drivers/PS2Controller.o
                                                  builds/obj/kernel.o
ISR2A                                             builds/obj/system/interrupts.o
                                                  builds/obj/drivers/IDEController.o
                                                  builds/obj/drivers/PS2Controller.o
                                                  builds/obj/kernel.o
ISR2B                                             builds/obj/system/interrupts.o
                                                  builds/obj/drivers/IDEController.o
                                                  builds/obj/drivers/PS2Controller.o
                                                  builds/obj/kernel.o
ISR2C                                             builds/obj/system/interrupts.o
                                                  builds/obj/drivers/IDEController.o
                                                  builds/obj/drivers/PS2Controller.o
                                                  builds/obj/kernel.o
ISR2D                                             builds/obj/system/interrupts.o
                                                  builds/obj/drivers/IDEController.o
                                                  builds/obj/drivers/PS2Controller.o
                                                  builds/obj/kernel.o
ISR2E                                             builds/obj/system/interrupts.o
                                                  builds/obj/drivers/IDEController.o
                                                  builds/obj/drivers/PS2Controller.o
                                                  builds/obj/kernel.o
ISR2F                                             builds/obj/system/interrupts.o
                                                  builds/obj/drivers/IDEController.o
                                                  builds/obj/drivers/PS2Controller.o
                                                  builds/obj/kernel.o
ISRInitAll                                        builds/obj/system/interrupts.o
                                                  builds/obj/drivers/IDEController.o
                                                  builds/obj/drivers/PS2Controller.o
                                                  builds/obj/kernel.o
InterruptHandlerGetAddress                        builds/obj/system/interrupts.o
                                                  builds/obj/drivers/IDEController.o
                                                  builds/obj/drivers/PS2Controller.o
                                                  builds/obj/kernel.o
InterruptHandlerGetFlags                          builds/obj/system/interrupts.o
                                                  builds/obj/drivers/IDEController.o
                                                  builds/obj/drivers/PS2Controller.o
                                                  builds/obj/kernel.o
InterruptHandlerGetSelector                       builds/obj/system/interrupts.o
                                                  builds/obj/drivers/IDEController.o
                                                  builds/obj/drivers/PS2Controller.o
                                                  builds/obj/kernel.o
InterruptHandlerSet                               builds/obj/system/interrupts.o
                                                  builds/obj/drivers/IDEController.o
                                                  builds/obj/drivers/PS2Controller.o
                                                  builds/obj/kernel.o
InterruptUnimplemented                            builds/obj/system/interrupts.o
                                                  builds/obj/drivers/IDEController.o
                                                  builds/obj/drivers/PS2Controller.o
                                                  builds/obj/kernel.o
KeyGet                                            builds/obj/system/hardware.o
                                                  builds/obj/system/debug.o
                                                  builds/obj/system/interrupts.o
                                                  builds/obj/drivers/PS2Controller.o
                                                  builds/obj/kernel.o
KeyWait                                           builds/obj/system/hardware.o
                                                  builds/obj/system/debug.o
                                                  builds/obj/system/interrupts.o
                                                  builds/obj/drivers/PS2Controller.o
                                                  builds/obj/kernel.o
LMBitClear                                        builds/obj/api/lists.o
                                                  builds/obj/system/tasks.o
                                                  builds/obj/system/debug.o
                                                  builds/obj/system/memory.o
                                                  builds/obj/system/PCI.o
                                                  builds/obj/io/storage.o
                                                  builds/obj/drivers/FATFilesystem.o
                                                  builds/obj/drivers/IDEController.o
                                                  builds/obj/kernel.o
LMBitClearRange                                   builds/obj/api/lists.o
                                                  builds/obj/system/tasks.o
                                                  builds/obj/system/debug.o
                                                  builds/obj/system/memory.o
                                                  builds/obj/system/PCI.o
                                                  builds/obj/io/storage.o
                                                  builds/obj/drivers/FATFilesystem.o
                                                  builds/obj/drivers/IDEController.o
                                                  builds/obj/kernel.o
LMBitFlip                                         builds/obj/api/lists.o
                                                  builds/obj/system/tasks.o
                                                  builds/obj/system/debug.o
                                                  builds/obj/system/memory.o
[...]
                                                  builds/obj/system/RTC.o
                                                  builds/obj/system/CPU.o
                                                  builds/obj/system/tasks.o
                                                  builds/obj/system/debug.o
                                                  builds/obj/system/memory.o
                                                  builds/obj/system/PCI.o
                                                  builds/obj/system/interrupts.o
                                                  builds/obj/io/storage.o
                                                  builds/obj/io/serial.o
                                                  builds/obj/drivers/FATFilesystem.o
                                                  builds/obj/drivers/IDEController.o
                                                  builds/obj/drivers/PS2Controller.o
                                                  builds/obj/api/misc.o
                                                  builds/obj/kernel.o
tSystem.mouseXLimit                               builds/obj/system/globals.o
                                                  builds/obj/video/screen.o
                                                  builds/obj/system/RTC.o
                                                  builds/obj/system/CPU.o
                                                  builds/obj/system/tasks.o
                                                  builds/obj/system/debug.o
                                                  builds/obj/system/memory.o
                                                  builds/obj/system/PCI.o
                                                  builds/obj/system/interrupts.o
                                                  builds/obj/io/storage.o
                                                  builds/obj/io/serial.o
                                                  builds/obj/drivers/FATFilesystem.o
                                                  builds/obj/drivers/IDEController.o
                                                  builds/obj/drivers/PS2Controller.o
                                                  builds/obj/api/misc.o
                                                  builds/obj/kernel.o
tSystem.mouseY                                    builds/obj/system/globals.o
                                                  builds/obj/video/screen.o
                                                  builds/obj/system/RTC.o
                                                  builds/obj/system/CPU.o
                                                  builds/obj/system/tasks.o
                                                  builds/obj/system/debug.o
                                                  builds/obj/system/memory.o
                                                  builds/obj/system/PCI.o
                                                  builds/obj/system/interrupts.o
                                                  builds/obj/io/storage.o
                                                  builds/obj/io/serial.o
                                                  builds/obj/drivers/FATFilesystem.o
                                                  builds/obj/drivers/IDEController.o
                                                  builds/obj/drivers/PS2Controller.o
                                                  builds/obj/api/misc.o
                                                  builds/obj/kernel.o
tSystem.mouseYLimit                               builds/obj/system/globals.o
                                                  builds/obj/video/screen.o
                                                  builds/obj/system/RTC.o
                                                  builds/obj/system/CPU.o
                                                  builds/obj/system/tasks.o
                                                  builds/obj/system/debug.o
                                                  builds/obj/system/memory.o
                                                  builds/obj/system/PCI.o
                                                  builds/obj/system/interrupts.o
                                                  builds/obj/io/storage.o
                                                  builds/obj/io/serial.o
                                                  builds/obj/drivers/FATFilesystem.o
                                                  builds/obj/drivers/IDEController.o
                                                  builds/obj/drivers/PS2Controller.o
                                                  builds/obj/api/misc.o
                                                  builds/obj/kernel.o
tSystem.mouseZ                                    builds/obj/system/globals.o
                                                  builds/obj/video/screen.o
                                                  builds/obj/system/RTC.o
                                                  builds/obj/system/CPU.o
                                                  builds/obj/system/tasks.o
                                                  builds/obj/system/debug.o
                                                  builds/obj/system/memory.o
                                                  builds/obj/system/PCI.o
                                                  builds/obj/system/interrupts.o
                                                  builds/obj/io/storage.o
                                                  builds/obj/io/serial.o
                                                  builds/obj/drivers/FATFilesystem.o
                                                  builds/obj/drivers/IDEController.o
                                                  builds/obj/drivers/PS2Controller.o
                                                  builds/obj/api/misc.o
                                                  builds/obj/kernel.o
tSystem.multicoreAvailable                        builds/obj/system/globals.o
                                                  builds/obj/video/screen.o
                                                  builds/obj/system/RTC.o
                                                  builds/obj/system/CPU.o
                                                  builds/obj/system/tasks.o
                                                  builds/obj/system/debug.o
                                                  builds/obj/system/memory.o
                                                  builds/obj/system/PCI.o
                                                  builds/obj/system/interrupts.o
                                                  builds/obj/io/storage.o
                                                  builds/obj/io/serial.o
                                                  builds/obj/drivers/FATFilesystem.o
                                                  builds/obj/drivers/IDEController.o
                                                  builds/obj/drivers/PS2Controller.o
                                                  builds/obj/api/misc.o
                                                  builds/obj/kernel.o
tSystem.taskKernelStackSize                       builds/obj/system/globals.o
                                                  builds/obj/video/screen.o
                                                  builds/obj/system/RTC.o
                                                  builds/obj/system/CPU.o
                                                  builds/obj/system/tasks.o
                                                  builds/obj/system/debug.o
                                                  builds/obj/system/memory.o
                                                  builds/obj/system/PCI.o
                                                  builds/obj/system/interrupts.o
                                                  builds/obj/io/storage.o
                                                  builds/obj/io/serial.o
                                                  builds/obj/drivers/FATFilesystem.o
                                                  builds/obj/drivers/IDEController.o
                                                  builds/obj/drivers/PS2Controller.o
                                                  builds/obj/api/misc.o
                                                  builds/obj/kernel.o
tSystem.taskStackSize                             builds/obj/system/globals.o
                                                  builds/obj/video/screen.o
                                                  builds/obj/system/RTC.o
                                                  builds/obj/system/CPU.o
                                                  builds/obj/system/tasks.o
                                                  builds/obj/system/debug.o
                                                  builds/obj/system/memory.o
                                                  builds/obj/system/PCI.o
                                                  builds/obj/system/interrupts.o
                                                  builds/obj/io/storage.o
                                                  builds/obj/io/serial.o
                                                  builds/obj/drivers/FATFilesystem.o
                                                  builds/obj/drivers/IDEController.o
                                                  builds/obj/drivers/PS2Controller.o
                                                  builds/obj/api/misc.o
                                                  builds/obj/kernel.o
tSystem.taskingEnable                             builds/obj/system/globals.o
                                                  builds/obj/video/screen.o
                                                  builds/obj/system/RTC.o
                                                  builds/obj/system/CPU.o
                                                  builds/obj/system/tasks.o
                                                  builds/obj/system/debug.o
                                                  builds/obj/system/memory.o
                                                  builds/obj/system/PCI.o
                                                  builds/obj/system/interrupts.o
                                                  builds/obj/io/storage.o
                                                  builds/obj/io/serial.o
                                                  builds/obj/drivers/FATFilesystem.o
                                                  builds/obj/drivers/IDEController.o
                                                  builds/obj/drivers/PS2Controller.o
                                                  builds/obj/api/misc.o
                                                  builds/obj/kernel.o
tSystem.ticksSinceBoot                            builds/obj/system/globals.o
                                                  builds/obj/video/screen.o
                                                  builds/obj/system/RTC.o
                                                  builds/obj/system/CPU.o
                                                  builds/obj/system/tasks.o
                                                  builds/obj/system/debug.o
                                                  builds/obj/system/memory.o
                                                  builds/obj/system/PCI.o
                                                  builds/obj/system/interrupts.o
                                                  builds/obj/io/storage.o
                                                  builds/obj/io/serial.o
                                                  builds/obj/drivers/FATFilesystem.o
                                                  builds/obj/drivers/IDEController.o
                                                  builds/obj/drivers/PS2Controller.o
                                                  builds/obj/api/misc.o
                                                  builds/obj/kernel.o
tSystem.versionBuild                              builds/obj/system/globals.o
                                                  builds/obj/video/screen.o
                                                  builds/obj/system/RTC.o
                                                  builds/obj/system/CPU.o
                                                  builds/obj/system/tasks.o
                                                  builds/obj/system/debug.o
                                                  builds/obj/system/memory.o
                                                  builds/obj/system/PCI.o
                                                  builds/obj/system/interrupts.o
                                                  builds/obj/io/storage.o
                                                  builds/obj/io/serial.o
                                                  builds/obj/drivers/FATFilesystem.o
                                                  builds/obj/drivers/IDEController.o
                                                  builds/obj/drivers/PS2Controller.o
                                                  builds/obj/api/misc.o
                                                  builds/obj/kernel.o
tSystem.versionMajor                              builds/obj/system/globals.o
                                                  builds/obj/video/screen.o
                                                  builds/obj/system/RTC.o
                                                  builds/obj/system/CPU.o
                                                  builds/obj/system/tasks.o
                                                  builds/obj/system/debug.o
                                                  builds/obj/system/memory.o
                                                  builds/obj/system/PCI.o
                                                  builds/obj/system/interrupts.o
                                                  builds/obj/io/storage.o
                                                  builds/obj/io/serial.o
                                                  builds/obj/drivers/FATFilesystem.o
                                                  builds/obj/drivers/IDEController.o
                                                  builds/obj/drivers/PS2Controller.o
                                                  builds/obj/api/misc.o
                                                  builds/obj/kernel.o
tSystem.versionMinor                              builds/obj/system/globals.o
                                                  builds/obj/video/screen.o
                                                  builds/obj/system/RTC.o
                                                  builds/obj/system/CPU.o
                                                  builds/obj/system/tasks.o
                                                  builds/obj/system/debug.o
                                                  builds/obj/system/memory.o
                                                  builds/obj/system/PCI.o
                                                  builds/obj/system/interrupts.o
                                                  builds/obj/io/storage.o
                                                  builds/obj/io/serial.o
                                                  builds/obj/drivers/FATFilesystem.o
                                                  builds/obj/drivers/IDEController.o
                                                  builds/obj/drivers/PS2Controller.o
                                                  builds/obj/api/misc.o
                                                  builds/obj/kernel.o
tss.back_link                                     builds/obj/kernel.o
                                                  builds/obj/system/tasks.o
tss.cr3                                           builds/obj/kernel.o
                                                  builds/obj/system/tasks.o
tss.cs                                            builds/obj/kernel.o
                                                  builds/obj/system/tasks.o
tss.ds                                            builds/obj/kernel.o
                                                  builds/obj/system/tasks.o
tss.eax                                           builds/obj/kernel.o
                                                  builds/obj/system/tasks.o
tss.ebp                                           builds/obj/kernel.o
                                                  builds/obj/system/tasks.o
tss.ebx                                           builds/obj/kernel.o
                                                  builds/obj/system/tasks.o
tss.ecx                                           builds/obj/kernel.o
                                                  builds/obj/system/tasks.o
tss.edi                                           builds/obj/kernel.o
                                                  builds/obj/system/tasks.o
tss.edx                                           builds/obj/kernel.o
                                                  builds/obj/system/tasks.o
tss.eflags                                        builds/obj/kernel.o
                                                  builds/obj/system/tasks.o
tss.eip                                           builds/obj/kernel.o
                                                  builds/obj/system/tasks.o
tss.end                                           builds/obj/kernel.o
                                                  builds/obj/system/tasks.o
tss.es                                            builds/obj/kernel.o
                                                  builds/obj/system/tasks.o
tss.esi                                           builds/obj/kernel.o
                                                  builds/obj/system/tasks.o
tss.esp                                           builds/obj/kernel.o
                                                  builds/obj/system/tasks.o
tss.esp0                                          builds/obj/kernel.o
                                                  builds/obj/system/tasks.o
tss.esp1                                          builds/obj/kernel.o
                                                  builds/obj/system/tasks.o
tss.esp2                                          builds/obj/kernel.o
                                                  builds/obj/system/tasks.o
tss.fs                                            builds/obj/kernel.o
                                                  builds/obj/system/tasks.o
tss.gs                                            builds/obj/kernel.o
                                                  builds/obj/system/tasks.o
tss.iomap_base                                    builds/obj/kernel.o
                                                  builds/obj/system/tasks.o
tss.ldt                                           builds/obj/kernel.o
                                                  builds/obj/system/tasks.o
tss.ss                                            builds/obj/kernel.o
                                                  builds/obj/system/tasks.o
tss.ss0                                           builds/obj/kernel.o
                                                  builds/obj/system/tasks.o
tss.ss1                                           builds/obj/kernel.o
                                                  builds/obj/system/tasks.o
tss.ss2                                           builds/obj/kernel.o
                                                  builds/obj/system/tasks.o
tss.trap                                          builds/obj/kernel.o
                                                  builds/obj/system/tasks.o
